<?xml version="1.0" encoding="ISO-8859-1" ?>
<link_info>
   <banner>TI ARM Linker Unix v20.2.7.LTS</banner>
   <copyright>Copyright (c) 1996-2018 Texas Instruments Incorporated</copyright>
   <link_time>0x680601b1</link_time>
   <link_errors>0x0</link_errors>
   <output_file>lab2.out</output_file>
   <entry_point>
      <name>_c_int00_noargs</name>
      <address>0x2000900d</address>
   </entry_point>
   <input_file_list>
      <input_file id="fl-1">
         <path>./</path>
         <kind>object</kind>
         <file>Adafruit_GFX.obj</file>
         <name>Adafruit_GFX.obj</name>
      </input_file>
      <input_file id="fl-2">
         <path>./</path>
         <kind>object</kind>
         <file>Adafruit_OLED.obj</file>
         <name>Adafruit_OLED.obj</name>
      </input_file>
      <input_file id="fl-3">
         <path>./</path>
         <kind>object</kind>
         <file>i2c_if.obj</file>
         <name>i2c_if.obj</name>
      </input_file>
      <input_file id="fl-4">
         <path>./</path>
         <kind>object</kind>
         <file>main.obj</file>
         <name>main.obj</name>
      </input_file>
      <input_file id="fl-5">
         <path>./</path>
         <kind>object</kind>
         <file>oled_test.obj</file>
         <name>oled_test.obj</name>
      </input_file>
      <input_file id="fl-6">
         <path>./</path>
         <kind>object</kind>
         <file>pin_mux_config.obj</file>
         <name>pin_mux_config.obj</name>
      </input_file>
      <input_file id="fl-7">
         <path>./</path>
         <kind>object</kind>
         <file>startup_ccs.obj</file>
         <name>startup_ccs.obj</name>
      </input_file>
      <input_file id="fl-8">
         <path>./</path>
         <kind>object</kind>
         <file>uart_if.obj</file>
         <name>uart_if.obj</name>
      </input_file>
      <input_file id="fl-d">
         <kind>object</kind>
         <file>&lt;internal&gt;</file>
         <name>&lt;internal&gt;</name>
      </input_file>
      <input_file id="fl-e">
         <path>/Applications/TI/lib/cc3200sdk_1.5.0/cc3200-sdk/driverlib/ccs/Release/</path>
         <kind>archive</kind>
         <file>driverlib.a</file>
         <name>gpio.obj</name>
      </input_file>
      <input_file id="fl-f">
         <path>/Applications/TI/lib/cc3200sdk_1.5.0/cc3200-sdk/driverlib/ccs/Release/</path>
         <kind>archive</kind>
         <file>driverlib.a</file>
         <name>i2c.obj</name>
      </input_file>
      <input_file id="fl-10">
         <path>/Applications/TI/lib/cc3200sdk_1.5.0/cc3200-sdk/driverlib/ccs/Release/</path>
         <kind>archive</kind>
         <file>driverlib.a</file>
         <name>interrupt.obj</name>
      </input_file>
      <input_file id="fl-11">
         <path>/Applications/TI/lib/cc3200sdk_1.5.0/cc3200-sdk/driverlib/ccs/Release/</path>
         <kind>archive</kind>
         <file>driverlib.a</file>
         <name>pin.obj</name>
      </input_file>
      <input_file id="fl-12">
         <path>/Applications/TI/lib/cc3200sdk_1.5.0/cc3200-sdk/driverlib/ccs/Release/</path>
         <kind>archive</kind>
         <file>driverlib.a</file>
         <name>prcm.obj</name>
      </input_file>
      <input_file id="fl-13">
         <path>/Applications/TI/lib/cc3200sdk_1.5.0/cc3200-sdk/driverlib/ccs/Release/</path>
         <kind>archive</kind>
         <file>driverlib.a</file>
         <name>spi.obj</name>
      </input_file>
      <input_file id="fl-14">
         <path>/Applications/TI/lib/cc3200sdk_1.5.0/cc3200-sdk/driverlib/ccs/Release/</path>
         <kind>archive</kind>
         <file>driverlib.a</file>
         <name>uart.obj</name>
      </input_file>
      <input_file id="fl-15">
         <path>/Applications/TI/lib/cc3200sdk_1.5.0/cc3200-sdk/driverlib/ccs/Release/</path>
         <kind>archive</kind>
         <file>driverlib.a</file>
         <name>utils.obj</name>
      </input_file>
      <input_file id="fl-16">
         <path>/Applications/TI/lib/cc3200sdk_1.5.0/cc3200-sdk/driverlib/ccs/Release/</path>
         <kind>archive</kind>
         <file>driverlib.a</file>
         <name>cpu.obj</name>
      </input_file>
      <input_file id="fl-17">
         <path>/Applications/TI/lib/cc3200sdk_1.5.0/cc3200-sdk/driverlib/ccs/Release/</path>
         <kind>archive</kind>
         <file>driverlib.a</file>
         <name>flash.obj</name>
      </input_file>
      <input_file id="fl-cd">
         <path>/Applications/TI/ccs/tools/compiler/ti-cgt-arm_20.2.7.LTS/lib/</path>
         <kind>archive</kind>
         <file>rtsv7M4_T_le_eabi.lib</file>
         <name>printf.c.obj</name>
      </input_file>
      <input_file id="fl-ce">
         <path>/Applications/TI/ccs/tools/compiler/ti-cgt-arm_20.2.7.LTS/lib/</path>
         <kind>archive</kind>
         <file>rtsv7M4_T_le_eabi.lib</file>
         <name>_printfi.c.obj</name>
      </input_file>
      <input_file id="fl-cf">
         <path>/Applications/TI/ccs/tools/compiler/ti-cgt-arm_20.2.7.LTS/lib/</path>
         <kind>archive</kind>
         <file>rtsv7M4_T_le_eabi.lib</file>
         <name>vsnprintf.c.obj</name>
      </input_file>
      <input_file id="fl-d0">
         <path>/Applications/TI/ccs/tools/compiler/ti-cgt-arm_20.2.7.LTS/lib/</path>
         <kind>archive</kind>
         <file>rtsv7M4_T_le_eabi.lib</file>
         <name>fputc.c.obj</name>
      </input_file>
      <input_file id="fl-d1">
         <path>/Applications/TI/ccs/tools/compiler/ti-cgt-arm_20.2.7.LTS/lib/</path>
         <kind>archive</kind>
         <file>rtsv7M4_T_le_eabi.lib</file>
         <name>fputs.c.obj</name>
      </input_file>
      <input_file id="fl-d2">
         <path>/Applications/TI/ccs/tools/compiler/ti-cgt-arm_20.2.7.LTS/lib/</path>
         <kind>archive</kind>
         <file>rtsv7M4_T_le_eabi.lib</file>
         <name>_io_perm.c.obj</name>
      </input_file>
      <input_file id="fl-d3">
         <path>/Applications/TI/ccs/tools/compiler/ti-cgt-arm_20.2.7.LTS/lib/</path>
         <kind>archive</kind>
         <file>rtsv7M4_T_le_eabi.lib</file>
         <name>setvbuf.c.obj</name>
      </input_file>
      <input_file id="fl-d4">
         <path>/Applications/TI/ccs/tools/compiler/ti-cgt-arm_20.2.7.LTS/lib/</path>
         <kind>archive</kind>
         <file>rtsv7M4_T_le_eabi.lib</file>
         <name>fd_add_t2.asm.obj</name>
      </input_file>
      <input_file id="fl-d5">
         <path>/Applications/TI/ccs/tools/compiler/ti-cgt-arm_20.2.7.LTS/lib/</path>
         <kind>archive</kind>
         <file>rtsv7M4_T_le_eabi.lib</file>
         <name>fd_cmp_t2.asm.obj</name>
      </input_file>
      <input_file id="fl-d6">
         <path>/Applications/TI/ccs/tools/compiler/ti-cgt-arm_20.2.7.LTS/lib/</path>
         <kind>archive</kind>
         <file>rtsv7M4_T_le_eabi.lib</file>
         <name>fd_div_t2.asm.obj</name>
      </input_file>
      <input_file id="fl-d7">
         <path>/Applications/TI/ccs/tools/compiler/ti-cgt-arm_20.2.7.LTS/lib/</path>
         <kind>archive</kind>
         <file>rtsv7M4_T_le_eabi.lib</file>
         <name>fd_mul_t2.asm.obj</name>
      </input_file>
      <input_file id="fl-d8">
         <path>/Applications/TI/ccs/tools/compiler/ti-cgt-arm_20.2.7.LTS/lib/</path>
         <kind>archive</kind>
         <file>rtsv7M4_T_le_eabi.lib</file>
         <name>fd_toi_t2.asm.obj</name>
      </input_file>
      <input_file id="fl-d9">
         <path>/Applications/TI/ccs/tools/compiler/ti-cgt-arm_20.2.7.LTS/lib/</path>
         <kind>archive</kind>
         <file>rtsv7M4_T_le_eabi.lib</file>
         <name>fs_add_t2.asm.obj</name>
      </input_file>
      <input_file id="fl-da">
         <path>/Applications/TI/ccs/tools/compiler/ti-cgt-arm_20.2.7.LTS/lib/</path>
         <kind>archive</kind>
         <file>rtsv7M4_T_le_eabi.lib</file>
         <name>fs_div_t2.asm.obj</name>
      </input_file>
      <input_file id="fl-db">
         <path>/Applications/TI/ccs/tools/compiler/ti-cgt-arm_20.2.7.LTS/lib/</path>
         <kind>archive</kind>
         <file>rtsv7M4_T_le_eabi.lib</file>
         <name>fs_mul_t2.asm.obj</name>
      </input_file>
      <input_file id="fl-dc">
         <path>/Applications/TI/ccs/tools/compiler/ti-cgt-arm_20.2.7.LTS/lib/</path>
         <kind>archive</kind>
         <file>rtsv7M4_T_le_eabi.lib</file>
         <name>fs_toi_t2.asm.obj</name>
      </input_file>
      <input_file id="fl-dd">
         <path>/Applications/TI/ccs/tools/compiler/ti-cgt-arm_20.2.7.LTS/lib/</path>
         <kind>archive</kind>
         <file>rtsv7M4_T_le_eabi.lib</file>
         <name>i_tofd_t2.asm.obj</name>
      </input_file>
      <input_file id="fl-de">
         <path>/Applications/TI/ccs/tools/compiler/ti-cgt-arm_20.2.7.LTS/lib/</path>
         <kind>archive</kind>
         <file>rtsv7M4_T_le_eabi.lib</file>
         <name>i_tofs_t2.asm.obj</name>
      </input_file>
      <input_file id="fl-df">
         <path>/Applications/TI/ccs/tools/compiler/ti-cgt-arm_20.2.7.LTS/lib/</path>
         <kind>archive</kind>
         <file>rtsv7M4_T_le_eabi.lib</file>
         <name>memcpy_t2.asm.obj</name>
      </input_file>
      <input_file id="fl-e0">
         <path>/Applications/TI/ccs/tools/compiler/ti-cgt-arm_20.2.7.LTS/lib/</path>
         <kind>archive</kind>
         <file>rtsv7M4_T_le_eabi.lib</file>
         <name>memset_t2.asm.obj</name>
      </input_file>
      <input_file id="fl-e1">
         <path>/Applications/TI/ccs/tools/compiler/ti-cgt-arm_20.2.7.LTS/lib/</path>
         <kind>archive</kind>
         <file>rtsv7M4_T_le_eabi.lib</file>
         <name>ull_div_t2.asm.obj</name>
      </input_file>
      <input_file id="fl-e2">
         <path>/Applications/TI/ccs/tools/compiler/ti-cgt-arm_20.2.7.LTS/lib/</path>
         <kind>archive</kind>
         <file>rtsv7M4_T_le_eabi.lib</file>
         <name>copy_zero_init.c.obj</name>
      </input_file>
      <input_file id="fl-e3">
         <path>/Applications/TI/ccs/tools/compiler/ti-cgt-arm_20.2.7.LTS/lib/</path>
         <kind>archive</kind>
         <file>rtsv7M4_T_le_eabi.lib</file>
         <name>copy_decompress_none.c.obj</name>
      </input_file>
      <input_file id="fl-e4">
         <path>/Applications/TI/ccs/tools/compiler/ti-cgt-arm_20.2.7.LTS/lib/</path>
         <kind>archive</kind>
         <file>rtsv7M4_T_le_eabi.lib</file>
         <name>copy_decompress_lzss.c.obj</name>
      </input_file>
      <input_file id="fl-e5">
         <path>/Applications/TI/ccs/tools/compiler/ti-cgt-arm_20.2.7.LTS/lib/</path>
         <kind>archive</kind>
         <file>rtsv7M4_T_le_eabi.lib</file>
         <name>exit.c.obj</name>
      </input_file>
      <input_file id="fl-e6">
         <path>/Applications/TI/ccs/tools/compiler/ti-cgt-arm_20.2.7.LTS/lib/</path>
         <kind>archive</kind>
         <file>rtsv7M4_T_le_eabi.lib</file>
         <name>_lock.c.obj</name>
      </input_file>
      <input_file id="fl-e7">
         <path>/Applications/TI/ccs/tools/compiler/ti-cgt-arm_20.2.7.LTS/lib/</path>
         <kind>archive</kind>
         <file>rtsv7M4_T_le_eabi.lib</file>
         <name>_ltoa.c.obj</name>
      </input_file>
      <input_file id="fl-e8">
         <path>/Applications/TI/ccs/tools/compiler/ti-cgt-arm_20.2.7.LTS/lib/</path>
         <kind>archive</kind>
         <file>rtsv7M4_T_le_eabi.lib</file>
         <name>atoi.c.obj</name>
      </input_file>
      <input_file id="fl-e9">
         <path>/Applications/TI/ccs/tools/compiler/ti-cgt-arm_20.2.7.LTS/lib/</path>
         <kind>archive</kind>
         <file>rtsv7M4_T_le_eabi.lib</file>
         <name>ctype.c.obj</name>
      </input_file>
      <input_file id="fl-ea">
         <path>/Applications/TI/ccs/tools/compiler/ti-cgt-arm_20.2.7.LTS/lib/</path>
         <kind>archive</kind>
         <file>rtsv7M4_T_le_eabi.lib</file>
         <name>defs.c.obj</name>
      </input_file>
      <input_file id="fl-eb">
         <path>/Applications/TI/ccs/tools/compiler/ti-cgt-arm_20.2.7.LTS/lib/</path>
         <kind>archive</kind>
         <file>rtsv7M4_T_le_eabi.lib</file>
         <name>memccpy.c.obj</name>
      </input_file>
      <input_file id="fl-ec">
         <path>/Applications/TI/ccs/tools/compiler/ti-cgt-arm_20.2.7.LTS/lib/</path>
         <kind>archive</kind>
         <file>rtsv7M4_T_le_eabi.lib</file>
         <name>memchr.c.obj</name>
      </input_file>
      <input_file id="fl-ed">
         <path>/Applications/TI/ccs/tools/compiler/ti-cgt-arm_20.2.7.LTS/lib/</path>
         <kind>archive</kind>
         <file>rtsv7M4_T_le_eabi.lib</file>
         <name>memmov.c.obj</name>
      </input_file>
      <input_file id="fl-ee">
         <path>/Applications/TI/ccs/tools/compiler/ti-cgt-arm_20.2.7.LTS/lib/</path>
         <kind>archive</kind>
         <file>rtsv7M4_T_le_eabi.lib</file>
         <name>memory.c.obj</name>
      </input_file>
      <input_file id="fl-ef">
         <path>/Applications/TI/ccs/tools/compiler/ti-cgt-arm_20.2.7.LTS/lib/</path>
         <kind>archive</kind>
         <file>rtsv7M4_T_le_eabi.lib</file>
         <name>rand.c.obj</name>
      </input_file>
      <input_file id="fl-f0">
         <path>/Applications/TI/ccs/tools/compiler/ti-cgt-arm_20.2.7.LTS/lib/</path>
         <kind>archive</kind>
         <file>rtsv7M4_T_le_eabi.lib</file>
         <name>strchr.c.obj</name>
      </input_file>
      <input_file id="fl-f1">
         <path>/Applications/TI/ccs/tools/compiler/ti-cgt-arm_20.2.7.LTS/lib/</path>
         <kind>archive</kind>
         <file>rtsv7M4_T_le_eabi.lib</file>
         <name>strlen.c.obj</name>
      </input_file>
      <input_file id="fl-f2">
         <path>/Applications/TI/ccs/tools/compiler/ti-cgt-arm_20.2.7.LTS/lib/</path>
         <kind>archive</kind>
         <file>rtsv7M4_T_le_eabi.lib</file>
         <name>boot_cortex_m.c.obj</name>
      </input_file>
      <input_file id="fl-f3">
         <path>/Applications/TI/ccs/tools/compiler/ti-cgt-arm_20.2.7.LTS/lib/</path>
         <kind>archive</kind>
         <file>rtsv7M4_T_le_eabi.lib</file>
         <name>write.c.obj</name>
      </input_file>
      <input_file id="fl-f4">
         <path>/Applications/TI/ccs/tools/compiler/ti-cgt-arm_20.2.7.LTS/lib/</path>
         <kind>archive</kind>
         <file>rtsv7M4_T_le_eabi.lib</file>
         <name>host_device.c.obj</name>
      </input_file>
      <input_file id="fl-f5">
         <path>/Applications/TI/ccs/tools/compiler/ti-cgt-arm_20.2.7.LTS/lib/</path>
         <kind>archive</kind>
         <file>rtsv7M4_T_le_eabi.lib</file>
         <name>errno.c.obj</name>
      </input_file>
      <input_file id="fl-f6">
         <path>/Applications/TI/ccs/tools/compiler/ti-cgt-arm_20.2.7.LTS/lib/</path>
         <kind>archive</kind>
         <file>rtsv7M4_T_le_eabi.lib</file>
         <name>wcslen.c.obj</name>
      </input_file>
      <input_file id="fl-f7">
         <path>/Applications/TI/ccs/tools/compiler/ti-cgt-arm_20.2.7.LTS/lib/</path>
         <kind>archive</kind>
         <file>rtsv7M4_T_le_eabi.lib</file>
         <name>s_frexp.c.obj</name>
      </input_file>
      <input_file id="fl-f8">
         <path>/Applications/TI/ccs/tools/compiler/ti-cgt-arm_20.2.7.LTS/lib/</path>
         <kind>archive</kind>
         <file>rtsv7M4_T_le_eabi.lib</file>
         <name>s_scalbn.c.obj</name>
      </input_file>
      <input_file id="fl-f9">
         <path>/Applications/TI/ccs/tools/compiler/ti-cgt-arm_20.2.7.LTS/lib/</path>
         <kind>archive</kind>
         <file>rtsv7M4_T_le_eabi.lib</file>
         <name>fflush.c.obj</name>
      </input_file>
      <input_file id="fl-fa">
         <path>/Applications/TI/ccs/tools/compiler/ti-cgt-arm_20.2.7.LTS/lib/</path>
         <kind>archive</kind>
         <file>rtsv7M4_T_le_eabi.lib</file>
         <name>fopen.c.obj</name>
      </input_file>
      <input_file id="fl-fb">
         <path>/Applications/TI/ccs/tools/compiler/ti-cgt-arm_20.2.7.LTS/lib/</path>
         <kind>archive</kind>
         <file>rtsv7M4_T_le_eabi.lib</file>
         <name>fseek.c.obj</name>
      </input_file>
      <input_file id="fl-fc">
         <path>/Applications/TI/ccs/tools/compiler/ti-cgt-arm_20.2.7.LTS/lib/</path>
         <kind>archive</kind>
         <file>rtsv7M4_T_le_eabi.lib</file>
         <name>div0.asm.obj</name>
      </input_file>
      <input_file id="fl-fd">
         <path>/Applications/TI/ccs/tools/compiler/ti-cgt-arm_20.2.7.LTS/lib/</path>
         <kind>archive</kind>
         <file>rtsv7M4_T_le_eabi.lib</file>
         <name>autoinit.c.obj</name>
      </input_file>
      <input_file id="fl-fe">
         <path>/Applications/TI/ccs/tools/compiler/ti-cgt-arm_20.2.7.LTS/lib/</path>
         <kind>archive</kind>
         <file>rtsv7M4_T_le_eabi.lib</file>
         <name>pre_init.c.obj</name>
      </input_file>
      <input_file id="fl-ff">
         <path>/Applications/TI/ccs/tools/compiler/ti-cgt-arm_20.2.7.LTS/lib/</path>
         <kind>archive</kind>
         <file>rtsv7M4_T_le_eabi.lib</file>
         <name>cpy_tbl.c.obj</name>
      </input_file>
      <input_file id="fl-100">
         <path>/Applications/TI/ccs/tools/compiler/ti-cgt-arm_20.2.7.LTS/lib/</path>
         <kind>archive</kind>
         <file>rtsv7M4_T_le_eabi.lib</file>
         <name>args_main.c.obj</name>
      </input_file>
      <input_file id="fl-101">
         <path>/Applications/TI/ccs/tools/compiler/ti-cgt-arm_20.2.7.LTS/lib/</path>
         <kind>archive</kind>
         <file>rtsv7M4_T_le_eabi.lib</file>
         <name>hostclose.c.obj</name>
      </input_file>
      <input_file id="fl-102">
         <path>/Applications/TI/ccs/tools/compiler/ti-cgt-arm_20.2.7.LTS/lib/</path>
         <kind>archive</kind>
         <file>rtsv7M4_T_le_eabi.lib</file>
         <name>hostlseek.c.obj</name>
      </input_file>
      <input_file id="fl-103">
         <path>/Applications/TI/ccs/tools/compiler/ti-cgt-arm_20.2.7.LTS/lib/</path>
         <kind>archive</kind>
         <file>rtsv7M4_T_le_eabi.lib</file>
         <name>hostopen.c.obj</name>
      </input_file>
      <input_file id="fl-104">
         <path>/Applications/TI/ccs/tools/compiler/ti-cgt-arm_20.2.7.LTS/lib/</path>
         <kind>archive</kind>
         <file>rtsv7M4_T_le_eabi.lib</file>
         <name>hostread.c.obj</name>
      </input_file>
      <input_file id="fl-105">
         <path>/Applications/TI/ccs/tools/compiler/ti-cgt-arm_20.2.7.LTS/lib/</path>
         <kind>archive</kind>
         <file>rtsv7M4_T_le_eabi.lib</file>
         <name>hostrename.c.obj</name>
      </input_file>
      <input_file id="fl-106">
         <path>/Applications/TI/ccs/tools/compiler/ti-cgt-arm_20.2.7.LTS/lib/</path>
         <kind>archive</kind>
         <file>rtsv7M4_T_le_eabi.lib</file>
         <name>hostunlink.c.obj</name>
      </input_file>
      <input_file id="fl-107">
         <path>/Applications/TI/ccs/tools/compiler/ti-cgt-arm_20.2.7.LTS/lib/</path>
         <kind>archive</kind>
         <file>rtsv7M4_T_le_eabi.lib</file>
         <name>hostwrite.c.obj</name>
      </input_file>
      <input_file id="fl-108">
         <path>/Applications/TI/ccs/tools/compiler/ti-cgt-arm_20.2.7.LTS/lib/</path>
         <kind>archive</kind>
         <file>rtsv7M4_T_le_eabi.lib</file>
         <name>trgmsg.c.obj</name>
      </input_file>
      <input_file id="fl-109">
         <path>/Applications/TI/ccs/tools/compiler/ti-cgt-arm_20.2.7.LTS/lib/</path>
         <kind>archive</kind>
         <file>rtsv7M4_T_le_eabi.lib</file>
         <name>open.c.obj</name>
      </input_file>
      <input_file id="fl-10a">
         <path>/Applications/TI/ccs/tools/compiler/ti-cgt-arm_20.2.7.LTS/lib/</path>
         <kind>archive</kind>
         <file>rtsv7M4_T_le_eabi.lib</file>
         <name>lseek.c.obj</name>
      </input_file>
      <input_file id="fl-10b">
         <path>/Applications/TI/ccs/tools/compiler/ti-cgt-arm_20.2.7.LTS/lib/</path>
         <kind>archive</kind>
         <file>rtsv7M4_T_le_eabi.lib</file>
         <name>s_copysign.c.obj</name>
      </input_file>
      <input_file id="fl-10c">
         <path>/Applications/TI/ccs/tools/compiler/ti-cgt-arm_20.2.7.LTS/lib/</path>
         <kind>archive</kind>
         <file>rtsv7M4_T_le_eabi.lib</file>
         <name>fclose.c.obj</name>
      </input_file>
      <input_file id="fl-10d">
         <path>/Applications/TI/ccs/tools/compiler/ti-cgt-arm_20.2.7.LTS/lib/</path>
         <kind>archive</kind>
         <file>rtsv7M4_T_le_eabi.lib</file>
         <name>getdevice.c.obj</name>
      </input_file>
      <input_file id="fl-10e">
         <path>/Applications/TI/ccs/tools/compiler/ti-cgt-arm_20.2.7.LTS/lib/</path>
         <kind>archive</kind>
         <file>rtsv7M4_T_le_eabi.lib</file>
         <name>strcmp.c.obj</name>
      </input_file>
      <input_file id="fl-10f">
         <path>/Applications/TI/ccs/tools/compiler/ti-cgt-arm_20.2.7.LTS/lib/</path>
         <kind>archive</kind>
         <file>rtsv7M4_T_le_eabi.lib</file>
         <name>strcpy.c.obj</name>
      </input_file>
      <input_file id="fl-110">
         <path>/Applications/TI/ccs/tools/compiler/ti-cgt-arm_20.2.7.LTS/lib/</path>
         <kind>archive</kind>
         <file>rtsv7M4_T_le_eabi.lib</file>
         <name>strncpy.c.obj</name>
      </input_file>
      <input_file id="fl-111">
         <path>/Applications/TI/ccs/tools/compiler/ti-cgt-arm_20.2.7.LTS/lib/</path>
         <kind>archive</kind>
         <file>rtsv7M4_T_le_eabi.lib</file>
         <name>remove.c.obj</name>
      </input_file>
      <input_file id="fl-112">
         <path>/Applications/TI/ccs/tools/compiler/ti-cgt-arm_20.2.7.LTS/lib/</path>
         <kind>archive</kind>
         <file>rtsv7M4_T_le_eabi.lib</file>
         <name>close.c.obj</name>
      </input_file>
      <input_file id="fl-113">
         <path>/Applications/TI/ccs/tools/compiler/ti-cgt-arm_20.2.7.LTS/lib/</path>
         <kind>archive</kind>
         <file>rtsv7M4_T_le_eabi.lib</file>
         <name>unlink.c.obj</name>
      </input_file>
   </input_file_list>
   <object_component_list>
      <object_component id="oc-12">
         <name>.intvecs</name>
         <load_address>0x20004000</load_address>
         <run_address>0x20004000</run_address>
         <size>0x400</size>
         <input_file_ref idref="fl-7"/>
      </object_component>
      <object_component id="oc-d1">
         <name>.text</name>
         <load_address>0x20004400</load_address>
         <run_address>0x20004400</run_address>
         <size>0xa80</size>
         <input_file_ref idref="fl-1"/>
      </object_component>
      <object_component id="oc-209">
         <name>.text:__TI_printfi</name>
         <load_address>0x20004e80</load_address>
         <run_address>0x20004e80</run_address>
         <size>0xa4e</size>
         <input_file_ref idref="fl-ce"/>
      </object_component>
      <object_component id="oc-2ec">
         <name>.text:_nop</name>
         <load_address>0x200058ce</load_address>
         <run_address>0x200058ce</run_address>
         <size>0x2</size>
         <input_file_ref idref="fl-e6"/>
      </object_component>
      <object_component id="oc-c5">
         <name>.text</name>
         <load_address>0x200058d0</load_address>
         <run_address>0x200058d0</run_address>
         <size>0x4a6</size>
         <input_file_ref idref="fl-2"/>
      </object_component>
      <object_component id="oc-4ca">
         <name>.text</name>
         <load_address>0x20005d76</load_address>
         <run_address>0x20005d76</run_address>
         <size>0x2</size>
         <input_file_ref idref="fl-fc"/>
      </object_component>
      <object_component id="oc-97">
         <name>.text</name>
         <load_address>0x20005d78</load_address>
         <run_address>0x20005d78</run_address>
         <size>0x35c</size>
         <input_file_ref idref="fl-4"/>
      </object_component>
      <object_component id="oc-d8">
         <name>.text</name>
         <load_address>0x200060d4</load_address>
         <run_address>0x200060d4</run_address>
         <size>0x2a0</size>
         <input_file_ref idref="fl-3"/>
      </object_component>
      <object_component id="oc-133">
         <name>.text</name>
         <load_address>0x20006374</load_address>
         <run_address>0x20006374</run_address>
         <size>0x27c</size>
         <input_file_ref idref="fl-8"/>
      </object_component>
      <object_component id="oc-33f">
         <name>.text:_pconv_a</name>
         <load_address>0x200065f0</load_address>
         <run_address>0x200065f0</run_address>
         <size>0x268</size>
         <input_file_ref idref="fl-ce"/>
      </object_component>
      <object_component id="oc-32d">
         <name>.text:_pconv_g</name>
         <load_address>0x20006858</load_address>
         <run_address>0x20006858</run_address>
         <size>0x1cc</size>
         <input_file_ref idref="fl-ce"/>
      </object_component>
      <object_component id="oc-436">
         <name>.text</name>
         <load_address>0x20006a24</load_address>
         <run_address>0x20006a24</run_address>
         <size>0x1b6</size>
         <input_file_ref idref="fl-d4"/>
      </object_component>
      <object_component id="oc-10f">
         <name>.text:PRCMCC3200MCUInit</name>
         <load_address>0x20006bdc</load_address>
         <run_address>0x20006bdc</run_address>
         <size>0x178</size>
         <input_file_ref idref="fl-12"/>
      </object_component>
      <object_component id="oc-339">
         <name>.text:_pconv_e</name>
         <load_address>0x20006d54</load_address>
         <run_address>0x20006d54</run_address>
         <size>0x13c</size>
         <input_file_ref idref="fl-ce"/>
      </object_component>
      <object_component id="oc-41c">
         <name>.text</name>
         <load_address>0x20006e90</load_address>
         <run_address>0x20006e90</run_address>
         <size>0x136</size>
         <input_file_ref idref="fl-d6"/>
      </object_component>
      <object_component id="oc-448">
         <name>.text:fcvt</name>
         <load_address>0x20006fc8</load_address>
         <run_address>0x20006fc8</run_address>
         <size>0x120</size>
         <input_file_ref idref="fl-ce"/>
      </object_component>
      <object_component id="oc-115">
         <name>.text</name>
         <load_address>0x200070e8</load_address>
         <run_address>0x200070e8</run_address>
         <size>0x11c</size>
         <input_file_ref idref="fl-6"/>
      </object_component>
      <object_component id="oc-367">
         <name>.text:fputs</name>
         <load_address>0x20007204</load_address>
         <run_address>0x20007204</run_address>
         <size>0x114</size>
         <input_file_ref idref="fl-d1"/>
      </object_component>
      <object_component id="oc-3c2">
         <name>.text:aligned_alloc</name>
         <load_address>0x20007318</load_address>
         <run_address>0x20007318</run_address>
         <size>0x100</size>
         <input_file_ref idref="fl-ee"/>
      </object_component>
      <object_component id="oc-417">
         <name>.text</name>
         <load_address>0x20007418</load_address>
         <run_address>0x20007418</run_address>
         <size>0xfc</size>
         <input_file_ref idref="fl-d7"/>
      </object_component>
      <object_component id="oc-f3">
         <name>.text</name>
         <load_address>0x20007514</load_address>
         <run_address>0x20007514</run_address>
         <size>0xfa</size>
         <input_file_ref idref="fl-d9"/>
      </object_component>
      <object_component id="oc-2a7">
         <name>.text:free</name>
         <load_address>0x20007610</load_address>
         <run_address>0x20007610</run_address>
         <size>0xe4</size>
         <input_file_ref idref="fl-ee"/>
      </object_component>
      <object_component id="oc-2a1">
         <name>.text:realloc</name>
         <load_address>0x200076f4</load_address>
         <run_address>0x200076f4</run_address>
         <size>0xe4</size>
         <input_file_ref idref="fl-ee"/>
      </object_component>
      <object_component id="oc-505">
         <name>.text:setvbuf</name>
         <load_address>0x200077d8</load_address>
         <run_address>0x200077d8</run_address>
         <size>0xdc</size>
         <input_file_ref idref="fl-d3"/>
      </object_component>
      <object_component id="oc-45c">
         <name>.text:scalbn</name>
         <load_address>0x200078b4</load_address>
         <run_address>0x200078b4</run_address>
         <size>0xd0</size>
         <input_file_ref idref="fl-f8"/>
      </object_component>
      <object_component id="oc-322">
         <name>.text:_ltostr</name>
         <load_address>0x20007984</load_address>
         <run_address>0x20007984</run_address>
         <size>0xb1</size>
         <input_file_ref idref="fl-ce"/>
      </object_component>
      <object_component id="oc-109">
         <name>.text:IntEnable</name>
         <load_address>0x20007a38</load_address>
         <run_address>0x20007a38</run_address>
         <size>0xa8</size>
         <input_file_ref idref="fl-10"/>
      </object_component>
      <object_component id="oc-127">
         <name>.text:SPIConfigSetExpClk</name>
         <load_address>0x20007ae0</load_address>
         <run_address>0x20007ae0</run_address>
         <size>0xa0</size>
         <input_file_ref idref="fl-13"/>
      </object_component>
      <object_component id="oc-3d">
         <name>.text</name>
         <load_address>0x20007b80</load_address>
         <run_address>0x20007b80</run_address>
         <size>0x9c</size>
         <input_file_ref idref="fl-df"/>
      </object_component>
      <object_component id="oc-410">
         <name>.text</name>
         <load_address>0x20007c1c</load_address>
         <run_address>0x20007c1c</run_address>
         <size>0x96</size>
         <input_file_ref idref="fl-e1"/>
      </object_component>
      <object_component id="oc-121">
         <name>.text:PRCMPeripheralClockGet</name>
         <load_address>0x20007cb4</load_address>
         <run_address>0x20007cb4</run_address>
         <size>0x94</size>
         <input_file_ref idref="fl-12"/>
      </object_component>
      <object_component id="oc-ee">
         <name>.text</name>
         <load_address>0x20007d48</load_address>
         <run_address>0x20007d48</run_address>
         <size>0x92</size>
         <input_file_ref idref="fl-da"/>
      </object_component>
      <object_component id="oc-36e">
         <name>.text:fputc</name>
         <load_address>0x20007ddc</load_address>
         <run_address>0x20007ddc</run_address>
         <size>0x8c</size>
         <input_file_ref idref="fl-d0"/>
      </object_component>
      <object_component id="oc-38c">
         <name>.text:PinConfigSet</name>
         <load_address>0x20007e68</load_address>
         <run_address>0x20007e68</run_address>
         <size>0x88</size>
         <input_file_ref idref="fl-11"/>
      </object_component>
      <object_component id="oc-328">
         <name>.text:__aeabi_cdcmple</name>
         <load_address>0x20007ef0</load_address>
         <run_address>0x20007ef0</run_address>
         <size>0x86</size>
         <input_file_ref idref="fl-d5"/>
      </object_component>
      <object_component id="oc-421">
         <name>.text:__aeabi_cdrcmple</name>
         <load_address>0x20007f76</load_address>
         <run_address>0x20007f76</run_address>
         <size>0x86</size>
         <input_file_ref idref="fl-d5"/>
      </object_component>
      <object_component id="oc-1f6">
         <name>.text:I2CMasterInitExpClk</name>
         <load_address>0x20007ffc</load_address>
         <run_address>0x20007ffc</run_address>
         <size>0x84</size>
         <input_file_ref idref="fl-f"/>
      </object_component>
      <object_component id="oc-e9">
         <name>.text</name>
         <load_address>0x20008080</load_address>
         <run_address>0x20008080</run_address>
         <size>0x7a</size>
         <input_file_ref idref="fl-db"/>
      </object_component>
      <object_component id="oc-8b">
         <name>.text</name>
         <load_address>0x200080fa</load_address>
         <run_address>0x200080fa</run_address>
         <size>0x7a</size>
         <input_file_ref idref="fl-e0"/>
      </object_component>
      <object_component id="oc-271">
         <name>.text:UARTConfigSetExpClk</name>
         <load_address>0x20008174</load_address>
         <run_address>0x20008174</run_address>
         <size>0x76</size>
         <input_file_ref idref="fl-14"/>
      </object_component>
      <object_component id="oc-567">
         <name>.text:__TI_closefile</name>
         <load_address>0x200081ec</load_address>
         <run_address>0x200081ec</run_address>
         <size>0x74</size>
         <input_file_ref idref="fl-10c"/>
      </object_component>
      <object_component id="oc-3cf">
         <name>.text:split</name>
         <load_address>0x20008260</load_address>
         <run_address>0x20008260</run_address>
         <size>0x70</size>
         <input_file_ref idref="fl-ee"/>
      </object_component>
      <object_component id="oc-441">
         <name>.text:_mcpy</name>
         <load_address>0x200082d0</load_address>
         <run_address>0x200082d0</run_address>
         <size>0x6e</size>
         <input_file_ref idref="fl-ce"/>
      </object_component>
      <object_component id="oc-597">
         <name>.text:HOSTrename</name>
         <load_address>0x20008340</load_address>
         <run_address>0x20008340</run_address>
         <size>0x6c</size>
         <input_file_ref idref="fl-105"/>
      </object_component>
      <object_component id="oc-58b">
         <name>.text:HOSTlseek</name>
         <load_address>0x200083ac</load_address>
         <run_address>0x200083ac</run_address>
         <size>0x68</size>
         <input_file_ref idref="fl-102"/>
      </object_component>
      <object_component id="oc-15">
         <name>.text:decompress:lzss:__TI_decompress_lzss</name>
         <load_address>0x20008414</load_address>
         <run_address>0x20008414</run_address>
         <size>0x68</size>
         <input_file_ref idref="fl-e4"/>
      </object_component>
      <object_component id="oc-de">
         <name>.text:printf</name>
         <load_address>0x2000847c</load_address>
         <run_address>0x2000847c</run_address>
         <size>0x68</size>
         <input_file_ref idref="fl-cd"/>
      </object_component>
      <object_component id="oc-4ff">
         <name>.text:fseek</name>
         <load_address>0x200084e4</load_address>
         <run_address>0x200084e4</run_address>
         <size>0x64</size>
         <input_file_ref idref="fl-fb"/>
      </object_component>
      <object_component id="oc-485">
         <name>.text:__TI_wrt_ok</name>
         <load_address>0x20008548</load_address>
         <run_address>0x20008548</run_address>
         <size>0x62</size>
         <input_file_ref idref="fl-d2"/>
      </object_component>
      <object_component id="oc-573">
         <name>.text:HOSTopen</name>
         <load_address>0x200085ac</load_address>
         <run_address>0x200085ac</run_address>
         <size>0x60</size>
         <input_file_ref idref="fl-103"/>
      </object_component>
      <object_component id="oc-5a3">
         <name>.text:close</name>
         <load_address>0x2000860c</load_address>
         <run_address>0x2000860c</run_address>
         <size>0x5c</size>
         <input_file_ref idref="fl-112"/>
      </object_component>
      <object_component id="oc-456">
         <name>.text:frexp</name>
         <load_address>0x20008668</load_address>
         <run_address>0x20008668</run_address>
         <size>0x5c</size>
         <input_file_ref idref="fl-f7"/>
      </object_component>
      <object_component id="oc-57f">
         <name>.text:HOSTread</name>
         <load_address>0x200086c4</load_address>
         <run_address>0x200086c4</run_address>
         <size>0x58</size>
         <input_file_ref idref="fl-104"/>
      </object_component>
      <object_component id="oc-585">
         <name>.text:HOSTwrite</name>
         <load_address>0x2000871c</load_address>
         <run_address>0x2000871c</run_address>
         <size>0x58</size>
         <input_file_ref idref="fl-107"/>
      </object_component>
      <object_component id="oc-1e4">
         <name>.text:PRCMPeripheralReset</name>
         <load_address>0x20008774</load_address>
         <run_address>0x20008774</run_address>
         <size>0x58</size>
         <input_file_ref idref="fl-12"/>
      </object_component>
      <object_component id="oc-333">
         <name>.text:_pconv_f</name>
         <load_address>0x200087cc</load_address>
         <run_address>0x200087cc</run_address>
         <size>0x56</size>
         <input_file_ref idref="fl-ce"/>
      </object_component>
      <object_component id="oc-42b">
         <name>.text:__TI_ltoa</name>
         <load_address>0x20008822</load_address>
         <run_address>0x20008822</run_address>
         <size>0x54</size>
         <input_file_ref idref="fl-e7"/>
      </object_component>
      <object_component id="oc-43b">
         <name>.text:_ecpy</name>
         <load_address>0x20008876</load_address>
         <run_address>0x20008876</run_address>
         <size>0x52</size>
         <input_file_ref idref="fl-ce"/>
      </object_component>
      <object_component id="oc-491">
         <name>.text:__TI_doflush</name>
         <load_address>0x200088c8</load_address>
         <run_address>0x200088c8</run_address>
         <size>0x4c</size>
         <input_file_ref idref="fl-f9"/>
      </object_component>
      <object_component id="oc-31c">
         <name>.text:atoi</name>
         <load_address>0x20008914</load_address>
         <run_address>0x20008914</run_address>
         <size>0x4c</size>
         <input_file_ref idref="fl-e8"/>
      </object_component>
      <object_component id="oc-147">
         <name>.text:exit</name>
         <load_address>0x20008960</load_address>
         <run_address>0x20008960</run_address>
         <size>0x48</size>
         <input_file_ref idref="fl-e5"/>
      </object_component>
      <object_component id="oc-426">
         <name>.text</name>
         <load_address>0x200089a8</load_address>
         <run_address>0x200089a8</run_address>
         <size>0x48</size>
         <input_file_ref idref="fl-d8"/>
      </object_component>
      <object_component id="oc-579">
         <name>.text:HOSTclose</name>
         <load_address>0x200089f0</load_address>
         <run_address>0x200089f0</run_address>
         <size>0x44</size>
         <input_file_ref idref="fl-101"/>
      </object_component>
      <object_component id="oc-591">
         <name>.text:HOSTunlink</name>
         <load_address>0x20008a34</load_address>
         <run_address>0x20008a34</run_address>
         <size>0x44</size>
         <input_file_ref idref="fl-106"/>
      </object_component>
      <object_component id="oc-14d">
         <name>.text:__TI_auto_init_nobinit_nopinit:__TI_auto_init_nobinit_nopinit</name>
         <load_address>0x20008a78</load_address>
         <run_address>0x20008a78</run_address>
         <size>0x44</size>
         <input_file_ref idref="fl-fd"/>
      </object_component>
      <object_component id="oc-5d8">
         <name>.text:getdevice</name>
         <load_address>0x20008abc</load_address>
         <run_address>0x20008abc</run_address>
         <size>0x44</size>
         <input_file_ref idref="fl-10d"/>
      </object_component>
      <object_component id="oc-24e">
         <name>.text:PinModeSet</name>
         <load_address>0x20008b00</load_address>
         <run_address>0x20008b00</run_address>
         <size>0x40</size>
         <input_file_ref idref="fl-11"/>
      </object_component>
      <object_component id="oc-27d">
         <name>.text:vsnprintf</name>
         <load_address>0x20008b40</load_address>
         <run_address>0x20008b40</run_address>
         <size>0x40</size>
         <input_file_ref idref="fl-cf"/>
      </object_component>
      <object_component id="oc-44e">
         <name>.text:_fcpy</name>
         <load_address>0x20008b80</load_address>
         <run_address>0x20008b80</run_address>
         <size>0x3e</size>
         <input_file_ref idref="fl-ce"/>
      </object_component>
      <object_component id="oc-1de">
         <name>.text:PRCMPeripheralClkEnable</name>
         <load_address>0x20008bc0</load_address>
         <run_address>0x20008bc0</run_address>
         <size>0x3c</size>
         <input_file_ref idref="fl-12"/>
      </object_component>
      <object_component id="oc-5b4">
         <name>.text:__TI_writemsg</name>
         <load_address>0x20008bfc</load_address>
         <run_address>0x20008bfc</run_address>
         <size>0x38</size>
         <input_file_ref idref="fl-108"/>
      </object_component>
      <object_component id="oc-f8">
         <name>.text</name>
         <load_address>0x20008c34</load_address>
         <run_address>0x20008c34</run_address>
         <size>0x38</size>
         <input_file_ref idref="fl-dc"/>
      </object_component>
      <object_component id="oc-e4">
         <name>.text</name>
         <load_address>0x20008c6c</load_address>
         <run_address>0x20008c6c</run_address>
         <size>0x38</size>
         <input_file_ref idref="fl-de"/>
      </object_component>
      <object_component id="oc-25a">
         <name>.text:GPIODirModeSet</name>
         <load_address>0x20008ca4</load_address>
         <run_address>0x20008ca4</run_address>
         <size>0x36</size>
         <input_file_ref idref="fl-e"/>
      </object_component>
      <object_component id="oc-5fa">
         <name>.text:strncpy</name>
         <load_address>0x20008cda</load_address>
         <run_address>0x20008cda</run_address>
         <size>0x36</size>
         <input_file_ref idref="fl-110"/>
      </object_component>
      <object_component id="oc-53e">
         <name>.text:__TI_cleanup</name>
         <load_address>0x20008d10</load_address>
         <run_address>0x20008d10</run_address>
         <size>0x34</size>
         <input_file_ref idref="fl-fa"/>
      </object_component>
      <object_component id="oc-5ba">
         <name>.text:__TI_readmsg</name>
         <load_address>0x20008d44</load_address>
         <run_address>0x20008d44</run_address>
         <size>0x34</size>
         <input_file_ref idref="fl-108"/>
      </object_component>
      <object_component id="oc-cb">
         <name>.text:rand</name>
         <load_address>0x20008d78</load_address>
         <run_address>0x20008d78</run_address>
         <size>0x34</size>
         <input_file_ref idref="fl-ef"/>
      </object_component>
      <object_component id="oc-254">
         <name>.text:PinTypeGPIO</name>
         <load_address>0x20008dac</load_address>
         <run_address>0x20008dac</run_address>
         <size>0x30</size>
         <input_file_ref idref="fl-11"/>
      </object_component>
      <object_component id="oc-396">
         <name>.text:UARTDisable</name>
         <load_address>0x20008ddc</load_address>
         <run_address>0x20008ddc</run_address>
         <size>0x30</size>
         <input_file_ref idref="fl-14"/>
      </object_component>
      <object_component id="oc-3a4">
         <name>.text:_outs</name>
         <load_address>0x20008e0c</load_address>
         <run_address>0x20008e0c</run_address>
         <size>0x30</size>
         <input_file_ref idref="fl-cf"/>
      </object_component>
      <object_component id="oc-600">
         <name>.text:finddevice</name>
         <load_address>0x20008e3c</load_address>
         <run_address>0x20008e3c</run_address>
         <size>0x30</size>
         <input_file_ref idref="fl-10d"/>
      </object_component>
      <object_component id="oc-431">
         <name>.text</name>
         <load_address>0x20008e6c</load_address>
         <run_address>0x20008e6c</run_address>
         <size>0x2e</size>
         <input_file_ref idref="fl-dd"/>
      </object_component>
      <object_component id="oc-1c6">
         <name>.text:I2CMasterErr</name>
         <load_address>0x20008e9a</load_address>
         <run_address>0x20008e9a</run_address>
         <size>0x2c</size>
         <input_file_ref idref="fl-f"/>
      </object_component>
      <object_component id="oc-23b">
         <name>.text:PRCMSysResetCauseGet</name>
         <load_address>0x20008ec8</load_address>
         <run_address>0x20008ec8</run_address>
         <size>0x2c</size>
         <input_file_ref idref="fl-12"/>
      </object_component>
      <object_component id="oc-5a9">
         <name>.text:unlink</name>
         <load_address>0x20008ef4</load_address>
         <run_address>0x20008ef4</run_address>
         <size>0x2c</size>
         <input_file_ref idref="fl-113"/>
      </object_component>
      <object_component id="oc-1fc">
         <name>.text:PRCMPeripheralClkDisable</name>
         <load_address>0x20008f20</load_address>
         <run_address>0x20008f20</run_address>
         <size>0x28</size>
         <input_file_ref idref="fl-12"/>
      </object_component>
      <object_component id="oc-3d6">
         <name>.text:free_list_insert</name>
         <load_address>0x20008f48</load_address>
         <run_address>0x20008f48</run_address>
         <size>0x28</size>
         <input_file_ref idref="fl-ee"/>
      </object_component>
      <object_component id="oc-536">
         <name>.text:lseek</name>
         <load_address>0x20008f70</load_address>
         <run_address>0x20008f70</run_address>
         <size>0x28</size>
         <input_file_ref idref="fl-10a"/>
      </object_component>
      <object_component id="oc-295">
         <name>.text:memmove</name>
         <load_address>0x20008f98</load_address>
         <run_address>0x20008f98</run_address>
         <size>0x28</size>
         <input_file_ref idref="fl-ed"/>
      </object_component>
      <object_component id="oc-497">
         <name>.text:write</name>
         <load_address>0x20008fc0</load_address>
         <run_address>0x20008fc0</run_address>
         <size>0x28</size>
         <input_file_ref idref="fl-f3"/>
      </object_component>
      <object_component id="oc-39c">
         <name>.text:UARTEnable</name>
         <load_address>0x20008fe8</load_address>
         <run_address>0x20008fe8</run_address>
         <size>0x24</size>
         <input_file_ref idref="fl-14"/>
      </object_component>
      <object_component id="oc-5b">
         <name>.text:_c_int00_noargs:_c_int00_noargs</name>
         <load_address>0x2000900c</load_address>
         <run_address>0x2000900c</run_address>
         <size>0x24</size>
         <input_file_ref idref="fl-f2"/>
      </object_component>
      <object_component id="oc-1cc">
         <name>.text:I2CMasterSlaveAddrSet</name>
         <load_address>0x20009030</load_address>
         <run_address>0x20009030</run_address>
         <size>0x22</size>
         <input_file_ref idref="fl-f"/>
      </object_component>
      <object_component id="oc-11b">
         <name>.text:SPIReset</name>
         <load_address>0x20009052</load_address>
         <run_address>0x20009052</run_address>
         <size>0x22</size>
         <input_file_ref idref="fl-13"/>
      </object_component>
      <object_component id="oc-17f">
         <name>.text:GPIOPinWrite</name>
         <load_address>0x20009074</load_address>
         <run_address>0x20009074</run_address>
         <size>0x20</size>
         <input_file_ref idref="fl-e"/>
      </object_component>
      <object_component id="oc-191">
         <name>.text:SPIDataGet</name>
         <load_address>0x20009094</load_address>
         <run_address>0x20009094</run_address>
         <size>0x20</size>
         <input_file_ref idref="fl-13"/>
      </object_component>
      <object_component id="oc-48b">
         <name>.text:memchr</name>
         <load_address>0x200090b4</load_address>
         <run_address>0x200090b4</run_address>
         <size>0x20</size>
         <input_file_ref idref="fl-ec"/>
      </object_component>
      <object_component id="oc-1c0">
         <name>.text:I2CMasterIntStatusEx</name>
         <load_address>0x200090d4</load_address>
         <run_address>0x200090d4</run_address>
         <size>0x1e</size>
         <input_file_ref idref="fl-f"/>
      </object_component>
      <object_component id="oc-18b">
         <name>.text:SPIDataPut</name>
         <load_address>0x200090f2</load_address>
         <run_address>0x200090f2</run_address>
         <size>0x1e</size>
         <input_file_ref idref="fl-13"/>
      </object_component>
      <object_component id="oc-277">
         <name>.text:UARTCharPut</name>
         <load_address>0x20009110</load_address>
         <run_address>0x20009110</run_address>
         <size>0x1e</size>
         <input_file_ref idref="fl-14"/>
      </object_component>
      <object_component id="oc-260">
         <name>.text:PinTypeI2C</name>
         <load_address>0x2000912e</load_address>
         <run_address>0x2000912e</run_address>
         <size>0x1c</size>
         <input_file_ref idref="fl-11"/>
      </object_component>
      <object_component id="oc-289">
         <name>.text:UARTCharGetNonBlocking</name>
         <load_address>0x2000914a</load_address>
         <run_address>0x2000914a</run_address>
         <size>0x1c</size>
         <input_file_ref idref="fl-14"/>
      </object_component>
      <object_component id="oc-49">
         <name>.text:decompress:ZI:__TI_zero_init_nomemset:__TI_zero_init_nomemset</name>
         <load_address>0x20009166</load_address>
         <run_address>0x20009166</run_address>
         <size>0x1c</size>
         <input_file_ref idref="fl-e2"/>
      </object_component>
      <object_component id="oc-3c9">
         <name>.text:free_list_remove</name>
         <load_address>0x20009184</load_address>
         <run_address>0x20009184</run_address>
         <size>0x1c</size>
         <input_file_ref idref="fl-ee"/>
      </object_component>
      <object_component id="oc-345">
         <name>.text:memccpy</name>
         <load_address>0x200091a0</load_address>
         <run_address>0x200091a0</run_address>
         <size>0x1c</size>
         <input_file_ref idref="fl-eb"/>
      </object_component>
      <object_component id="oc-266">
         <name>.text:PinTypeSPI</name>
         <load_address>0x200091bc</load_address>
         <run_address>0x200091bc</run_address>
         <size>0x1a</size>
         <input_file_ref idref="fl-11"/>
      </object_component>
      <object_component id="oc-1f0">
         <name>.text:I2CMasterIntEnableEx</name>
         <load_address>0x200091d6</load_address>
         <run_address>0x200091d6</run_address>
         <size>0x18</size>
         <input_file_ref idref="fl-f"/>
      </object_component>
      <object_component id="oc-197">
         <name>.text:SPICSDisable</name>
         <load_address>0x200091ee</load_address>
         <run_address>0x200091ee</run_address>
         <size>0x18</size>
         <input_file_ref idref="fl-13"/>
      </object_component>
      <object_component id="oc-185">
         <name>.text:SPICSEnable</name>
         <load_address>0x20009206</load_address>
         <run_address>0x20009206</run_address>
         <size>0x18</size>
         <input_file_ref idref="fl-13"/>
      </object_component>
      <object_component id="oc-12d">
         <name>.text:SPIEnable</name>
         <load_address>0x2000921e</load_address>
         <run_address>0x2000921e</run_address>
         <size>0x18</size>
         <input_file_ref idref="fl-13"/>
      </object_component>
      <object_component id="oc-283">
         <name>.text:UARTCharsAvail</name>
         <load_address>0x20009236</load_address>
         <run_address>0x20009236</run_address>
         <size>0x18</size>
         <input_file_ref idref="fl-14"/>
      </object_component>
      <object_component id="oc-3aa">
         <name>.text:_outc</name>
         <load_address>0x2000924e</load_address>
         <run_address>0x2000924e</run_address>
         <size>0x18</size>
         <input_file_ref idref="fl-cf"/>
      </object_component>
      <object_component id="oc-617">
         <name>.text:strcmp</name>
         <load_address>0x20009266</load_address>
         <run_address>0x20009266</run_address>
         <size>0x18</size>
         <input_file_ref idref="fl-10e"/>
      </object_component>
      <object_component id="oc-1d2">
         <name>.text:I2CMasterDataPut</name>
         <load_address>0x2000927e</load_address>
         <run_address>0x2000927e</run_address>
         <size>0x16</size>
         <input_file_ref idref="fl-f"/>
      </object_component>
      <object_component id="oc-1ea">
         <name>.text:I2CMasterEnable</name>
         <load_address>0x20009294</load_address>
         <run_address>0x20009294</run_address>
         <size>0x16</size>
         <input_file_ref idref="fl-f"/>
      </object_component>
      <object_component id="oc-1ae">
         <name>.text:I2CMasterIntClear</name>
         <load_address>0x200092aa</load_address>
         <run_address>0x200092aa</run_address>
         <size>0x16</size>
         <input_file_ref idref="fl-f"/>
      </object_component>
      <object_component id="oc-241">
         <name>.text:PRCMHIBRegRead</name>
         <load_address>0x200092c0</load_address>
         <run_address>0x200092c0</run_address>
         <size>0x16</size>
         <input_file_ref idref="fl-12"/>
      </object_component>
      <object_component id="oc-247">
         <name>.text:PRCMHIBRegWrite</name>
         <load_address>0x200092d6</load_address>
         <run_address>0x200092d6</run_address>
         <size>0x16</size>
         <input_file_ref idref="fl-12"/>
      </object_component>
      <object_component id="oc-462">
         <name>.text:strchr</name>
         <load_address>0x200092ec</load_address>
         <run_address>0x200092ec</run_address>
         <size>0x16</size>
         <input_file_ref idref="fl-f0"/>
      </object_component>
      <object_component id="oc-22b">
         <name>.text:CPUcpsie</name>
         <load_address>0x20009302</load_address>
         <run_address>0x20009302</run_address>
         <size>0x14</size>
         <input_file_ref idref="fl-16"/>
      </object_component>
      <object_component id="oc-fd">
         <name>.text:IntVTableBaseSet</name>
         <load_address>0x20009318</load_address>
         <run_address>0x20009318</run_address>
         <size>0x14</size>
         <input_file_ref idref="fl-10"/>
      </object_component>
      <object_component id="oc-5ce">
         <name>.text:strcpy</name>
         <load_address>0x2000932c</load_address>
         <run_address>0x2000932c</run_address>
         <size>0x14</size>
         <input_file_ref idref="fl-10f"/>
      </object_component>
      <object_component id="oc-28f">
         <name>.text:strlen</name>
         <load_address>0x20009340</load_address>
         <run_address>0x20009340</run_address>
         <size>0x14</size>
         <input_file_ref idref="fl-f1"/>
      </object_component>
      <object_component id="oc-1ba">
         <name>.text:I2CMasterControl</name>
         <load_address>0x20009354</load_address>
         <run_address>0x20009354</run_address>
         <size>0x12</size>
         <input_file_ref idref="fl-f"/>
      </object_component>
      <object_component id="oc-1b4">
         <name>.text:I2CMasterTimeoutSet</name>
         <load_address>0x20009366</load_address>
         <run_address>0x20009366</run_address>
         <size>0x12</size>
         <input_file_ref idref="fl-f"/>
      </object_component>
      <object_component id="oc-34b">
         <name>.text:wcslen</name>
         <load_address>0x20009378</load_address>
         <run_address>0x20009378</run_address>
         <size>0x12</size>
         <input_file_ref idref="fl-f6"/>
      </object_component>
      <object_component id="oc-1d8">
         <name>.text:I2CMasterDataGet</name>
         <load_address>0x2000938a</load_address>
         <run_address>0x2000938a</run_address>
         <size>0xe</size>
         <input_file_ref idref="fl-f"/>
      </object_component>
      <object_component id="oc-1b">
         <name>.text:decompress:none:__TI_decompress_none</name>
         <load_address>0x20009398</load_address>
         <run_address>0x20009398</run_address>
         <size>0xe</size>
         <input_file_ref idref="fl-e3"/>
      </object_component>
      <object_component id="oc-29">
         <name>.text</name>
         <load_address>0x200093a6</load_address>
         <run_address>0x200093a6</run_address>
         <size>0xe</size>
         <input_file_ref idref="fl-7"/>
      </object_component>
      <object_component id="oc-4e3">
         <name>.text:copysign</name>
         <load_address>0x200093b4</load_address>
         <run_address>0x200093b4</run_address>
         <size>0xc</size>
         <input_file_ref idref="fl-10b"/>
      </object_component>
      <object_component id="oc-103">
         <name>.text:IntMasterEnable</name>
         <load_address>0x200093c0</load_address>
         <run_address>0x200093c0</run_address>
         <size>0xa</size>
         <input_file_ref idref="fl-10"/>
      </object_component>
      <object_component id="oc-351">
         <name>.text:__aeabi_errno_addr</name>
         <load_address>0x200093cc</load_address>
         <run_address>0x200093cc</run_address>
         <size>0x8</size>
         <input_file_ref idref="fl-f5"/>
      </object_component>
      <object_component id="oc-29b">
         <name>.text:malloc</name>
         <load_address>0x200093d4</load_address>
         <run_address>0x200093d4</run_address>
         <size>0x8</size>
         <input_file_ref idref="fl-ee"/>
      </object_component>
      <object_component id="oc-d7">
         <name>.text:UtilsDelay</name>
         <load_address>0x200093dc</load_address>
         <run_address>0x200093dc</run_address>
         <size>0x6</size>
         <input_file_ref idref="fl-15"/>
      </object_component>
      <object_component id="oc-218">
         <name>.text:_outc</name>
         <load_address>0x200093e2</load_address>
         <run_address>0x200093e2</run_address>
         <size>0x4</size>
         <input_file_ref idref="fl-cd"/>
      </object_component>
      <object_component id="oc-212">
         <name>.text:_outs</name>
         <load_address>0x200093e6</load_address>
         <run_address>0x200093e6</run_address>
         <size>0x4</size>
         <input_file_ref idref="fl-cd"/>
      </object_component>
      <object_component id="oc-91">
         <name>.text:_system_pre_init</name>
         <load_address>0x200093ea</load_address>
         <run_address>0x200093ea</run_address>
         <size>0x4</size>
         <input_file_ref idref="fl-fe"/>
      </object_component>
      <object_component id="oc-141">
         <name>.text:abort:abort</name>
         <load_address>0x200093ee</load_address>
         <run_address>0x200093ee</run_address>
         <size>0x4</size>
         <input_file_ref idref="fl-e5"/>
      </object_component>
      <object_component id="oc-1a6">
         <name>.const:.string:font</name>
         <load_address>0x200093f4</load_address>
         <run_address>0x200093f4</run_address>
         <size>0x4fb</size>
         <input_file_ref idref="fl-1"/>
      </object_component>
      <object_component id="oc-40b">
         <name>.const:.string:_ctypes_</name>
         <load_address>0x200098ef</load_address>
         <run_address>0x200098ef</run_address>
         <size>0x101</size>
         <input_file_ref idref="fl-e9"/>
      </object_component>
      <object_component id="oc-388">
         <name>.const:g_ulPinToPadMap</name>
         <load_address>0x200099f0</load_address>
         <run_address>0x200099f0</run_address>
         <size>0x100</size>
         <input_file_ref idref="fl-11"/>
      </object_component>
      <object_component id="oc-30b">
         <name>.const:PRCM_PeriphRegsList</name>
         <load_address>0x20009af0</load_address>
         <run_address>0x20009af0</run_address>
         <size>0xa8</size>
         <input_file_ref idref="fl-12"/>
      </object_component>
      <object_component id="oc-237">
         <name>.const:g_pulEnRegs</name>
         <load_address>0x20009b98</load_address>
         <run_address>0x20009b98</run_address>
         <size>0x18</size>
         <input_file_ref idref="fl-10"/>
      </object_component>
      <object_component id="oc-13c">
         <name>.const:$P$T0$1</name>
         <load_address>0x20009bb0</load_address>
         <run_address>0x20009bb0</run_address>
         <size>0x8</size>
         <input_file_ref idref="fl-4"/>
      </object_component>
      <object_component id="oc-651">
         <name>.cinit..data.load</name>
         <load_address>0x20009bb8</load_address>
         <run_address>0x20009bb8</run_address>
         <size>0x85</size>
      </object_component>
      <object_component id="oc-64f">
         <name>__TI_handler_table</name>
         <load_address>0x20009c40</load_address>
         <run_address>0x20009c40</run_address>
         <size>0xc</size>
      </object_component>
      <object_component id="oc-652">
         <name>.cinit..bss.load</name>
         <load_address>0x20009c50</load_address>
         <run_address>0x20009c50</run_address>
         <size>0x8</size>
      </object_component>
      <object_component id="oc-650">
         <name>__TI_cinit_table</name>
         <load_address>0x20009c58</load_address>
         <run_address>0x20009c58</run_address>
         <size>0x10</size>
      </object_component>
      <object_component id="oc-1a9">
         <name>.data</name>
         <load_address>0x200179b8</load_address>
         <run_address>0x200179b8</run_address>
         <size>0x15</size>
         <input_file_ref idref="fl-1"/>
      </object_component>
      <object_component id="oc-139">
         <name>.data</name>
         <load_address>0x200179ec</load_address>
         <run_address>0x200179ec</run_address>
         <size>0xc</size>
         <input_file_ref idref="fl-4"/>
      </object_component>
      <object_component id="oc-2c8">
         <name>.data:$O1$$</name>
         <load_address>0x200179e0</load_address>
         <run_address>0x200179e0</run_address>
         <size>0xc</size>
         <input_file_ref idref="fl-e5"/>
      </object_component>
      <object_component id="oc-19f">
         <name>.data:$O1$$</name>
         <load_address>0x200179f8</load_address>
         <run_address>0x200179f8</run_address>
         <size>0x8</size>
         <input_file_ref idref="fl-e6"/>
      </object_component>
      <object_component id="oc-20f">
         <name>.data:_ftable</name>
         <load_address>0x20017800</load_address>
         <run_address>0x20017800</run_address>
         <size>0xf0</size>
         <input_file_ref idref="fl-ea"/>
      </object_component>
      <object_component id="oc-56d">
         <name>.data</name>
         <load_address>0x200179d0</load_address>
         <run_address>0x200179d0</run_address>
         <size>0x10</size>
         <input_file_ref idref="fl-ea"/>
      </object_component>
      <object_component id="oc-4b1">
         <name>.data:$O1$$</name>
         <load_address>0x20017a00</load_address>
         <run_address>0x20017a00</run_address>
         <size>0x8</size>
         <input_file_ref idref="fl-ee"/>
      </object_component>
      <object_component id="oc-1a2">
         <name>.data</name>
         <load_address>0x20017a0c</load_address>
         <run_address>0x20017a0c</run_address>
         <size>0x4</size>
         <input_file_ref idref="fl-ef"/>
      </object_component>
      <object_component id="oc-551">
         <name>.data:_device</name>
         <load_address>0x200178f0</load_address>
         <run_address>0x200178f0</run_address>
         <size>0x78</size>
         <input_file_ref idref="fl-f4"/>
      </object_component>
      <object_component id="oc-511">
         <name>.data:_stream</name>
         <load_address>0x20017968</load_address>
         <run_address>0x20017968</run_address>
         <size>0x50</size>
         <input_file_ref idref="fl-f4"/>
      </object_component>
      <object_component id="oc-472">
         <name>.data</name>
         <load_address>0x20017a08</load_address>
         <run_address>0x20017a08</run_address>
         <size>0x4</size>
         <input_file_ref idref="fl-f5"/>
      </object_component>
      <object_component id="oc-2ad">
         <name>.bss</name>
         <uninitialized>true</uninitialized>
         <run_address>0x20017bd8</run_address>
         <size>0x4</size>
         <input_file_ref idref="fl-8"/>
      </object_component>
      <object_component id="oc-5e2">
         <name>.bss:_CIOBUF_</name>
         <uninitialized>true</uninitialized>
         <run_address>0x20017a10</run_address>
         <size>0x120</size>
         <input_file_ref idref="fl-108"/>
      </object_component>
      <object_component id="oc-5af">
         <name>.common:__TI_tmpnams</name>
         <uninitialized>true</uninitialized>
         <run_address>0x20017b30</run_address>
         <size>0xa0</size>
      </object_component>
      <object_component id="oc-5c0">
         <name>.common:parmbuf</name>
         <uninitialized>true</uninitialized>
         <run_address>0x20017bd0</run_address>
         <size>0x8</size>
      </object_component>
      <object_component id="oc-23">
         <name>.sysmem</name>
         <uninitialized>true</uninitialized>
         <run_address>0x20017000</run_address>
         <size>0x10</size>
         <input_file_ref idref="fl-ee"/>
      </object_component>
      <object_component id="oc-655">
         <name>.sysmem</name>
         <uninitialized>true</uninitialized>
         <run_address>0x20017000</run_address>
         <size>0x0</size>
      </object_component>
      <object_component id="oc-26">
         <name>.stack</name>
         <uninitialized>true</uninitialized>
         <run_address>0x2002f800</run_address>
         <size>0x4</size>
         <input_file_ref idref="fl-f2"/>
      </object_component>
      <object_component id="oc-654">
         <name>.stack</name>
         <uninitialized>true</uninitialized>
         <run_address>0x2002f800</run_address>
         <size>0x0</size>
      </object_component>
      <object_component id="oc-1ad">
         <name>.debug_info</name>
         <load_address>0x0</load_address>
         <run_address>0x0</run_address>
         <size>0x216</size>
         <input_file_ref idref="fl-1"/>
      </object_component>
      <object_component id="oc-1a7">
         <name>.debug_info</name>
         <load_address>0x216</load_address>
         <run_address>0x216</run_address>
         <size>0xc8</size>
         <input_file_ref idref="fl-1"/>
      </object_component>
      <object_component id="oc-1aa">
         <name>.debug_info</name>
         <load_address>0x2de</load_address>
         <run_address>0x2de</run_address>
         <size>0x176</size>
         <input_file_ref idref="fl-1"/>
      </object_component>
      <object_component id="oc-d2">
         <name>.debug_info</name>
         <load_address>0x454</load_address>
         <run_address>0x454</run_address>
         <size>0x1534</size>
         <input_file_ref idref="fl-1"/>
      </object_component>
      <object_component id="oc-38">
         <name>.debug_info</name>
         <load_address>0x1988</load_address>
         <run_address>0x1988</run_address>
         <size>0x84</size>
         <input_file_ref idref="fl-1"/>
      </object_component>
      <object_component id="oc-19e">
         <name>.debug_info</name>
         <load_address>0x1a0c</load_address>
         <run_address>0x1a0c</run_address>
         <size>0x217</size>
         <input_file_ref idref="fl-2"/>
      </object_component>
      <object_component id="oc-c6">
         <name>.debug_info</name>
         <load_address>0x1c23</load_address>
         <run_address>0x1c23</run_address>
         <size>0xe52</size>
         <input_file_ref idref="fl-2"/>
      </object_component>
      <object_component id="oc-406">
         <name>.debug_info</name>
         <load_address>0x2a75</load_address>
         <run_address>0x2a75</run_address>
         <size>0x62</size>
         <input_file_ref idref="fl-2"/>
      </object_component>
      <object_component id="oc-232">
         <name>.debug_info</name>
         <load_address>0x2ad7</load_address>
         <run_address>0x2ad7</run_address>
         <size>0x2c</size>
         <input_file_ref idref="fl-2"/>
      </object_component>
      <object_component id="oc-bc">
         <name>.debug_info</name>
         <load_address>0x2b03</load_address>
         <run_address>0x2b03</run_address>
         <size>0x2c</size>
         <input_file_ref idref="fl-2"/>
      </object_component>
      <object_component id="oc-2c2">
         <name>.debug_info</name>
         <load_address>0x2b2f</load_address>
         <run_address>0x2b2f</run_address>
         <size>0x35</size>
         <input_file_ref idref="fl-2"/>
      </object_component>
      <object_component id="oc-208">
         <name>.debug_info</name>
         <load_address>0x2b64</load_address>
         <run_address>0x2b64</run_address>
         <size>0x4e4</size>
         <input_file_ref idref="fl-3"/>
      </object_component>
      <object_component id="oc-d9">
         <name>.debug_info</name>
         <load_address>0x3048</load_address>
         <run_address>0x3048</run_address>
         <size>0xcb5</size>
         <input_file_ref idref="fl-3"/>
      </object_component>
      <object_component id="oc-2bd">
         <name>.debug_info</name>
         <load_address>0x3cfd</load_address>
         <run_address>0x3cfd</run_address>
         <size>0x26b</size>
         <input_file_ref idref="fl-3"/>
      </object_component>
      <object_component id="oc-2b2">
         <name>.debug_info</name>
         <load_address>0x3f68</load_address>
         <run_address>0x3f68</run_address>
         <size>0x110</size>
         <input_file_ref idref="fl-3"/>
      </object_component>
      <object_component id="oc-203">
         <name>.debug_info</name>
         <load_address>0x4078</load_address>
         <run_address>0x4078</run_address>
         <size>0x8b</size>
         <input_file_ref idref="fl-3"/>
      </object_component>
      <object_component id="oc-37c">
         <name>.debug_info</name>
         <load_address>0x4103</load_address>
         <run_address>0x4103</run_address>
         <size>0x2a4</size>
         <input_file_ref idref="fl-3"/>
      </object_component>
      <object_component id="oc-317">
         <name>.debug_info</name>
         <load_address>0x43a7</load_address>
         <run_address>0x43a7</run_address>
         <size>0xbb</size>
         <input_file_ref idref="fl-3"/>
      </object_component>
      <object_component id="oc-140">
         <name>.debug_info</name>
         <load_address>0x4462</load_address>
         <run_address>0x4462</run_address>
         <size>0x582</size>
         <input_file_ref idref="fl-4"/>
      </object_component>
      <object_component id="oc-13a">
         <name>.debug_info</name>
         <load_address>0x49e4</load_address>
         <run_address>0x49e4</run_address>
         <size>0x103</size>
         <input_file_ref idref="fl-4"/>
      </object_component>
      <object_component id="oc-13d">
         <name>.debug_info</name>
         <load_address>0x4ae7</load_address>
         <run_address>0x4ae7</run_address>
         <size>0xc6</size>
         <input_file_ref idref="fl-4"/>
      </object_component>
      <object_component id="oc-98">
         <name>.debug_info</name>
         <load_address>0x4bad</load_address>
         <run_address>0x4bad</run_address>
         <size>0x774</size>
         <input_file_ref idref="fl-4"/>
      </object_component>
      <object_component id="oc-220">
         <name>.debug_info</name>
         <load_address>0x5321</load_address>
         <run_address>0x5321</run_address>
         <size>0x2c</size>
         <input_file_ref idref="fl-4"/>
      </object_component>
      <object_component id="oc-116">
         <name>.debug_info</name>
         <load_address>0x534d</load_address>
         <run_address>0x534d</run_address>
         <size>0x389</size>
         <input_file_ref idref="fl-6"/>
      </object_component>
      <object_component id="oc-31">
         <name>.debug_info</name>
         <load_address>0x56d6</load_address>
         <run_address>0x56d6</run_address>
         <size>0x195</size>
         <input_file_ref idref="fl-7"/>
      </object_component>
      <object_component id="oc-13">
         <name>.debug_info</name>
         <load_address>0x586b</load_address>
         <run_address>0x586b</run_address>
         <size>0x114</size>
         <input_file_ref idref="fl-7"/>
      </object_component>
      <object_component id="oc-2a">
         <name>.debug_info</name>
         <load_address>0x597f</load_address>
         <run_address>0x597f</run_address>
         <size>0x4cb</size>
         <input_file_ref idref="fl-7"/>
      </object_component>
      <object_component id="oc-2b1">
         <name>.debug_info</name>
         <load_address>0x5e4a</load_address>
         <run_address>0x5e4a</run_address>
         <size>0x3a4</size>
         <input_file_ref idref="fl-8"/>
      </object_component>
      <object_component id="oc-2ae">
         <name>.debug_info</name>
         <load_address>0x61ee</load_address>
         <run_address>0x61ee</run_address>
         <size>0xcf</size>
         <input_file_ref idref="fl-8"/>
      </object_component>
      <object_component id="oc-134">
         <name>.debug_info</name>
         <load_address>0x62bd</load_address>
         <run_address>0x62bd</run_address>
         <size>0x635</size>
         <input_file_ref idref="fl-8"/>
      </object_component>
      <object_component id="oc-25c">
         <name>.debug_info</name>
         <load_address>0x68f2</load_address>
         <run_address>0x68f2</run_address>
         <size>0x1dd</size>
         <input_file_ref idref="fl-e"/>
      </object_component>
      <object_component id="oc-182">
         <name>.debug_info</name>
         <load_address>0x6acf</load_address>
         <run_address>0x6acf</run_address>
         <size>0x1d4</size>
         <input_file_ref idref="fl-e"/>
      </object_component>
      <object_component id="oc-4c4">
         <name>.debug_info</name>
         <load_address>0x6ca3</load_address>
         <run_address>0x6ca3</run_address>
         <size>0x220</size>
         <input_file_ref idref="fl-f"/>
      </object_component>
      <object_component id="oc-1f9">
         <name>.debug_info</name>
         <load_address>0x6ec3</load_address>
         <run_address>0x6ec3</run_address>
         <size>0x242</size>
         <input_file_ref idref="fl-f"/>
      </object_component>
      <object_component id="oc-1ed">
         <name>.debug_info</name>
         <load_address>0x7105</load_address>
         <run_address>0x7105</run_address>
         <size>0x18d</size>
         <input_file_ref idref="fl-f"/>
      </object_component>
      <object_component id="oc-1f3">
         <name>.debug_info</name>
         <load_address>0x7292</load_address>
         <run_address>0x7292</run_address>
         <size>0x1da</size>
         <input_file_ref idref="fl-f"/>
      </object_component>
      <object_component id="oc-1c1">
         <name>.debug_info</name>
         <load_address>0x746c</load_address>
         <run_address>0x746c</run_address>
         <size>0x1ca</size>
         <input_file_ref idref="fl-f"/>
      </object_component>
      <object_component id="oc-1af">
         <name>.debug_info</name>
         <load_address>0x7636</load_address>
         <run_address>0x7636</run_address>
         <size>0x191</size>
         <input_file_ref idref="fl-f"/>
      </object_component>
      <object_component id="oc-1cd">
         <name>.debug_info</name>
         <load_address>0x77c7</load_address>
         <run_address>0x77c7</run_address>
         <size>0x20f</size>
         <input_file_ref idref="fl-f"/>
      </object_component>
      <object_component id="oc-1bb">
         <name>.debug_info</name>
         <load_address>0x79d6</load_address>
         <run_address>0x79d6</run_address>
         <size>0x1be</size>
         <input_file_ref idref="fl-f"/>
      </object_component>
      <object_component id="oc-1c7">
         <name>.debug_info</name>
         <load_address>0x7b94</load_address>
         <run_address>0x7b94</run_address>
         <size>0x1a3</size>
         <input_file_ref idref="fl-f"/>
      </object_component>
      <object_component id="oc-1d3">
         <name>.debug_info</name>
         <load_address>0x7d37</load_address>
         <run_address>0x7d37</run_address>
         <size>0x1be</size>
         <input_file_ref idref="fl-f"/>
      </object_component>
      <object_component id="oc-1d9">
         <name>.debug_info</name>
         <load_address>0x7ef5</load_address>
         <run_address>0x7ef5</run_address>
         <size>0x193</size>
         <input_file_ref idref="fl-f"/>
      </object_component>
      <object_component id="oc-1b5">
         <name>.debug_info</name>
         <load_address>0x8088</load_address>
         <run_address>0x8088</run_address>
         <size>0x1cc</size>
         <input_file_ref idref="fl-f"/>
      </object_component>
      <object_component id="oc-520">
         <name>.debug_info</name>
         <load_address>0x8254</load_address>
         <run_address>0x8254</run_address>
         <size>0x26b</size>
         <input_file_ref idref="fl-f"/>
      </object_component>
      <object_component id="oc-3fd">
         <name>.debug_info</name>
         <load_address>0x84bf</load_address>
         <run_address>0x84bf</run_address>
         <size>0x297</size>
         <input_file_ref idref="fl-f"/>
      </object_component>
      <object_component id="oc-2ff">
         <name>.debug_info</name>
         <load_address>0x8756</load_address>
         <run_address>0x8756</run_address>
         <size>0xbb</size>
         <input_file_ref idref="fl-f"/>
      </object_component>
      <object_component id="oc-384">
         <name>.debug_info</name>
         <load_address>0x8811</load_address>
         <run_address>0x8811</run_address>
         <size>0x201</size>
         <input_file_ref idref="fl-10"/>
      </object_component>
      <object_component id="oc-238">
         <name>.debug_info</name>
         <load_address>0x8a12</load_address>
         <run_address>0x8a12</run_address>
         <size>0xf4</size>
         <input_file_ref idref="fl-10"/>
      </object_component>
      <object_component id="oc-104">
         <name>.debug_info</name>
         <load_address>0x8b06</load_address>
         <run_address>0x8b06</run_address>
         <size>0x17c</size>
         <input_file_ref idref="fl-10"/>
      </object_component>
      <object_component id="oc-fe">
         <name>.debug_info</name>
         <load_address>0x8c82</load_address>
         <run_address>0x8c82</run_address>
         <size>0x1ae</size>
         <input_file_ref idref="fl-10"/>
      </object_component>
      <object_component id="oc-10a">
         <name>.debug_info</name>
         <load_address>0x8e30</load_address>
         <run_address>0x8e30</run_address>
         <size>0x19f</size>
         <input_file_ref idref="fl-10"/>
      </object_component>
      <object_component id="oc-4a5">
         <name>.debug_info</name>
         <load_address>0x8fcf</load_address>
         <run_address>0x8fcf</run_address>
         <size>0x14e</size>
         <input_file_ref idref="fl-11"/>
      </object_component>
      <object_component id="oc-389">
         <name>.debug_info</name>
         <load_address>0x911d</load_address>
         <run_address>0x911d</run_address>
         <size>0xf6</size>
         <input_file_ref idref="fl-11"/>
      </object_component>
      <object_component id="oc-24f">
         <name>.debug_info</name>
         <load_address>0x9213</load_address>
         <run_address>0x9213</run_address>
         <size>0x1bf</size>
         <input_file_ref idref="fl-11"/>
[...]
      <symbol id="sm-405">
         <name>SPIConfigSetExpClk</name>
         <value>0x20007ae1</value>
         <object_component_ref idref="oc-127"/>
      </symbol>
      <symbol id="sm-406">
         <name>SPIReset</name>
         <value>0x20009053</value>
         <object_component_ref idref="oc-11b"/>
      </symbol>
      <symbol id="sm-407">
         <name>SPICSDisable</name>
         <value>0x200091ef</value>
         <object_component_ref idref="oc-197"/>
      </symbol>
      <symbol id="sm-443">
         <name>UARTConfigSetExpClk</name>
         <value>0x20008175</value>
         <object_component_ref idref="oc-271"/>
      </symbol>
      <symbol id="sm-444">
         <name>UARTDisable</name>
         <value>0x20008ddd</value>
         <object_component_ref idref="oc-396"/>
      </symbol>
      <symbol id="sm-445">
         <name>UARTCharsAvail</name>
         <value>0x20009237</value>
         <object_component_ref idref="oc-283"/>
      </symbol>
      <symbol id="sm-446">
         <name>UARTCharGetNonBlocking</name>
         <value>0x2000914b</value>
         <object_component_ref idref="oc-289"/>
      </symbol>
      <symbol id="sm-447">
         <name>UARTCharPut</name>
         <value>0x20009111</value>
         <object_component_ref idref="oc-277"/>
      </symbol>
      <symbol id="sm-448">
         <name>UARTEnable</name>
         <value>0x20008fe9</value>
         <object_component_ref idref="oc-39c"/>
      </symbol>
      <symbol id="sm-44c">
         <name>UtilsDelay</name>
         <value>0x200093dd</value>
         <object_component_ref idref="oc-d7"/>
      </symbol>
      <symbol id="sm-456">
         <name>CPUcpsie</name>
         <value>0x20009303</value>
         <object_component_ref idref="oc-22b"/>
      </symbol>
      <symbol id="sm-483">
         <name>printf</name>
         <value>0x2000847d</value>
         <object_component_ref idref="oc-de"/>
      </symbol>
      <symbol id="sm-5ed">
         <name>__TI_printfi</name>
         <value>0x20004e81</value>
         <object_component_ref idref="oc-209"/>
      </symbol>
      <symbol id="sm-617">
         <name>vsnprintf</name>
         <value>0x20008b41</value>
         <object_component_ref idref="oc-27d"/>
      </symbol>
      <symbol id="sm-62c">
         <name>putc</name>
         <value>0x20007ddd</value>
         <object_component_ref idref="oc-36e"/>
      </symbol>
      <symbol id="sm-62d">
         <name>fputc</name>
         <value>0x20007ddd</value>
         <object_component_ref idref="oc-36e"/>
      </symbol>
      <symbol id="sm-64b">
         <name>fputs</name>
         <value>0x20007205</value>
         <object_component_ref idref="oc-367"/>
      </symbol>
      <symbol id="sm-663">
         <name>__TI_wrt_ok</name>
         <value>0x20008549</value>
         <object_component_ref idref="oc-485"/>
      </symbol>
      <symbol id="sm-67f">
         <name>setvbuf</name>
         <value>0x200077d9</value>
         <object_component_ref idref="oc-505"/>
      </symbol>
      <symbol id="sm-696">
         <name>__aeabi_dsub</name>
         <value>0x20006a25</value>
         <object_component_ref idref="oc-436"/>
      </symbol>
      <symbol id="sm-697">
         <name>__aeabi_dadd</name>
         <value>0x20006a2f</value>
         <object_component_ref idref="oc-436"/>
      </symbol>
      <symbol id="sm-6b9">
         <name>__aeabi_cdcmpeq</name>
         <value>0x20007ef1</value>
         <object_component_ref idref="oc-328"/>
      </symbol>
      <symbol id="sm-6ba">
         <name>__aeabi_cdcmple</name>
         <value>0x20007ef1</value>
         <object_component_ref idref="oc-328"/>
      </symbol>
      <symbol id="sm-6bb">
         <name>__aeabi_cdrcmple</name>
         <value>0x20007f77</value>
         <object_component_ref idref="oc-421"/>
      </symbol>
      <symbol id="sm-6cf">
         <name>__aeabi_ddiv</name>
         <value>0x20006e91</value>
         <object_component_ref idref="oc-41c"/>
      </symbol>
      <symbol id="sm-6da">
         <name>__aeabi_dmul</name>
         <value>0x20007419</value>
         <object_component_ref idref="oc-417"/>
      </symbol>
      <symbol id="sm-6e4">
         <name>__aeabi_d2iz</name>
         <value>0x200089a9</value>
         <object_component_ref idref="oc-426"/>
      </symbol>
      <symbol id="sm-6f5">
         <name>__aeabi_fadd</name>
         <value>0x20007519</value>
         <object_component_ref idref="oc-f3"/>
      </symbol>
      <symbol id="sm-6f6">
         <name>__aeabi_fsub</name>
         <value>0x20007515</value>
         <object_component_ref idref="oc-f3"/>
      </symbol>
      <symbol id="sm-703">
         <name>__aeabi_fdiv</name>
         <value>0x20007d49</value>
         <object_component_ref idref="oc-ee"/>
      </symbol>
      <symbol id="sm-70d">
         <name>__aeabi_fmul</name>
         <value>0x20008081</value>
         <object_component_ref idref="oc-e9"/>
      </symbol>
      <symbol id="sm-717">
         <name>__aeabi_f2iz</name>
         <value>0x20008c35</value>
         <object_component_ref idref="oc-f8"/>
      </symbol>
      <symbol id="sm-721">
         <name>__aeabi_i2d</name>
         <value>0x20008e6d</value>
         <object_component_ref idref="oc-431"/>
      </symbol>
      <symbol id="sm-72c">
         <name>__aeabi_i2f</name>
         <value>0x20008c6d</value>
         <object_component_ref idref="oc-e4"/>
      </symbol>
      <symbol id="sm-747">
         <name>memcpy</name>
         <value>0x20007b81</value>
         <object_component_ref idref="oc-3d"/>
      </symbol>
      <symbol id="sm-748">
         <name>__aeabi_memcpy</name>
         <value>0x20007b81</value>
         <object_component_ref idref="oc-3d"/>
      </symbol>
      <symbol id="sm-749">
         <name>__aeabi_memcpy8</name>
         <value>0x20007b81</value>
         <object_component_ref idref="oc-3d"/>
      </symbol>
      <symbol id="sm-74a">
         <name>__aeabi_memcpy4</name>
         <value>0x20007b81</value>
         <object_component_ref idref="oc-3d"/>
      </symbol>
      <symbol id="sm-759">
         <name>__aeabi_memset</name>
         <value>0x200080fd</value>
         <object_component_ref idref="oc-8b"/>
      </symbol>
      <symbol id="sm-75a">
         <name>memset</name>
         <value>0x20008103</value>
         <object_component_ref idref="oc-8b"/>
      </symbol>
      <symbol id="sm-75b">
         <name>__aeabi_memset8</name>
         <value>0x200080fd</value>
         <object_component_ref idref="oc-8b"/>
      </symbol>
      <symbol id="sm-75c">
         <name>__aeabi_memset4</name>
         <value>0x200080fd</value>
         <object_component_ref idref="oc-8b"/>
      </symbol>
      <symbol id="sm-75d">
         <name>__aeabi_memclr8</name>
         <value>0x200080fb</value>
         <object_component_ref idref="oc-8b"/>
      </symbol>
      <symbol id="sm-75e">
         <name>__aeabi_memclr4</name>
         <value>0x200080fb</value>
         <object_component_ref idref="oc-8b"/>
      </symbol>
      <symbol id="sm-75f">
         <name>__aeabi_memclr</name>
         <value>0x200080fb</value>
         <object_component_ref idref="oc-8b"/>
      </symbol>
      <symbol id="sm-76c">
         <name>__aeabi_uldivmod</name>
         <value>0x20007c1d</value>
         <object_component_ref idref="oc-410"/>
      </symbol>
      <symbol id="sm-780">
         <name>__TI_zero_init_nomemset</name>
         <value>0x20009167</value>
         <object_component_ref idref="oc-49"/>
      </symbol>
      <symbol id="sm-797">
         <name>__TI_decompress_none</name>
         <value>0x20009399</value>
         <object_component_ref idref="oc-1b"/>
      </symbol>
      <symbol id="sm-7ba">
         <name>__TI_decompress_lzss</name>
         <value>0x20008415</value>
         <object_component_ref idref="oc-15"/>
      </symbol>
      <symbol id="sm-7e0">
         <name>C$$EXIT</name>
         <value>0x200093ef</value>
         <object_component_ref idref="oc-141"/>
      </symbol>
      <symbol id="sm-7e1">
         <name>abort</name>
         <value>0x200093ef</value>
         <object_component_ref idref="oc-141"/>
      </symbol>
      <symbol id="sm-7e2">
         <name>__TI_dtors_ptr</name>
         <value>0x200179e4</value>
         <object_component_ref idref="oc-2c8"/>
      </symbol>
      <symbol id="sm-7e3">
         <name>__TI_cleanup_ptr</name>
         <value>0x200179e0</value>
         <object_component_ref idref="oc-2c8"/>
      </symbol>
      <symbol id="sm-7e4">
         <name>__TI_enable_exit_profile_output</name>
         <value>0x200179e8</value>
         <object_component_ref idref="oc-2c8"/>
      </symbol>
      <symbol id="sm-7e5">
         <name>exit</name>
         <value>0x20008961</value>
         <object_component_ref idref="oc-147"/>
      </symbol>
      <symbol id="sm-7fa">
         <name>_nop</name>
         <value>0x200058cf</value>
         <object_component_ref idref="oc-2ec"/>
      </symbol>
      <symbol id="sm-7fb">
         <name>_lock</name>
         <value>0x200179f8</value>
         <object_component_ref idref="oc-19f"/>
      </symbol>
      <symbol id="sm-7fc">
         <name>_unlock</name>
         <value>0x200179fc</value>
         <object_component_ref idref="oc-19f"/>
      </symbol>
      <symbol id="sm-80b">
         <name>__TI_ltoa</name>
         <value>0x20008823</value>
         <object_component_ref idref="oc-42b"/>
      </symbol>
      <symbol id="sm-821">
         <name>atoi</name>
         <value>0x20008915</value>
         <object_component_ref idref="oc-31c"/>
      </symbol>
      <symbol id="sm-82c">
         <name>_ctypes_</name>
         <value>0x200098ef</value>
         <object_component_ref idref="oc-40b"/>
      </symbol>
      <symbol id="sm-841">
         <name>__TI_tmpnams</name>
         <value>0x20017b30</value>
      </symbol>
      <symbol id="sm-842">
         <name>__aeabi_stdout</name>
         <value>0x200179d8</value>
         <object_component_ref idref="oc-56d"/>
      </symbol>
      <symbol id="sm-843">
         <name>__aeabi_stderr</name>
         <value>0x200179dc</value>
         <object_component_ref idref="oc-56d"/>
      </symbol>
      <symbol id="sm-844">
         <name>__aeabi_stdin</name>
         <value>0x200179d4</value>
         <object_component_ref idref="oc-56d"/>
      </symbol>
      <symbol id="sm-845">
         <name>_ftable</name>
         <value>0x20017800</value>
         <object_component_ref idref="oc-20f"/>
      </symbol>
      <symbol id="sm-846">
         <name>__TI_ft_end</name>
         <value>0x200179d0</value>
         <object_component_ref idref="oc-56d"/>
      </symbol>
      <symbol id="sm-856">
         <name>memccpy</name>
         <value>0x200091a1</value>
         <object_component_ref idref="oc-345"/>
      </symbol>
      <symbol id="sm-866">
         <name>memchr</name>
         <value>0x200090b5</value>
         <object_component_ref idref="oc-48b"/>
      </symbol>
      <symbol id="sm-877">
         <name>memmove</name>
         <value>0x20008f99</value>
         <object_component_ref idref="oc-295"/>
      </symbol>
      <symbol id="sm-915">
         <name>_sys_memory</name>
         <value>0x20017000</value>
         <object_component_ref idref="oc-23"/>
      </symbol>
      <symbol id="sm-916">
         <name>free</name>
         <value>0x20007611</value>
         <object_component_ref idref="oc-2a7"/>
      </symbol>
      <symbol id="sm-917">
         <name>realloc</name>
         <value>0x200076f5</value>
         <object_component_ref idref="oc-2a1"/>
      </symbol>
      <symbol id="sm-918">
         <name>memalign</name>
         <value>0x20007319</value>
         <object_component_ref idref="oc-3c2"/>
      </symbol>
      <symbol id="sm-919">
         <name>malloc</name>
         <value>0x200093d5</value>
         <object_component_ref idref="oc-29b"/>
      </symbol>
      <symbol id="sm-91a">
         <name>aligned_alloc</name>
         <value>0x20007319</value>
         <object_component_ref idref="oc-3c2"/>
      </symbol>
      <symbol id="sm-930">
         <name>rand</name>
         <value>0x20008d79</value>
         <object_component_ref idref="oc-cb"/>
      </symbol>
      <symbol id="sm-940">
         <name>strchr</name>
         <value>0x200092ed</value>
         <object_component_ref idref="oc-462"/>
      </symbol>
      <symbol id="sm-94e">
         <name>strlen</name>
         <value>0x20009341</value>
         <object_component_ref idref="oc-28f"/>
      </symbol>
      <symbol id="sm-960">
         <name>__stack</name>
         <value>0x2002f800</value>
         <object_component_ref idref="oc-26"/>
      </symbol>
      <symbol id="sm-961">
         <name>_c_int00_noargs</name>
         <value>0x2000900d</value>
         <object_component_ref idref="oc-5b"/>
      </symbol>
      <symbol id="sm-97b">
         <name>write</name>
         <value>0x20008fc1</value>
         <object_component_ref idref="oc-497"/>
      </symbol>
      <symbol id="sm-98c">
         <name>_stream</name>
         <value>0x20017968</value>
         <object_component_ref idref="oc-511"/>
      </symbol>
      <symbol id="sm-98d">
         <name>_device</name>
         <value>0x200178f0</value>
         <object_component_ref idref="oc-551"/>
      </symbol>
      <symbol id="sm-9a3">
         <name>__aeabi_errno_addr</name>
         <value>0x200093cd</value>
         <object_component_ref idref="oc-351"/>
      </symbol>
      <symbol id="sm-9a4">
         <name>errno</name>
         <value>0x20017a08</value>
         <object_component_ref idref="oc-472"/>
      </symbol>
      <symbol id="sm-9bd">
         <name>wcslen</name>
         <value>0x20009379</value>
         <object_component_ref idref="oc-34b"/>
      </symbol>
      <symbol id="sm-9dd">
         <name>frexpl</name>
         <value>0x20008669</value>
         <object_component_ref idref="oc-456"/>
      </symbol>
      <symbol id="sm-9de">
         <name>frexp</name>
         <value>0x20008669</value>
         <object_component_ref idref="oc-456"/>
      </symbol>
      <symbol id="sm-9fc">
         <name>scalbn</name>
         <value>0x200078b5</value>
         <object_component_ref idref="oc-45c"/>
      </symbol>
      <symbol id="sm-9fd">
         <name>scalbnl</name>
         <value>0x200078b5</value>
         <object_component_ref idref="oc-45c"/>
      </symbol>
      <symbol id="sm-9fe">
         <name>ldexpl</name>
         <value>0x200078b5</value>
         <object_component_ref idref="oc-45c"/>
      </symbol>
      <symbol id="sm-9ff">
         <name>ldexp</name>
         <value>0x200078b5</value>
         <object_component_ref idref="oc-45c"/>
      </symbol>
      <symbol id="sm-a0f">
         <name>__TI_doflush</name>
         <value>0x200088c9</value>
         <object_component_ref idref="oc-491"/>
      </symbol>
      <symbol id="sm-a1f">
         <name>__TI_cleanup</name>
         <value>0x20008d11</value>
         <object_component_ref idref="oc-53e"/>
      </symbol>
      <symbol id="sm-a31">
         <name>fseek</name>
         <value>0x200084e5</value>
         <object_component_ref idref="oc-4ff"/>
      </symbol>
      <symbol id="sm-a3b">
         <name>__aeabi_idiv0</name>
         <value>0x20005d77</value>
         <object_component_ref idref="oc-4ca"/>
      </symbol>
      <symbol id="sm-a3c">
         <name>__aeabi_ldiv0</name>
         <value>0x20005d77</value>
         <object_component_ref idref="oc-4ca"/>
      </symbol>
      <symbol id="sm-a64">
         <name>__TI_auto_init_nobinit_nopinit</name>
         <value>0x20008a79</value>
         <object_component_ref idref="oc-14d"/>
      </symbol>
      <symbol id="sm-a6e">
         <name>_system_pre_init</name>
         <value>0x200093eb</value>
         <object_component_ref idref="oc-91"/>
      </symbol>
      <symbol id="sm-a81">
         <name>HOSTclose</name>
         <value>0x200089f1</value>
         <object_component_ref idref="oc-579"/>
      </symbol>
      <symbol id="sm-a92">
         <name>HOSTlseek</name>
         <value>0x200083ad</value>
         <object_component_ref idref="oc-58b"/>
      </symbol>
      <symbol id="sm-aa4">
         <name>parmbuf</name>
         <value>0x20017bd0</value>
      </symbol>
      <symbol id="sm-aa5">
         <name>HOSTopen</name>
         <value>0x200085ad</value>
         <object_component_ref idref="oc-573"/>
      </symbol>
      <symbol id="sm-ab6">
         <name>HOSTread</name>
         <value>0x200086c5</value>
         <object_component_ref idref="oc-57f"/>
      </symbol>
      <symbol id="sm-ac7">
         <name>HOSTrename</name>
         <value>0x20008341</value>
         <object_component_ref idref="oc-597"/>
      </symbol>
      <symbol id="sm-ad8">
         <name>HOSTunlink</name>
         <value>0x20008a35</value>
         <object_component_ref idref="oc-591"/>
      </symbol>
      <symbol id="sm-ae9">
         <name>HOSTwrite</name>
         <value>0x2000871d</value>
         <object_component_ref idref="oc-585"/>
      </symbol>
      <symbol id="sm-b0d">
         <name>__TI_readmsg</name>
         <value>0x20008d45</value>
         <object_component_ref idref="oc-5ba"/>
      </symbol>
      <symbol id="sm-b0e">
         <name>C$$IO$$</name>
         <value>0x20008c2b</value>
         <object_component_ref idref="oc-5b4"/>
      </symbol>
      <symbol id="sm-b0f">
         <name>__CIOBUF_</name>
         <value>0x20017a10</value>
         <object_component_ref idref="oc-5e2"/>
      </symbol>
      <symbol id="sm-b10">
         <name>__TI_writemsg</name>
         <value>0x20008bfd</value>
         <object_component_ref idref="oc-5b4"/>
      </symbol>
      <symbol id="sm-b21">
         <name>lseek</name>
         <value>0x20008f71</value>
         <object_component_ref idref="oc-536"/>
      </symbol>
      <symbol id="sm-b2b">
         <name>copysign</name>
         <value>0x200093b5</value>
         <object_component_ref idref="oc-4e3"/>
      </symbol>
      <symbol id="sm-b2c">
         <name>copysignl</name>
         <value>0x200093b5</value>
         <object_component_ref idref="oc-4e3"/>
      </symbol>
      <symbol id="sm-b41">
         <name>__TI_closefile</name>
         <value>0x200081ed</value>
         <object_component_ref idref="oc-567"/>
      </symbol>
      <symbol id="sm-b64">
         <name>finddevice</name>
         <value>0x20008e3d</value>
         <object_component_ref idref="oc-600"/>
      </symbol>
      <symbol id="sm-b65">
         <name>getdevice</name>
         <value>0x20008abd</value>
         <object_component_ref idref="oc-5d8"/>
      </symbol>
      <symbol id="sm-b74">
         <name>strcmp</name>
         <value>0x20009267</value>
         <object_component_ref idref="oc-617"/>
      </symbol>
      <symbol id="sm-b82">
         <name>strcpy</name>
         <value>0x2000932d</value>
         <object_component_ref idref="oc-5ce"/>
      </symbol>
      <symbol id="sm-b92">
         <name>strncpy</name>
         <value>0x20008cdb</value>
         <object_component_ref idref="oc-5fa"/>
      </symbol>
      <symbol id="sm-ba7">
         <name>close</name>
         <value>0x2000860d</value>
         <object_component_ref idref="oc-5a3"/>
      </symbol>
      <symbol id="sm-bb7">
         <name>unlink</name>
         <value>0x20008ef5</value>
         <object_component_ref idref="oc-5a9"/>
      </symbol>
      <symbol id="sm-bb8">
         <name>__TI_static_base__</name>
         <value>0x20009bb8</value>
      </symbol>
      <symbol id="sm-bbb">
         <name>__mpu_init</name>
         <value>0x0</value>
      </symbol>
      <symbol id="sm-bbc">
         <name>_system_post_cinit</name>
         <value>0x0</value>
      </symbol>
      <symbol id="sm-bbd">
         <name>remove</name>
         <value>0x20008ef5</value>
      </symbol>
   </symbol_table>
   <title>Link successful</title>
</link_info>
