******************************************************************************
                  TI ARM Linker Unix v20.2.7                   
******************************************************************************
>> Linked Mon Apr 21 01:28:33 2025

OUTPUT FILE NAME:   <lab2.out>
ENTRY POINT SYMBOL: "_c_int00_noargs"  address: 2000900d


MEMORY CONFIGURATION

         name            origin    length      used     unused   attr    fill
----------------------  --------  ---------  --------  --------  ----  --------
  SRAM_CODE             20004000   00013000  00005c66  0000d39a  RW X
  SRAM_DATA             20017000   00019000  000013dc  00017c24  RW X


SEGMENT ALLOCATION MAP

run origin  load origin   length   init length attrs members
----------  ----------- ---------- ----------- ----- -------
20004000    20004000    00005c68   00005c68    r-x
  20004000    20004000    00000400   00000400    r-- .intvecs
  20004400    20004400    00004ff2   00004ff2    r-x .text
  200093f4    200093f4    000007c4   000007c4    r-- .const
  20009bb8    20009bb8    000000b0   000000b0    r-- .cinit
20017000    20017000    00000bdc   00000000    rw-
  20017000    20017000    00000800   00000000    rw- .sysmem
  20017800    20017800    00000210   00000000    rw- .data
  20017a10    20017a10    000001cc   00000000    rw- .bss
2002f800    2002f800    00000800   00000000    rw-
  2002f800    2002f800    00000800   00000000    rw- .stack


SECTION ALLOCATION MAP

 output                                  attributes/
section   page    origin      length       input sections
--------  ----  ----------  ----------   ----------------
.intvecs   0    20004000    00000400     
                  20004000    00000400     startup_ccs.obj (.intvecs)

.init_array 
*          0    20004000    00000000     UNINITIALIZED

.text      0    20004400    00004ff2     
                  20004400    00000a80     Adafruit_GFX.obj (.text)
                  20004e80    00000a4e     rtsv7M4_T_le_eabi.lib : _printfi.c.obj (.text:__TI_printfi)
                  200058ce    00000002                           : _lock.c.obj (.text:_nop)
                  200058d0    000004a6     Adafruit_OLED.obj (.text)
                  20005d76    00000002     rtsv7M4_T_le_eabi.lib : div0.asm.obj (.text)
                  20005d78    0000035c     main.obj (.text)
                  200060d4    000002a0     i2c_if.obj (.text)
                  20006374    0000027c     uart_if.obj (.text)
                  200065f0    00000268     rtsv7M4_T_le_eabi.lib : _printfi.c.obj (.text:_pconv_a)
                  20006858    000001cc                           : _printfi.c.obj (.text:_pconv_g)
                  20006a24    000001b6                           : fd_add_t2.asm.obj (.text)
                  20006bda    00000002     --HOLE-- [fill = 0]
                  20006bdc    00000178     driverlib.a : prcm.obj (.text:PRCMCC3200MCUInit)
                  20006d54    0000013c     rtsv7M4_T_le_eabi.lib : _printfi.c.obj (.text:_pconv_e)
                  20006e90    00000136                           : fd_div_t2.asm.obj (.text)
                  20006fc6    00000002     --HOLE-- [fill = 0]
                  20006fc8    00000120                           : _printfi.c.obj (.text:fcvt)
                  200070e8    0000011c     pin_mux_config.obj (.text)
                  20007204    00000114     rtsv7M4_T_le_eabi.lib : fputs.c.obj (.text:fputs)
                  20007318    00000100                           : memory.c.obj (.text:aligned_alloc)
                  20007418    000000fc                           : fd_mul_t2.asm.obj (.text)
                  20007514    000000fa                           : fs_add_t2.asm.obj (.text)
                  2000760e    00000002     --HOLE-- [fill = 0]
                  20007610    000000e4                           : memory.c.obj (.text:free)
                  200076f4    000000e4                           : memory.c.obj (.text:realloc)
                  200077d8    000000dc                           : setvbuf.c.obj (.text:setvbuf)
                  200078b4    000000d0                           : s_scalbn.c.obj (.text:scalbn)
                  20007984    000000b1                           : _printfi.c.obj (.text:_ltostr)
                  20007a35    00000003     --HOLE-- [fill = 0]
                  20007a38    000000a8     driverlib.a : interrupt.obj (.text:IntEnable)
                  20007ae0    000000a0                 : spi.obj (.text:SPIConfigSetExpClk)
                  20007b80    0000009c     rtsv7M4_T_le_eabi.lib : memcpy_t2.asm.obj (.text)
                  20007c1c    00000096                           : ull_div_t2.asm.obj (.text)
                  20007cb2    00000002     --HOLE-- [fill = 0]
                  20007cb4    00000094     driverlib.a : prcm.obj (.text:PRCMPeripheralClockGet)
                  20007d48    00000092     rtsv7M4_T_le_eabi.lib : fs_div_t2.asm.obj (.text)
                  20007dda    00000002     --HOLE-- [fill = 0]
                  20007ddc    0000008c                           : fputc.c.obj (.text:fputc)
                  20007e68    00000088     driverlib.a : pin.obj (.text:PinConfigSet)
                  20007ef0    00000086     rtsv7M4_T_le_eabi.lib : fd_cmp_t2.asm.obj (.text:__aeabi_cdcmple)
                  20007f76    00000086                           : fd_cmp_t2.asm.obj (.text:__aeabi_cdrcmple)
                  20007ffc    00000084     driverlib.a : i2c.obj (.text:I2CMasterInitExpClk)
                  20008080    0000007a     rtsv7M4_T_le_eabi.lib : fs_mul_t2.asm.obj (.text)
                  200080fa    0000007a                           : memset_t2.asm.obj (.text)
                  20008174    00000076     driverlib.a : uart.obj (.text:UARTConfigSetExpClk)
                  200081ea    00000002     --HOLE-- [fill = 0]
                  200081ec    00000074     rtsv7M4_T_le_eabi.lib : fclose.c.obj (.text:__TI_closefile)
                  20008260    00000070                           : memory.c.obj (.text:split)
                  200082d0    0000006e                           : _printfi.c.obj (.text:_mcpy)
                  2000833e    00000002     --HOLE-- [fill = 0]
                  20008340    0000006c                           : hostrename.c.obj (.text:HOSTrename)
                  200083ac    00000068                           : hostlseek.c.obj (.text:HOSTlseek)
                  20008414    00000068                           : copy_decompress_lzss.c.obj (.text:decompress:lzss:__TI_decompress_lzss)
                  2000847c    00000068                           : printf.c.obj (.text:printf)
                  200084e4    00000064                           : fseek.c.obj (.text:fseek)
                  20008548    00000062                           : _io_perm.c.obj (.text:__TI_wrt_ok)
                  200085aa    00000002     --HOLE-- [fill = 0]
                  200085ac    00000060                           : hostopen.c.obj (.text:HOSTopen)
                  2000860c    0000005c                           : close.c.obj (.text:close)
                  20008668    0000005c                           : s_frexp.c.obj (.text:frexp)
                  200086c4    00000058                           : hostread.c.obj (.text:HOSTread)
                  2000871c    00000058                           : hostwrite.c.obj (.text:HOSTwrite)
                  20008774    00000058     driverlib.a : prcm.obj (.text:PRCMPeripheralReset)
                  200087cc    00000056     rtsv7M4_T_le_eabi.lib : _printfi.c.obj (.text:_pconv_f)
                  20008822    00000054                           : _ltoa.c.obj (.text:__TI_ltoa)
                  20008876    00000052                           : _printfi.c.obj (.text:_ecpy)
                  200088c8    0000004c                           : fflush.c.obj (.text:__TI_doflush)
                  20008914    0000004c                           : atoi.c.obj (.text:atoi)
                  20008960    00000048                           : exit.c.obj (.text:exit)
                  200089a8    00000048                           : fd_toi_t2.asm.obj (.text)
                  200089f0    00000044                           : hostclose.c.obj (.text:HOSTclose)
                  20008a34    00000044                           : hostunlink.c.obj (.text:HOSTunlink)
                  20008a78    00000044                           : autoinit.c.obj (.text:__TI_auto_init_nobinit_nopinit:__TI_auto_init_nobinit_nopinit)
                  20008abc    00000044                           : getdevice.c.obj (.text:getdevice)
                  20008b00    00000040     driverlib.a : pin.obj (.text:PinModeSet)
                  20008b40    00000040     rtsv7M4_T_le_eabi.lib : vsnprintf.c.obj (.text:vsnprintf)
                  20008b80    0000003e                           : _printfi.c.obj (.text:_fcpy)
                  20008bbe    00000002     --HOLE-- [fill = 0]
                  20008bc0    0000003c     driverlib.a : prcm.obj (.text:PRCMPeripheralClkEnable)
                  20008bfc    00000038     rtsv7M4_T_le_eabi.lib : trgmsg.c.obj (.text:__TI_writemsg)
                  20008c34    00000038                           : fs_toi_t2.asm.obj (.text)
                  20008c6c    00000038                           : i_tofs_t2.asm.obj (.text)
                  20008ca4    00000036     driverlib.a : gpio.obj (.text:GPIODirModeSet)
                  20008cda    00000036     rtsv7M4_T_le_eabi.lib : strncpy.c.obj (.text:strncpy)
                  20008d10    00000034                           : fopen.c.obj (.text:__TI_cleanup)
                  20008d44    00000034                           : trgmsg.c.obj (.text:__TI_readmsg)
                  20008d78    00000034                           : rand.c.obj (.text:rand)
                  20008dac    00000030     driverlib.a : pin.obj (.text:PinTypeGPIO)
                  20008ddc    00000030                 : uart.obj (.text:UARTDisable)
                  20008e0c    00000030     rtsv7M4_T_le_eabi.lib : vsnprintf.c.obj (.text:_outs)
                  20008e3c    00000030                           : getdevice.c.obj (.text:finddevice)
                  20008e6c    0000002e                           : i_tofd_t2.asm.obj (.text)
                  20008e9a    0000002c     driverlib.a : i2c.obj (.text:I2CMasterErr)
                  20008ec6    00000002     --HOLE-- [fill = 0]
                  20008ec8    0000002c                 : prcm.obj (.text:PRCMSysResetCauseGet)
                  20008ef4    0000002c     rtsv7M4_T_le_eabi.lib : unlink.c.obj (.text:unlink)
                  20008f20    00000028     driverlib.a : prcm.obj (.text:PRCMPeripheralClkDisable)
                  20008f48    00000028     rtsv7M4_T_le_eabi.lib : memory.c.obj (.text:free_list_insert)
                  20008f70    00000028                           : lseek.c.obj (.text:lseek)
                  20008f98    00000028                           : memmov.c.obj (.text:memmove)
                  20008fc0    00000028                           : write.c.obj (.text:write)
                  20008fe8    00000024     driverlib.a : uart.obj (.text:UARTEnable)
                  2000900c    00000024     rtsv7M4_T_le_eabi.lib : boot_cortex_m.c.obj (.text:_c_int00_noargs:_c_int00_noargs)
                  20009030    00000022     driverlib.a : i2c.obj (.text:I2CMasterSlaveAddrSet)
                  20009052    00000022                 : spi.obj (.text:SPIReset)
                  20009074    00000020                 : gpio.obj (.text:GPIOPinWrite)
                  20009094    00000020                 : spi.obj (.text:SPIDataGet)
                  200090b4    00000020     rtsv7M4_T_le_eabi.lib : memchr.c.obj (.text:memchr)
                  200090d4    0000001e     driverlib.a : i2c.obj (.text:I2CMasterIntStatusEx)
                  200090f2    0000001e                 : spi.obj (.text:SPIDataPut)
                  20009110    0000001e                 : uart.obj (.text:UARTCharPut)
                  2000912e    0000001c                 : pin.obj (.text:PinTypeI2C)
                  2000914a    0000001c                 : uart.obj (.text:UARTCharGetNonBlocking)
                  20009166    0000001c     rtsv7M4_T_le_eabi.lib : copy_zero_init.c.obj (.text:decompress:ZI:__TI_zero_init_nomemset:__TI_zero_init_nomemset)
                  20009182    00000002     --HOLE-- [fill = 0]
                  20009184    0000001c                           : memory.c.obj (.text:free_list_remove)
                  200091a0    0000001c                           : memccpy.c.obj (.text:memccpy)
                  200091bc    0000001a     driverlib.a : pin.obj (.text:PinTypeSPI)
                  200091d6    00000018                 : i2c.obj (.text:I2CMasterIntEnableEx)
                  200091ee    00000018                 : spi.obj (.text:SPICSDisable)
                  20009206    00000018                 : spi.obj (.text:SPICSEnable)
                  2000921e    00000018                 : spi.obj (.text:SPIEnable)
                  20009236    00000018                 : uart.obj (.text:UARTCharsAvail)
                  2000924e    00000018     rtsv7M4_T_le_eabi.lib : vsnprintf.c.obj (.text:_outc)
                  20009266    00000018                           : strcmp.c.obj (.text:strcmp)
                  2000927e    00000016     driverlib.a : i2c.obj (.text:I2CMasterDataPut)
                  20009294    00000016                 : i2c.obj (.text:I2CMasterEnable)
                  200092aa    00000016                 : i2c.obj (.text:I2CMasterIntClear)
                  200092c0    00000016                 : prcm.obj (.text:PRCMHIBRegRead)
                  200092d6    00000016                 : prcm.obj (.text:PRCMHIBRegWrite)
                  200092ec    00000016     rtsv7M4_T_le_eabi.lib : strchr.c.obj (.text:strchr)
                  20009302    00000014     driverlib.a : cpu.obj (.text:CPUcpsie)
                  20009316    00000002     --HOLE-- [fill = 0]
                  20009318    00000014                 : interrupt.obj (.text:IntVTableBaseSet)
                  2000932c    00000014     rtsv7M4_T_le_eabi.lib : strcpy.c.obj (.text:strcpy)
                  20009340    00000014                           : strlen.c.obj (.text:strlen)
                  20009354    00000012     driverlib.a : i2c.obj (.text:I2CMasterControl)
                  20009366    00000012                 : i2c.obj (.text:I2CMasterTimeoutSet)
                  20009378    00000012     rtsv7M4_T_le_eabi.lib : wcslen.c.obj (.text:wcslen)
                  2000938a    0000000e     driverlib.a : i2c.obj (.text:I2CMasterDataGet)
                  20009398    0000000e     rtsv7M4_T_le_eabi.lib : copy_decompress_none.c.obj (.text:decompress:none:__TI_decompress_none)
                  200093a6    0000000e     startup_ccs.obj (.text)
                  200093b4    0000000c     rtsv7M4_T_le_eabi.lib : s_copysign.c.obj (.text:copysign)
                  200093c0    0000000a     driverlib.a : interrupt.obj (.text:IntMasterEnable)
                  200093ca    00000002     --HOLE-- [fill = 0]
                  200093cc    00000008     rtsv7M4_T_le_eabi.lib : errno.c.obj (.text:__aeabi_errno_addr)
                  200093d4    00000008                           : memory.c.obj (.text:malloc)
                  200093dc    00000006     driverlib.a : utils.obj (.text:UtilsDelay)
                  200093e2    00000004     rtsv7M4_T_le_eabi.lib : printf.c.obj (.text:_outc)
                  200093e6    00000004                           : printf.c.obj (.text:_outs)
                  200093ea    00000004                           : pre_init.c.obj (.text:_system_pre_init)
                  200093ee    00000004                           : exit.c.obj (.text:abort:abort)

.const     0    200093f4    000007c4     
                  200093f4    000004fb     Adafruit_GFX.obj (.const:.string:font)
                  200098ef    00000101     rtsv7M4_T_le_eabi.lib : ctype.c.obj (.const:.string:_ctypes_)
                  200099f0    00000100     driverlib.a : pin.obj (.const:g_ulPinToPadMap)
                  20009af0    000000a8                 : prcm.obj (.const:PRCM_PeriphRegsList)
                  20009b98    00000018                 : interrupt.obj (.const:g_pulEnRegs)
                  20009bb0    00000008     main.obj (.const:$P$T0$1)

.cinit     0    20009bb8    000000b0     
                  20009bb8    00000085     (.cinit..data.load) [load image, compression = lzss]
                  20009c3d    00000003     --HOLE-- [fill = 0]
                  20009c40    0000000c     (__TI_handler_table)
                  20009c4c    00000004     --HOLE-- [fill = 0]
                  20009c50    00000008     (.cinit..bss.load) [load image, compression = zero_init]
                  20009c58    00000010     (__TI_cinit_table)

.sysmem    0    20017000    00000800     UNINITIALIZED
                  20017000    00000010     rtsv7M4_T_le_eabi.lib : memory.c.obj (.sysmem)
                  20017010    000007f0     --HOLE--

.data      0    20017800    00000210     UNINITIALIZED
                  20017800    000000f0     rtsv7M4_T_le_eabi.lib : defs.c.obj (.data:_ftable)
                  200178f0    00000078                           : host_device.c.obj (.data:_device)
                  20017968    00000050                           : host_device.c.obj (.data:_stream)
                  200179b8    00000015     Adafruit_GFX.obj (.data)
                  200179cd    00000003     --HOLE--
                  200179d0    00000010     rtsv7M4_T_le_eabi.lib : defs.c.obj (.data)
                  200179e0    0000000c                           : exit.c.obj (.data:$O1$$)
                  200179ec    0000000c     main.obj (.data)
                  200179f8    00000008     rtsv7M4_T_le_eabi.lib : _lock.c.obj (.data:$O1$$)
                  20017a00    00000008                           : memory.c.obj (.data:$O1$$)
                  20017a08    00000004                           : errno.c.obj (.data)
                  20017a0c    00000004                           : rand.c.obj (.data)

.bss       0    20017a10    000001cc     UNINITIALIZED
                  20017a10    00000120     rtsv7M4_T_le_eabi.lib : trgmsg.c.obj (.bss:_CIOBUF_)
                  20017b30    000000a0     (.common:__TI_tmpnams)
                  20017bd0    00000008     (.common:parmbuf)
                  20017bd8    00000004     uart_if.obj (.bss)

.stack     0    2002f800    00000800     UNINITIALIZED
                  2002f800    00000004     rtsv7M4_T_le_eabi.lib : boot_cortex_m.c.obj (.stack)
                  2002f804    000007fc     --HOLE--

__llvm_prf_cnts 
*          0    20017000    00000000     UNINITIALIZED

MODULE SUMMARY

       Module                       code    ro data   rw data
       ------                       ----    -------   -------
    ./
       Adafruit_GFX.obj             2688    1275      21     
       Adafruit_OLED.obj            1190    0         0      
       startup_ccs.obj              14      1024      0      
       main.obj                     860     8         12     
       i2c_if.obj                   672     0         0      
       uart_if.obj                  636     0         4      
       pin_mux_config.obj           284     0         0      
    +--+----------------------------+-------+---------+---------+
       Total:                       6344    2307      37     
                                                             
    /Applications/TI/ccs/tools/compiler/ti-cgt-arm_20.2.7.LTS/lib/rtsv7M4_T_le_eabi.lib
       _printfi.c.obj               4835    0         0      
       memory.c.obj                 900     0         8      
       fd_add_t2.asm.obj            438     0         0      
       defs.c.obj                   0       0         416    
       trgmsg.c.obj                 108     0         288    
       fd_div_t2.asm.obj            310     0         0      
       fputs.c.obj                  276     0         0      
       fd_cmp_t2.asm.obj            268     0         0      
       ctype.c.obj                  0       257       0      
       fd_mul_t2.asm.obj            252     0         0      
       fs_add_t2.asm.obj            250     0         0      
       setvbuf.c.obj                220     0         0      
       s_scalbn.c.obj               208     0         0      
       host_device.c.obj            0       0         200    
       memcpy_t2.asm.obj            156     0         0      
       ull_div_t2.asm.obj           150     0         0      
       fs_div_t2.asm.obj            146     0         0      
       fputc.c.obj                  140     0         0      
       vsnprintf.c.obj              136     0         0      
       fs_mul_t2.asm.obj            122     0         0      
       memset_t2.asm.obj            122     0         0      
       fclose.c.obj                 116     0         0      
       getdevice.c.obj              116     0         0      
       printf.c.obj                 112     0         0      
       hostrename.c.obj             108     0         0      
       copy_decompress_lzss.c.obj   104     0         0      
       hostlseek.c.obj              104     0         0      
       hostopen.c.obj               96      0         8      
       fseek.c.obj                  100     0         0      
       _io_perm.c.obj               98      0         0      
       close.c.obj                  92      0         0      
       s_frexp.c.obj                92      0         0      
       exit.c.obj                   76      0         12     
       hostread.c.obj               88      0         0      
       hostwrite.c.obj              88      0         0      
       _ltoa.c.obj                  84      0         0      
       atoi.c.obj                   76      0         0      
       fflush.c.obj                 76      0         0      
       fd_toi_t2.asm.obj            72      0         0      
       autoinit.c.obj               68      0         0      
       hostclose.c.obj              68      0         0      
       hostunlink.c.obj             68      0         0      
       fs_toi_t2.asm.obj            56      0         0      
       i_tofs_t2.asm.obj            56      0         0      
       rand.c.obj                   52      0         4      
       strncpy.c.obj                54      0         0      
       fopen.c.obj                  52      0         0      
       i_tofd_t2.asm.obj            46      0         0      
       unlink.c.obj                 44      0         0      
       lseek.c.obj                  40      0         0      
       memmov.c.obj                 40      0         0      
       write.c.obj                  40      0         0      
       boot_cortex_m.c.obj          36      0         0      
       memchr.c.obj                 32      0         0      
       copy_zero_init.c.obj         28      0         0      
       memccpy.c.obj                28      0         0      
       strcmp.c.obj                 24      0         0      
       strchr.c.obj                 22      0         0      
       strcpy.c.obj                 20      0         0      
       strlen.c.obj                 20      0         0      
       wcslen.c.obj                 18      0         0      
       copy_decompress_none.c.obj   14      0         0      
       errno.c.obj                  8       0         4      
       s_copysign.c.obj             12      0         0      
       _lock.c.obj                  2       0         8      
       pre_init.c.obj               4       0         0      
       div0.asm.obj                 2       0         0      
    +--+----------------------------+-------+---------+---------+
       Total:                       11689   257       948    
                                                             
    /Applications/TI/lib/cc3200sdk_1.5.0/cc3200-sdk/driverlib/ccs/Release/driverlib.a
       prcm.obj                     800     168       0      
       pin.obj                      302     256       0      
       i2c.obj                      380     0         0      
       spi.obj                      328     0         0      
       uart.obj                     284     0         0      
       interrupt.obj                198     24        0      
       gpio.obj                     86      0         0      
       cpu.obj                      20      0         0      
       utils.obj                    6       0         0      
    +--+----------------------------+-------+---------+---------+
       Total:                       2404    448       0      
                                                             
       Heap:                        0       0         2048   
       Stack:                       0       0         2048   
       Linker Generated:            0       169       0      
    +--+----------------------------+-------+---------+---------+
       Grand Total:                 20437   3181      5081   


LINKER GENERATED COPY TABLES

__TI_cinit_table @ 20009c58 records: 2, size/record: 8, table size: 16
	.data: load addr=20009bb8, load size=00000085 bytes, run addr=20017800, run size=00000210 bytes, compression=lzss
	.bss: load addr=20009c50, load size=00000008 bytes, run addr=20017a10, run size=000001cc bytes, compression=zero_init


LINKER GENERATED HANDLER TABLE

__TI_handler_table @ 20009c40 records: 3, size/record: 4, table size: 12
	index: 0, handler: __TI_decompress_lzss
	index: 1, handler: __TI_decompress_none
	index: 2, handler: __TI_zero_init


GLOBAL SYMBOLS: SORTED ALPHABETICALLY BY Name 

address   name                           
-------   ----                           
2000595d  Adafruit_Init                  
200093ef  C$$EXIT                        
20008c2b  C$$IO$$                        
20009303  CPUcpsie                       
200063b5  ClearTerm                      
20005ad3  Color565                       
200179ec  DELAY                          
200063bf  Error                          
20008ca5  GPIODirModeSet                 
20009075  GPIOPinWrite                   
200063f7  GetCmd                         
200089f1  HOSTclose                      
200083ad  HOSTlseek                      
200085ad  HOSTopen                       
200086c5  HOSTread                       
20008341  HOSTrename                     
20008a35  HOSTunlink                     
2000871d  HOSTwrite                      
20009355  I2CMasterControl               
2000938b  I2CMasterDataGet               
2000927f  I2CMasterDataPut               
20009295  I2CMasterEnable                
20008e9b  I2CMasterErr                   
20007ffd  I2CMasterInitExpClk            
200092ab  I2CMasterIntClear              
200091d7  I2CMasterIntEnableEx           
200090d5  I2CMasterIntStatusEx           
20009031  I2CMasterSlaveAddrSet          
20009367  I2CMasterTimeoutSet            
2000635f  I2C_IF_Close                   
20006303  I2C_IF_Open                    
20006201  I2C_IF_Read                    
200062bd  I2C_IF_ReadFrom                
20006151  I2C_IF_Write                   
20006375  InitTerm                       
20007a39  IntEnable                      
200093c1  IntMasterEnable                
20009319  IntVTableBaseSet               
200179f0  MAX_SPEED                      
20006393  Message                        
20004dab  Outstr                         
20006bdd  PRCMCC3200MCUInit              
200092c1  PRCMHIBRegRead                 
200092d7  PRCMHIBRegWrite                
20008f21  PRCMPeripheralClkDisable       
20008bc1  PRCMPeripheralClkEnable        
20007cb5  PRCMPeripheralClockGet         
20008775  PRCMPeripheralReset            
20008ec9  PRCMSysResetCauseGet           
20007e69  PinConfigSet                   
20008b01  PinModeSet                     
200070e9  PinMuxConfig                   
20008dad  PinTypeGPIO                    
2000912f  PinTypeI2C                     
200091bd  PinTypeSPI                     
200179f4  RADIUS                         
20006535  Report                         
200093a7  ResetISR                       
200091ef  SPICSDisable                   
20009207  SPICSEnable                    
20007ae1  SPIConfigSetExpClk             
20009095  SPIDataGet                     
200090f3  SPIDataPut                     
2000921f  SPIEnable                      
20009053  SPIReset                       
2000649d  TrimSpace                      
2000914b  UARTCharGetNonBlocking         
20009111  UARTCharPut                    
20009237  UARTCharsAvail                 
20008175  UARTConfigSetExpClk            
20008ddd  UARTDisable                    
20008fe9  UARTEnable                     
200093dd  UtilsDelay                     
20017a10  __CIOBUF_                      
20030000  __STACK_END                    
00000800  __STACK_SIZE                   
00000800  __SYSMEM_SIZE                  
20009c58  __TI_CINIT_Base                
20009c68  __TI_CINIT_Limit               
20009c40  __TI_Handler_Table_Base        
20009c4c  __TI_Handler_Table_Limit       
20008a79  __TI_auto_init_nobinit_nopinit 
20008d11  __TI_cleanup                   
200179e0  __TI_cleanup_ptr               
200081ed  __TI_closefile                 
20008415  __TI_decompress_lzss           
20009399  __TI_decompress_none           
200088c9  __TI_doflush                   
200179e4  __TI_dtors_ptr                 
200179e8  __TI_enable_exit_profile_output
200179d0  __TI_ft_end                    
20008823  __TI_ltoa                      
ffffffff  __TI_pprof_out_hndl            
20004e81  __TI_printfi                   
ffffffff  __TI_prof_data_size            
ffffffff  __TI_prof_data_start           
20008d45  __TI_readmsg                   
20009bb8  __TI_static_base__             
20017b30  __TI_tmpnams                   
20008bfd  __TI_writemsg                  
20008549  __TI_wrt_ok                    
20009167  __TI_zero_init_nomemset        
20007ef1  __aeabi_cdcmpeq                
20007ef1  __aeabi_cdcmple                
20007f77  __aeabi_cdrcmple               
200089a9  __aeabi_d2iz                   
20006a2f  __aeabi_dadd                   
20006e91  __aeabi_ddiv                   
20007419  __aeabi_dmul                   
20006a25  __aeabi_dsub                   
200093cd  __aeabi_errno_addr             
20008c35  __aeabi_f2iz                   
20007519  __aeabi_fadd                   
20007d49  __aeabi_fdiv                   
20008081  __aeabi_fmul                   
20007515  __aeabi_fsub                   
20008e6d  __aeabi_i2d                    
20008c6d  __aeabi_i2f                    
20005d77  __aeabi_idiv0                  
20005d77  __aeabi_ldiv0                  
200080fb  __aeabi_memclr                 
200080fb  __aeabi_memclr4                
200080fb  __aeabi_memclr8                
20007b81  __aeabi_memcpy                 
20007b81  __aeabi_memcpy4                
20007b81  __aeabi_memcpy8                
200080fd  __aeabi_memset                 
200080fd  __aeabi_memset4                
200080fd  __aeabi_memset8                
200179dc  __aeabi_stderr                 
200179d4  __aeabi_stdin                  
200179d8  __aeabi_stdout                 
20007c1d  __aeabi_uldivmod               
ffffffff  __binit__                      
ffffffff  __c_args__                     
UNDEFED   __mpu_init                     
2002f800  __stack                        
20017000  __start___llvm_prf_cnts        
20017000  __stop___llvm_prf_cnts         
2000900d  _c_int00_noargs                
200098ef  _ctypes_                       
200178f0  _device                        
20017800  _ftable                        
200179f8  _lock                          
200058cf  _nop                           
20017968  _stream                        
20017000  _sys_memory                    
UNDEFED   _system_post_cinit             
200093eb  _system_pre_init               
200179fc  _unlock                        
200093ef  abort                          
20007319  aligned_alloc                  
20008915  atoi                           
ffffffff  binit                          
2000860d  close                          
200093b5  copysign                       
200093b5  copysignl                      
200179b8  cursor_x                       
200179bc  cursor_y                       
20004c5f  drawChar                       
20004401  drawCircle                     
20004535  drawCircleHelper               
20005c81  drawFastHLine                  
20005be5  drawFastVLine                  
2000477b  drawLine                       
20005d1d  drawPixel                      
20004867  drawRect                       
200048b5  drawRoundRect                  
20004a1d  drawTriangle                   
20017a08  errno                          
20008961  exit                           
20004653  fillCircle                     
2000468d  fillCircleHelper               
20005b2b  fillRect                       
200049a3  fillRoundRect                  
20005b15  fillScreen                     
20004a5f  fillTriangle                   
20008e3d  finddevice                     
20007ddd  fputc                          
20007205  fputs                          
20007611  free                           
20008669  frexp                          
20008669  frexpl                         
200084e5  fseek                          
20004000  g_pfnVectors                   
20005e23  getAcc                         
20008abd  getdevice                      
20005a8f  goTo                           
20004e5f  height                         
20005d5b  invert                         
200078b5  ldexp                          
200078b5  ldexpl                         
20008f71  lseek                          
20005fbd  main                           
200093d5  malloc                         
20007319  memalign                       
200091a1  memccpy                        
200090b5  memchr                         
20007b81  memcpy                         
20008f99  memmove                        
20008103  memset                         
20017bd0  parmbuf                        
2000847d  printf                         
20007ddd  putc                           
20008d79  rand                           
20005ddd  readReg                        
200076f5  realloc                        
20008ef5  remove                         
200078b5  scalbn                         
200078b5  scalbnl                        
20004df7  setCursor                      
20004e2f  setTextColor                   
20004e0f  setTextSize                    
20004e47  setTextWrap                    
200077d9  setvbuf                        
20005ecd  slidingBall                    
200092ed  strchr                         
20009267  strcmp                         
2000932d  strcpy                         
20009341  strlen                         
20008cdb  strncpy                        
20005d79  testChar                       
200179c8  textbgcolor                    
200179c4  textcolor                      
200179c0  textsize                       
20008ef5  unlink                         
20008b41  vsnprintf                      
20009379  wcslen                         
20004e5b  width                          
200179cc  wrap                           
20008fc1  write                          
200058d1  writeCommand                   
20005917  writeData                      


GLOBAL SYMBOLS: SORTED BY Symbol Address 

address   name                           
-------   ----                           
00000800  __STACK_SIZE                   
00000800  __SYSMEM_SIZE                  
20004000  g_pfnVectors                   
20004401  drawCircle                     
20004535  drawCircleHelper               
20004653  fillCircle                     
2000468d  fillCircleHelper               
2000477b  drawLine                       
20004867  drawRect                       
200048b5  drawRoundRect                  
200049a3  fillRoundRect                  
20004a1d  drawTriangle                   
20004a5f  fillTriangle                   
20004c5f  drawChar                       
20004dab  Outstr                         
20004df7  setCursor                      
20004e0f  setTextSize                    
20004e2f  setTextColor                   
20004e47  setTextWrap                    
20004e5b  width                          
20004e5f  height                         
20004e81  __TI_printfi                   
200058cf  _nop                           
200058d1  writeCommand                   
20005917  writeData                      
2000595d  Adafruit_Init                  
20005a8f  goTo                           
20005ad3  Color565                       
20005b15  fillScreen                     
20005b2b  fillRect                       
20005be5  drawFastVLine                  
20005c81  drawFastHLine                  
20005d1d  drawPixel                      
20005d5b  invert                         
20005d77  __aeabi_idiv0                  
20005d77  __aeabi_ldiv0                  
20005d79  testChar                       
20005ddd  readReg                        
20005e23  getAcc                         
20005ecd  slidingBall                    
20005fbd  main                           
20006151  I2C_IF_Write                   
20006201  I2C_IF_Read                    
200062bd  I2C_IF_ReadFrom                
20006303  I2C_IF_Open                    
2000635f  I2C_IF_Close                   
20006375  InitTerm                       
20006393  Message                        
200063b5  ClearTerm                      
200063bf  Error                          
200063f7  GetCmd                         
2000649d  TrimSpace                      
20006535  Report                         
20006a25  __aeabi_dsub                   
20006a2f  __aeabi_dadd                   
20006bdd  PRCMCC3200MCUInit              
20006e91  __aeabi_ddiv                   
200070e9  PinMuxConfig                   
20007205  fputs                          
20007319  aligned_alloc                  
20007319  memalign                       
20007419  __aeabi_dmul                   
20007515  __aeabi_fsub                   
20007519  __aeabi_fadd                   
20007611  free                           
200076f5  realloc                        
200077d9  setvbuf                        
200078b5  ldexp                          
200078b5  ldexpl                         
200078b5  scalbn                         
200078b5  scalbnl                        
20007a39  IntEnable                      
20007ae1  SPIConfigSetExpClk             
20007b81  __aeabi_memcpy                 
20007b81  __aeabi_memcpy4                
20007b81  __aeabi_memcpy8                
20007b81  memcpy                         
20007c1d  __aeabi_uldivmod               
20007cb5  PRCMPeripheralClockGet         
20007d49  __aeabi_fdiv                   
20007ddd  fputc                          
20007ddd  putc                           
20007e69  PinConfigSet                   
20007ef1  __aeabi_cdcmpeq                
20007ef1  __aeabi_cdcmple                
20007f77  __aeabi_cdrcmple               
20007ffd  I2CMasterInitExpClk            
20008081  __aeabi_fmul                   
200080fb  __aeabi_memclr                 
200080fb  __aeabi_memclr4                
200080fb  __aeabi_memclr8                
200080fd  __aeabi_memset                 
200080fd  __aeabi_memset4                
200080fd  __aeabi_memset8                
20008103  memset                         
20008175  UARTConfigSetExpClk            
200081ed  __TI_closefile                 
20008341  HOSTrename                     
200083ad  HOSTlseek                      
20008415  __TI_decompress_lzss           
2000847d  printf                         
200084e5  fseek                          
20008549  __TI_wrt_ok                    
200085ad  HOSTopen                       
2000860d  close                          
20008669  frexp                          
20008669  frexpl                         
200086c5  HOSTread                       
2000871d  HOSTwrite                      
20008775  PRCMPeripheralReset            
20008823  __TI_ltoa                      
200088c9  __TI_doflush                   
20008915  atoi                           
20008961  exit                           
200089a9  __aeabi_d2iz                   
200089f1  HOSTclose                      
20008a35  HOSTunlink                     
20008a79  __TI_auto_init_nobinit_nopinit 
20008abd  getdevice                      
20008b01  PinModeSet                     
20008b41  vsnprintf                      
20008bc1  PRCMPeripheralClkEnable        
20008bfd  __TI_writemsg                  
20008c2b  C$$IO$$                        
20008c35  __aeabi_f2iz                   
20008c6d  __aeabi_i2f                    
20008ca5  GPIODirModeSet                 
20008cdb  strncpy                        
20008d11  __TI_cleanup                   
20008d45  __TI_readmsg                   
20008d79  rand                           
20008dad  PinTypeGPIO                    
20008ddd  UARTDisable                    
20008e3d  finddevice                     
20008e6d  __aeabi_i2d                    
20008e9b  I2CMasterErr                   
20008ec9  PRCMSysResetCauseGet           
20008ef5  remove                         
20008ef5  unlink                         
20008f21  PRCMPeripheralClkDisable       
20008f71  lseek                          
20008f99  memmove                        
20008fc1  write                          
20008fe9  UARTEnable                     
2000900d  _c_int00_noargs                
20009031  I2CMasterSlaveAddrSet          
20009053  SPIReset                       
20009075  GPIOPinWrite                   
20009095  SPIDataGet                     
200090b5  memchr                         
200090d5  I2CMasterIntStatusEx           
200090f3  SPIDataPut                     
20009111  UARTCharPut                    
2000912f  PinTypeI2C                     
2000914b  UARTCharGetNonBlocking         
20009167  __TI_zero_init_nomemset        
200091a1  memccpy                        
200091bd  PinTypeSPI                     
200091d7  I2CMasterIntEnableEx           
200091ef  SPICSDisable                   
20009207  SPICSEnable                    
2000921f  SPIEnable                      
20009237  UARTCharsAvail                 
20009267  strcmp                         
2000927f  I2CMasterDataPut               
20009295  I2CMasterEnable                
200092ab  I2CMasterIntClear              
200092c1  PRCMHIBRegRead                 
200092d7  PRCMHIBRegWrite                
200092ed  strchr                         
20009303  CPUcpsie                       
20009319  IntVTableBaseSet               
2000932d  strcpy                         
20009341  strlen                         
20009355  I2CMasterControl               
20009367  I2CMasterTimeoutSet            
20009379  wcslen                         
2000938b  I2CMasterDataGet               
20009399  __TI_decompress_none           
200093a7  ResetISR                       
200093b5  copysign                       
200093b5  copysignl                      
200093c1  IntMasterEnable                
200093cd  __aeabi_errno_addr             
200093d5  malloc                         
200093dd  UtilsDelay                     
200093eb  _system_pre_init               
200093ef  C$$EXIT                        
200093ef  abort                          
200098ef  _ctypes_                       
20009bb8  __TI_static_base__             
20009c40  __TI_Handler_Table_Base        
20009c4c  __TI_Handler_Table_Limit       
20009c58  __TI_CINIT_Base                
20009c68  __TI_CINIT_Limit               
20017000  __start___llvm_prf_cnts        
20017000  __stop___llvm_prf_cnts         
20017000  _sys_memory                    
20017800  _ftable                        
200178f0  _device                        
20017968  _stream                        
200179b8  cursor_x                       
200179bc  cursor_y                       
200179c0  textsize                       
200179c4  textcolor                      
200179c8  textbgcolor                    
200179cc  wrap                           
200179d0  __TI_ft_end                    
200179d4  __aeabi_stdin                  
200179d8  __aeabi_stdout                 
200179dc  __aeabi_stderr                 
200179e0  __TI_cleanup_ptr               
200179e4  __TI_dtors_ptr                 
200179e8  __TI_enable_exit_profile_output
200179ec  DELAY                          
200179f0  MAX_SPEED                      
200179f4  RADIUS                         
200179f8  _lock                          
200179fc  _unlock                        
20017a08  errno                          
20017a10  __CIOBUF_                      
20017b30  __TI_tmpnams                   
20017bd0  parmbuf                        
2002f800  __stack                        
20030000  __STACK_END                    
ffffffff  __TI_pprof_out_hndl            
ffffffff  __TI_prof_data_size            
ffffffff  __TI_prof_data_start           
ffffffff  __binit__                      
ffffffff  __c_args__                     
ffffffff  binit                          
UNDEFED   __mpu_init                     
UNDEFED   _system_post_cinit             

[233 symbols]
