<?xml version="1.0" encoding="ISO-8859-1" ?>
<link_info>
   <banner>TI ARM Linker Unix v20.2.7.LTS</banner>
   <copyright>Copyright (c) 1996-2018 Texas Instruments Incorporated</copyright>
   <link_time>0x6805a568</link_time>
   <link_errors>0x0</link_errors>
   <output_file>lab2.out</output_file>
   <entry_point>
      <name>_c_int00_noargs</name>
      <address>0x20008c4d</address>
   </entry_point>
   <input_file_list>
      <input_file id="fl-1">
         <path>./</path>
         <kind>object</kind>
         <file>Adafruit_GFX.obj</file>
         <name>Adafruit_GFX.obj</name>
      </input_file>
      <input_file id="fl-2">
         <path>./</path>
         <kind>object</kind>
         <file>Adafruit_OLED.obj</file>
         <name>Adafruit_OLED.obj</name>
      </input_file>
      <input_file id="fl-3">
         <path>./</path>
         <kind>object</kind>
         <file>i2c_if.obj</file>
         <name>i2c_if.obj</name>
      </input_file>
      <input_file id="fl-4">
         <path>./</path>
         <kind>object</kind>
         <file>main.obj</file>
         <name>main.obj</name>
      </input_file>
      <input_file id="fl-5">
         <path>./</path>
         <kind>object</kind>
         <file>oled_test.obj</file>
         <name>oled_test.obj</name>
      </input_file>
      <input_file id="fl-6">
         <path>./</path>
         <kind>object</kind>
         <file>pin_mux_config.obj</file>
         <name>pin_mux_config.obj</name>
      </input_file>
      <input_file id="fl-7">
         <path>./</path>
         <kind>object</kind>
         <file>startup_ccs.obj</file>
         <name>startup_ccs.obj</name>
      </input_file>
      <input_file id="fl-8">
         <path>./</path>
         <kind>object</kind>
         <file>uart_if.obj</file>
         <name>uart_if.obj</name>
      </input_file>
      <input_file id="fl-d">
         <kind>object</kind>
         <file>&lt;internal&gt;</file>
         <name>&lt;internal&gt;</name>
      </input_file>
      <input_file id="fl-e">
         <path>/Applications/TI/lib/cc3200sdk_1.5.0/cc3200-sdk/driverlib/ccs/Release/</path>
         <kind>archive</kind>
         <file>driverlib.a</file>
         <name>gpio.obj</name>
      </input_file>
      <input_file id="fl-f">
         <path>/Applications/TI/lib/cc3200sdk_1.5.0/cc3200-sdk/driverlib/ccs/Release/</path>
         <kind>archive</kind>
         <file>driverlib.a</file>
         <name>i2c.obj</name>
      </input_file>
      <input_file id="fl-10">
         <path>/Applications/TI/lib/cc3200sdk_1.5.0/cc3200-sdk/driverlib/ccs/Release/</path>
         <kind>archive</kind>
         <file>driverlib.a</file>
         <name>interrupt.obj</name>
      </input_file>
      <input_file id="fl-11">
         <path>/Applications/TI/lib/cc3200sdk_1.5.0/cc3200-sdk/driverlib/ccs/Release/</path>
         <kind>archive</kind>
         <file>driverlib.a</file>
         <name>pin.obj</name>
      </input_file>
      <input_file id="fl-12">
         <path>/Applications/TI/lib/cc3200sdk_1.5.0/cc3200-sdk/driverlib/ccs/Release/</path>
         <kind>archive</kind>
         <file>driverlib.a</file>
         <name>prcm.obj</name>
      </input_file>
      <input_file id="fl-13">
         <path>/Applications/TI/lib/cc3200sdk_1.5.0/cc3200-sdk/driverlib/ccs/Release/</path>
         <kind>archive</kind>
         <file>driverlib.a</file>
         <name>spi.obj</name>
      </input_file>
      <input_file id="fl-14">
         <path>/Applications/TI/lib/cc3200sdk_1.5.0/cc3200-sdk/driverlib/ccs/Release/</path>
         <kind>archive</kind>
         <file>driverlib.a</file>
         <name>uart.obj</name>
      </input_file>
      <input_file id="fl-15">
         <path>/Applications/TI/lib/cc3200sdk_1.5.0/cc3200-sdk/driverlib/ccs/Release/</path>
         <kind>archive</kind>
         <file>driverlib.a</file>
         <name>utils.obj</name>
      </input_file>
      <input_file id="fl-16">
         <path>/Applications/TI/lib/cc3200sdk_1.5.0/cc3200-sdk/driverlib/ccs/Release/</path>
         <kind>archive</kind>
         <file>driverlib.a</file>
         <name>cpu.obj</name>
      </input_file>
      <input_file id="fl-17">
         <path>/Applications/TI/lib/cc3200sdk_1.5.0/cc3200-sdk/driverlib/ccs/Release/</path>
         <kind>archive</kind>
         <file>driverlib.a</file>
         <name>flash.obj</name>
      </input_file>
      <input_file id="fl-cd">
         <path>/Applications/TI/ccs/tools/compiler/ti-cgt-arm_20.2.7.LTS/lib/</path>
         <kind>archive</kind>
         <file>rtsv7M4_T_le_eabi.lib</file>
         <name>printf.c.obj</name>
      </input_file>
      <input_file id="fl-ce">
         <path>/Applications/TI/ccs/tools/compiler/ti-cgt-arm_20.2.7.LTS/lib/</path>
         <kind>archive</kind>
         <file>rtsv7M4_T_le_eabi.lib</file>
         <name>_printfi.c.obj</name>
      </input_file>
      <input_file id="fl-cf">
         <path>/Applications/TI/ccs/tools/compiler/ti-cgt-arm_20.2.7.LTS/lib/</path>
         <kind>archive</kind>
         <file>rtsv7M4_T_le_eabi.lib</file>
         <name>vsnprintf.c.obj</name>
      </input_file>
      <input_file id="fl-d0">
         <path>/Applications/TI/ccs/tools/compiler/ti-cgt-arm_20.2.7.LTS/lib/</path>
         <kind>archive</kind>
         <file>rtsv7M4_T_le_eabi.lib</file>
         <name>fputc.c.obj</name>
      </input_file>
      <input_file id="fl-d1">
         <path>/Applications/TI/ccs/tools/compiler/ti-cgt-arm_20.2.7.LTS/lib/</path>
         <kind>archive</kind>
         <file>rtsv7M4_T_le_eabi.lib</file>
         <name>fputs.c.obj</name>
      </input_file>
      <input_file id="fl-d2">
         <path>/Applications/TI/ccs/tools/compiler/ti-cgt-arm_20.2.7.LTS/lib/</path>
         <kind>archive</kind>
         <file>rtsv7M4_T_le_eabi.lib</file>
         <name>_io_perm.c.obj</name>
      </input_file>
      <input_file id="fl-d3">
         <path>/Applications/TI/ccs/tools/compiler/ti-cgt-arm_20.2.7.LTS/lib/</path>
         <kind>archive</kind>
         <file>rtsv7M4_T_le_eabi.lib</file>
         <name>setvbuf.c.obj</name>
      </input_file>
      <input_file id="fl-d4">
         <path>/Applications/TI/ccs/tools/compiler/ti-cgt-arm_20.2.7.LTS/lib/</path>
         <kind>archive</kind>
         <file>rtsv7M4_T_le_eabi.lib</file>
         <name>fd_add_t2.asm.obj</name>
      </input_file>
      <input_file id="fl-d5">
         <path>/Applications/TI/ccs/tools/compiler/ti-cgt-arm_20.2.7.LTS/lib/</path>
         <kind>archive</kind>
         <file>rtsv7M4_T_le_eabi.lib</file>
         <name>fd_cmp_t2.asm.obj</name>
      </input_file>
      <input_file id="fl-d6">
         <path>/Applications/TI/ccs/tools/compiler/ti-cgt-arm_20.2.7.LTS/lib/</path>
         <kind>archive</kind>
         <file>rtsv7M4_T_le_eabi.lib</file>
         <name>fd_div_t2.asm.obj</name>
      </input_file>
      <input_file id="fl-d7">
         <path>/Applications/TI/ccs/tools/compiler/ti-cgt-arm_20.2.7.LTS/lib/</path>
         <kind>archive</kind>
         <file>rtsv7M4_T_le_eabi.lib</file>
         <name>fd_mul_t2.asm.obj</name>
      </input_file>
      <input_file id="fl-d8">
         <path>/Applications/TI/ccs/tools/compiler/ti-cgt-arm_20.2.7.LTS/lib/</path>
         <kind>archive</kind>
         <file>rtsv7M4_T_le_eabi.lib</file>
         <name>fd_toi_t2.asm.obj</name>
      </input_file>
      <input_file id="fl-d9">
         <path>/Applications/TI/ccs/tools/compiler/ti-cgt-arm_20.2.7.LTS/lib/</path>
         <kind>archive</kind>
         <file>rtsv7M4_T_le_eabi.lib</file>
         <name>i_tofd_t2.asm.obj</name>
      </input_file>
      <input_file id="fl-da">
         <path>/Applications/TI/ccs/tools/compiler/ti-cgt-arm_20.2.7.LTS/lib/</path>
         <kind>archive</kind>
         <file>rtsv7M4_T_le_eabi.lib</file>
         <name>memcpy_t2.asm.obj</name>
      </input_file>
      <input_file id="fl-db">
         <path>/Applications/TI/ccs/tools/compiler/ti-cgt-arm_20.2.7.LTS/lib/</path>
         <kind>archive</kind>
         <file>rtsv7M4_T_le_eabi.lib</file>
         <name>memset_t2.asm.obj</name>
      </input_file>
      <input_file id="fl-dc">
         <path>/Applications/TI/ccs/tools/compiler/ti-cgt-arm_20.2.7.LTS/lib/</path>
         <kind>archive</kind>
         <file>rtsv7M4_T_le_eabi.lib</file>
         <name>ull_div_t2.asm.obj</name>
      </input_file>
      <input_file id="fl-dd">
         <path>/Applications/TI/ccs/tools/compiler/ti-cgt-arm_20.2.7.LTS/lib/</path>
         <kind>archive</kind>
         <file>rtsv7M4_T_le_eabi.lib</file>
         <name>copy_zero_init.c.obj</name>
      </input_file>
      <input_file id="fl-de">
         <path>/Applications/TI/ccs/tools/compiler/ti-cgt-arm_20.2.7.LTS/lib/</path>
         <kind>archive</kind>
         <file>rtsv7M4_T_le_eabi.lib</file>
         <name>copy_decompress_none.c.obj</name>
      </input_file>
      <input_file id="fl-df">
         <path>/Applications/TI/ccs/tools/compiler/ti-cgt-arm_20.2.7.LTS/lib/</path>
         <kind>archive</kind>
         <file>rtsv7M4_T_le_eabi.lib</file>
         <name>copy_decompress_lzss.c.obj</name>
      </input_file>
      <input_file id="fl-e0">
         <path>/Applications/TI/ccs/tools/compiler/ti-cgt-arm_20.2.7.LTS/lib/</path>
         <kind>archive</kind>
         <file>rtsv7M4_T_le_eabi.lib</file>
         <name>exit.c.obj</name>
      </input_file>
      <input_file id="fl-e1">
         <path>/Applications/TI/ccs/tools/compiler/ti-cgt-arm_20.2.7.LTS/lib/</path>
         <kind>archive</kind>
         <file>rtsv7M4_T_le_eabi.lib</file>
         <name>_lock.c.obj</name>
      </input_file>
      <input_file id="fl-e2">
         <path>/Applications/TI/ccs/tools/compiler/ti-cgt-arm_20.2.7.LTS/lib/</path>
         <kind>archive</kind>
         <file>rtsv7M4_T_le_eabi.lib</file>
         <name>_ltoa.c.obj</name>
      </input_file>
      <input_file id="fl-e3">
         <path>/Applications/TI/ccs/tools/compiler/ti-cgt-arm_20.2.7.LTS/lib/</path>
         <kind>archive</kind>
         <file>rtsv7M4_T_le_eabi.lib</file>
         <name>atoi.c.obj</name>
      </input_file>
      <input_file id="fl-e4">
         <path>/Applications/TI/ccs/tools/compiler/ti-cgt-arm_20.2.7.LTS/lib/</path>
         <kind>archive</kind>
         <file>rtsv7M4_T_le_eabi.lib</file>
         <name>ctype.c.obj</name>
      </input_file>
      <input_file id="fl-e5">
         <path>/Applications/TI/ccs/tools/compiler/ti-cgt-arm_20.2.7.LTS/lib/</path>
         <kind>archive</kind>
         <file>rtsv7M4_T_le_eabi.lib</file>
         <name>defs.c.obj</name>
      </input_file>
      <input_file id="fl-e6">
         <path>/Applications/TI/ccs/tools/compiler/ti-cgt-arm_20.2.7.LTS/lib/</path>
         <kind>archive</kind>
         <file>rtsv7M4_T_le_eabi.lib</file>
         <name>memccpy.c.obj</name>
      </input_file>
      <input_file id="fl-e7">
         <path>/Applications/TI/ccs/tools/compiler/ti-cgt-arm_20.2.7.LTS/lib/</path>
         <kind>archive</kind>
         <file>rtsv7M4_T_le_eabi.lib</file>
         <name>memchr.c.obj</name>
      </input_file>
      <input_file id="fl-e8">
         <path>/Applications/TI/ccs/tools/compiler/ti-cgt-arm_20.2.7.LTS/lib/</path>
         <kind>archive</kind>
         <file>rtsv7M4_T_le_eabi.lib</file>
         <name>memmov.c.obj</name>
      </input_file>
      <input_file id="fl-e9">
         <path>/Applications/TI/ccs/tools/compiler/ti-cgt-arm_20.2.7.LTS/lib/</path>
         <kind>archive</kind>
         <file>rtsv7M4_T_le_eabi.lib</file>
         <name>memory.c.obj</name>
      </input_file>
      <input_file id="fl-ea">
         <path>/Applications/TI/ccs/tools/compiler/ti-cgt-arm_20.2.7.LTS/lib/</path>
         <kind>archive</kind>
         <file>rtsv7M4_T_le_eabi.lib</file>
         <name>rand.c.obj</name>
      </input_file>
      <input_file id="fl-eb">
         <path>/Applications/TI/ccs/tools/compiler/ti-cgt-arm_20.2.7.LTS/lib/</path>
         <kind>archive</kind>
         <file>rtsv7M4_T_le_eabi.lib</file>
         <name>strchr.c.obj</name>
      </input_file>
      <input_file id="fl-ec">
         <path>/Applications/TI/ccs/tools/compiler/ti-cgt-arm_20.2.7.LTS/lib/</path>
         <kind>archive</kind>
         <file>rtsv7M4_T_le_eabi.lib</file>
         <name>strlen.c.obj</name>
      </input_file>
      <input_file id="fl-ed">
         <path>/Applications/TI/ccs/tools/compiler/ti-cgt-arm_20.2.7.LTS/lib/</path>
         <kind>archive</kind>
         <file>rtsv7M4_T_le_eabi.lib</file>
         <name>boot_cortex_m.c.obj</name>
      </input_file>
      <input_file id="fl-ee">
         <path>/Applications/TI/ccs/tools/compiler/ti-cgt-arm_20.2.7.LTS/lib/</path>
         <kind>archive</kind>
         <file>rtsv7M4_T_le_eabi.lib</file>
         <name>write.c.obj</name>
      </input_file>
      <input_file id="fl-ef">
         <path>/Applications/TI/ccs/tools/compiler/ti-cgt-arm_20.2.7.LTS/lib/</path>
         <kind>archive</kind>
         <file>rtsv7M4_T_le_eabi.lib</file>
         <name>host_device.c.obj</name>
      </input_file>
      <input_file id="fl-f0">
         <path>/Applications/TI/ccs/tools/compiler/ti-cgt-arm_20.2.7.LTS/lib/</path>
         <kind>archive</kind>
         <file>rtsv7M4_T_le_eabi.lib</file>
         <name>errno.c.obj</name>
      </input_file>
      <input_file id="fl-f1">
         <path>/Applications/TI/ccs/tools/compiler/ti-cgt-arm_20.2.7.LTS/lib/</path>
         <kind>archive</kind>
         <file>rtsv7M4_T_le_eabi.lib</file>
         <name>wcslen.c.obj</name>
      </input_file>
      <input_file id="fl-f2">
         <path>/Applications/TI/ccs/tools/compiler/ti-cgt-arm_20.2.7.LTS/lib/</path>
         <kind>archive</kind>
         <file>rtsv7M4_T_le_eabi.lib</file>
         <name>s_frexp.c.obj</name>
      </input_file>
      <input_file id="fl-f3">
         <path>/Applications/TI/ccs/tools/compiler/ti-cgt-arm_20.2.7.LTS/lib/</path>
         <kind>archive</kind>
         <file>rtsv7M4_T_le_eabi.lib</file>
         <name>s_scalbn.c.obj</name>
      </input_file>
      <input_file id="fl-f4">
         <path>/Applications/TI/ccs/tools/compiler/ti-cgt-arm_20.2.7.LTS/lib/</path>
         <kind>archive</kind>
         <file>rtsv7M4_T_le_eabi.lib</file>
         <name>fflush.c.obj</name>
      </input_file>
      <input_file id="fl-f5">
         <path>/Applications/TI/ccs/tools/compiler/ti-cgt-arm_20.2.7.LTS/lib/</path>
         <kind>archive</kind>
         <file>rtsv7M4_T_le_eabi.lib</file>
         <name>fopen.c.obj</name>
      </input_file>
      <input_file id="fl-f6">
         <path>/Applications/TI/ccs/tools/compiler/ti-cgt-arm_20.2.7.LTS/lib/</path>
         <kind>archive</kind>
         <file>rtsv7M4_T_le_eabi.lib</file>
         <name>fseek.c.obj</name>
      </input_file>
      <input_file id="fl-f7">
         <path>/Applications/TI/ccs/tools/compiler/ti-cgt-arm_20.2.7.LTS/lib/</path>
         <kind>archive</kind>
         <file>rtsv7M4_T_le_eabi.lib</file>
         <name>div0.asm.obj</name>
      </input_file>
      <input_file id="fl-f8">
         <path>/Applications/TI/ccs/tools/compiler/ti-cgt-arm_20.2.7.LTS/lib/</path>
         <kind>archive</kind>
         <file>rtsv7M4_T_le_eabi.lib</file>
         <name>autoinit.c.obj</name>
      </input_file>
      <input_file id="fl-f9">
         <path>/Applications/TI/ccs/tools/compiler/ti-cgt-arm_20.2.7.LTS/lib/</path>
         <kind>archive</kind>
         <file>rtsv7M4_T_le_eabi.lib</file>
         <name>pre_init.c.obj</name>
      </input_file>
      <input_file id="fl-fa">
         <path>/Applications/TI/ccs/tools/compiler/ti-cgt-arm_20.2.7.LTS/lib/</path>
         <kind>archive</kind>
         <file>rtsv7M4_T_le_eabi.lib</file>
         <name>cpy_tbl.c.obj</name>
      </input_file>
      <input_file id="fl-fb">
         <path>/Applications/TI/ccs/tools/compiler/ti-cgt-arm_20.2.7.LTS/lib/</path>
         <kind>archive</kind>
         <file>rtsv7M4_T_le_eabi.lib</file>
         <name>args_main.c.obj</name>
      </input_file>
      <input_file id="fl-fc">
         <path>/Applications/TI/ccs/tools/compiler/ti-cgt-arm_20.2.7.LTS/lib/</path>
         <kind>archive</kind>
         <file>rtsv7M4_T_le_eabi.lib</file>
         <name>hostclose.c.obj</name>
      </input_file>
      <input_file id="fl-fd">
         <path>/Applications/TI/ccs/tools/compiler/ti-cgt-arm_20.2.7.LTS/lib/</path>
         <kind>archive</kind>
         <file>rtsv7M4_T_le_eabi.lib</file>
         <name>hostlseek.c.obj</name>
      </input_file>
      <input_file id="fl-fe">
         <path>/Applications/TI/ccs/tools/compiler/ti-cgt-arm_20.2.7.LTS/lib/</path>
         <kind>archive</kind>
         <file>rtsv7M4_T_le_eabi.lib</file>
         <name>hostopen.c.obj</name>
      </input_file>
      <input_file id="fl-ff">
         <path>/Applications/TI/ccs/tools/compiler/ti-cgt-arm_20.2.7.LTS/lib/</path>
         <kind>archive</kind>
         <file>rtsv7M4_T_le_eabi.lib</file>
         <name>hostread.c.obj</name>
      </input_file>
      <input_file id="fl-100">
         <path>/Applications/TI/ccs/tools/compiler/ti-cgt-arm_20.2.7.LTS/lib/</path>
         <kind>archive</kind>
         <file>rtsv7M4_T_le_eabi.lib</file>
         <name>hostrename.c.obj</name>
      </input_file>
      <input_file id="fl-101">
         <path>/Applications/TI/ccs/tools/compiler/ti-cgt-arm_20.2.7.LTS/lib/</path>
         <kind>archive</kind>
         <file>rtsv7M4_T_le_eabi.lib</file>
         <name>hostunlink.c.obj</name>
      </input_file>
      <input_file id="fl-102">
         <path>/Applications/TI/ccs/tools/compiler/ti-cgt-arm_20.2.7.LTS/lib/</path>
         <kind>archive</kind>
         <file>rtsv7M4_T_le_eabi.lib</file>
         <name>hostwrite.c.obj</name>
      </input_file>
      <input_file id="fl-103">
         <path>/Applications/TI/ccs/tools/compiler/ti-cgt-arm_20.2.7.LTS/lib/</path>
         <kind>archive</kind>
         <file>rtsv7M4_T_le_eabi.lib</file>
         <name>trgmsg.c.obj</name>
      </input_file>
      <input_file id="fl-104">
         <path>/Applications/TI/ccs/tools/compiler/ti-cgt-arm_20.2.7.LTS/lib/</path>
         <kind>archive</kind>
         <file>rtsv7M4_T_le_eabi.lib</file>
         <name>open.c.obj</name>
      </input_file>
      <input_file id="fl-105">
         <path>/Applications/TI/ccs/tools/compiler/ti-cgt-arm_20.2.7.LTS/lib/</path>
         <kind>archive</kind>
         <file>rtsv7M4_T_le_eabi.lib</file>
         <name>lseek.c.obj</name>
      </input_file>
      <input_file id="fl-106">
         <path>/Applications/TI/ccs/tools/compiler/ti-cgt-arm_20.2.7.LTS/lib/</path>
         <kind>archive</kind>
         <file>rtsv7M4_T_le_eabi.lib</file>
         <name>s_copysign.c.obj</name>
      </input_file>
      <input_file id="fl-107">
         <path>/Applications/TI/ccs/tools/compiler/ti-cgt-arm_20.2.7.LTS/lib/</path>
         <kind>archive</kind>
         <file>rtsv7M4_T_le_eabi.lib</file>
         <name>fclose.c.obj</name>
      </input_file>
      <input_file id="fl-108">
         <path>/Applications/TI/ccs/tools/compiler/ti-cgt-arm_20.2.7.LTS/lib/</path>
         <kind>archive</kind>
         <file>rtsv7M4_T_le_eabi.lib</file>
         <name>getdevice.c.obj</name>
      </input_file>
      <input_file id="fl-109">
         <path>/Applications/TI/ccs/tools/compiler/ti-cgt-arm_20.2.7.LTS/lib/</path>
         <kind>archive</kind>
         <file>rtsv7M4_T_le_eabi.lib</file>
         <name>strcmp.c.obj</name>
      </input_file>
      <input_file id="fl-10a">
         <path>/Applications/TI/ccs/tools/compiler/ti-cgt-arm_20.2.7.LTS/lib/</path>
         <kind>archive</kind>
         <file>rtsv7M4_T_le_eabi.lib</file>
         <name>strcpy.c.obj</name>
      </input_file>
      <input_file id="fl-10b">
         <path>/Applications/TI/ccs/tools/compiler/ti-cgt-arm_20.2.7.LTS/lib/</path>
         <kind>archive</kind>
         <file>rtsv7M4_T_le_eabi.lib</file>
         <name>strncpy.c.obj</name>
      </input_file>
      <input_file id="fl-10c">
         <path>/Applications/TI/ccs/tools/compiler/ti-cgt-arm_20.2.7.LTS/lib/</path>
         <kind>archive</kind>
         <file>rtsv7M4_T_le_eabi.lib</file>
         <name>remove.c.obj</name>
      </input_file>
      <input_file id="fl-10d">
         <path>/Applications/TI/ccs/tools/compiler/ti-cgt-arm_20.2.7.LTS/lib/</path>
         <kind>archive</kind>
         <file>rtsv7M4_T_le_eabi.lib</file>
         <name>close.c.obj</name>
      </input_file>
      <input_file id="fl-10e">
         <path>/Applications/TI/ccs/tools/compiler/ti-cgt-arm_20.2.7.LTS/lib/</path>
         <kind>archive</kind>
         <file>rtsv7M4_T_le_eabi.lib</file>
         <name>unlink.c.obj</name>
      </input_file>
   </input_file_list>
   <object_component_list>
      <object_component id="oc-12">
         <name>.intvecs</name>
         <load_address>0x20004000</load_address>
         <run_address>0x20004000</run_address>
         <size>0x400</size>
         <input_file_ref idref="fl-7"/>
      </object_component>
      <object_component id="oc-d1">
         <name>.text</name>
         <load_address>0x20004400</load_address>
         <run_address>0x20004400</run_address>
         <size>0xa80</size>
         <input_file_ref idref="fl-1"/>
      </object_component>
      <object_component id="oc-1ed">
         <name>.text:__TI_printfi</name>
         <load_address>0x20004e80</load_address>
         <run_address>0x20004e80</run_address>
         <size>0xa4e</size>
         <input_file_ref idref="fl-ce"/>
      </object_component>
      <object_component id="oc-2c9">
         <name>.text:_nop</name>
         <load_address>0x200058ce</load_address>
         <run_address>0x200058ce</run_address>
         <size>0x2</size>
         <input_file_ref idref="fl-e1"/>
      </object_component>
      <object_component id="oc-c5">
         <name>.text</name>
         <load_address>0x200058d0</load_address>
         <run_address>0x200058d0</run_address>
         <size>0x4a6</size>
         <input_file_ref idref="fl-2"/>
      </object_component>
      <object_component id="oc-4a7">
         <name>.text</name>
         <load_address>0x20005d76</load_address>
         <run_address>0x20005d76</run_address>
         <size>0x2</size>
         <input_file_ref idref="fl-f7"/>
      </object_component>
      <object_component id="oc-d8">
         <name>.text</name>
         <load_address>0x20005d78</load_address>
         <run_address>0x20005d78</run_address>
         <size>0x2a0</size>
         <input_file_ref idref="fl-3"/>
      </object_component>
      <object_component id="oc-11a">
         <name>.text</name>
         <load_address>0x20006018</load_address>
         <run_address>0x20006018</run_address>
         <size>0x27c</size>
         <input_file_ref idref="fl-8"/>
      </object_component>
      <object_component id="oc-31c">
         <name>.text:_pconv_a</name>
         <load_address>0x20006294</load_address>
         <run_address>0x20006294</run_address>
         <size>0x268</size>
         <input_file_ref idref="fl-ce"/>
      </object_component>
      <object_component id="oc-97">
         <name>.text</name>
         <load_address>0x200064fc</load_address>
         <run_address>0x200064fc</run_address>
         <size>0x218</size>
         <input_file_ref idref="fl-4"/>
      </object_component>
      <object_component id="oc-30a">
         <name>.text:_pconv_g</name>
         <load_address>0x20006714</load_address>
         <run_address>0x20006714</run_address>
         <size>0x1cc</size>
         <input_file_ref idref="fl-ce"/>
      </object_component>
      <object_component id="oc-413">
         <name>.text</name>
         <load_address>0x200068e0</load_address>
         <run_address>0x200068e0</run_address>
         <size>0x1b6</size>
         <input_file_ref idref="fl-d4"/>
      </object_component>
      <object_component id="oc-f6">
         <name>.text:PRCMCC3200MCUInit</name>
         <load_address>0x20006a98</load_address>
         <run_address>0x20006a98</run_address>
         <size>0x178</size>
         <input_file_ref idref="fl-12"/>
      </object_component>
      <object_component id="oc-316">
         <name>.text:_pconv_e</name>
         <load_address>0x20006c10</load_address>
         <run_address>0x20006c10</run_address>
         <size>0x13c</size>
         <input_file_ref idref="fl-ce"/>
      </object_component>
      <object_component id="oc-3f9">
         <name>.text</name>
         <load_address>0x20006d4c</load_address>
         <run_address>0x20006d4c</run_address>
         <size>0x136</size>
         <input_file_ref idref="fl-d6"/>
      </object_component>
      <object_component id="oc-425">
         <name>.text:fcvt</name>
         <load_address>0x20006e84</load_address>
         <run_address>0x20006e84</run_address>
         <size>0x120</size>
         <input_file_ref idref="fl-ce"/>
      </object_component>
      <object_component id="oc-fc">
         <name>.text</name>
         <load_address>0x20006fa4</load_address>
         <run_address>0x20006fa4</run_address>
         <size>0x11c</size>
         <input_file_ref idref="fl-6"/>
      </object_component>
      <object_component id="oc-344">
         <name>.text:fputs</name>
         <load_address>0x200070c0</load_address>
         <run_address>0x200070c0</run_address>
         <size>0x114</size>
         <input_file_ref idref="fl-d1"/>
      </object_component>
      <object_component id="oc-39f">
         <name>.text:aligned_alloc</name>
         <load_address>0x200071d4</load_address>
         <run_address>0x200071d4</run_address>
         <size>0x100</size>
         <input_file_ref idref="fl-e9"/>
      </object_component>
      <object_component id="oc-3f4">
         <name>.text</name>
         <load_address>0x200072d4</load_address>
         <run_address>0x200072d4</run_address>
         <size>0xfc</size>
         <input_file_ref idref="fl-d7"/>
      </object_component>
      <object_component id="oc-286">
         <name>.text:free</name>
         <load_address>0x200073d0</load_address>
         <run_address>0x200073d0</run_address>
         <size>0xe4</size>
         <input_file_ref idref="fl-e9"/>
      </object_component>
      <object_component id="oc-280">
         <name>.text:realloc</name>
         <load_address>0x200074b4</load_address>
         <run_address>0x200074b4</run_address>
         <size>0xe4</size>
         <input_file_ref idref="fl-e9"/>
      </object_component>
      <object_component id="oc-4e2">
         <name>.text:setvbuf</name>
         <load_address>0x20007598</load_address>
         <run_address>0x20007598</run_address>
         <size>0xdc</size>
         <input_file_ref idref="fl-d3"/>
      </object_component>
      <object_component id="oc-439">
         <name>.text:scalbn</name>
         <load_address>0x20007674</load_address>
         <run_address>0x20007674</run_address>
         <size>0xd0</size>
         <input_file_ref idref="fl-f3"/>
      </object_component>
      <object_component id="oc-2ff">
         <name>.text:_ltostr</name>
         <load_address>0x20007744</load_address>
         <run_address>0x20007744</run_address>
         <size>0xb1</size>
         <input_file_ref idref="fl-ce"/>
      </object_component>
      <object_component id="oc-f0">
         <name>.text:IntEnable</name>
         <load_address>0x200077f8</load_address>
         <run_address>0x200077f8</run_address>
         <size>0xa8</size>
         <input_file_ref idref="fl-10"/>
      </object_component>
      <object_component id="oc-10e">
         <name>.text:SPIConfigSetExpClk</name>
         <load_address>0x200078a0</load_address>
         <run_address>0x200078a0</run_address>
         <size>0xa0</size>
         <input_file_ref idref="fl-13"/>
      </object_component>
      <object_component id="oc-3d">
         <name>.text</name>
         <load_address>0x20007940</load_address>
         <run_address>0x20007940</run_address>
         <size>0x9c</size>
         <input_file_ref idref="fl-da"/>
      </object_component>
      <object_component id="oc-3ed">
         <name>.text</name>
         <load_address>0x200079dc</load_address>
         <run_address>0x200079dc</run_address>
         <size>0x96</size>
         <input_file_ref idref="fl-dc"/>
      </object_component>
      <object_component id="oc-108">
         <name>.text:PRCMPeripheralClockGet</name>
         <load_address>0x20007a74</load_address>
         <run_address>0x20007a74</run_address>
         <size>0x94</size>
         <input_file_ref idref="fl-12"/>
      </object_component>
      <object_component id="oc-34b">
         <name>.text:fputc</name>
         <load_address>0x20007b08</load_address>
         <run_address>0x20007b08</run_address>
         <size>0x8c</size>
         <input_file_ref idref="fl-d0"/>
      </object_component>
      <object_component id="oc-369">
         <name>.text:PinConfigSet</name>
         <load_address>0x20007b94</load_address>
         <run_address>0x20007b94</run_address>
         <size>0x88</size>
         <input_file_ref idref="fl-11"/>
      </object_component>
      <object_component id="oc-305">
         <name>.text:__aeabi_cdcmple</name>
         <load_address>0x20007c1c</load_address>
         <run_address>0x20007c1c</run_address>
         <size>0x86</size>
         <input_file_ref idref="fl-d5"/>
      </object_component>
      <object_component id="oc-3fe">
         <name>.text:__aeabi_cdrcmple</name>
         <load_address>0x20007ca2</load_address>
         <run_address>0x20007ca2</run_address>
         <size>0x86</size>
         <input_file_ref idref="fl-d5"/>
      </object_component>
      <object_component id="oc-1da">
         <name>.text:I2CMasterInitExpClk</name>
         <load_address>0x20007d28</load_address>
         <run_address>0x20007d28</run_address>
         <size>0x84</size>
         <input_file_ref idref="fl-f"/>
      </object_component>
      <object_component id="oc-8b">
         <name>.text</name>
         <load_address>0x20007dac</load_address>
         <run_address>0x20007dac</run_address>
         <size>0x7a</size>
         <input_file_ref idref="fl-db"/>
      </object_component>
      <object_component id="oc-250">
         <name>.text:UARTConfigSetExpClk</name>
         <load_address>0x20007e26</load_address>
         <run_address>0x20007e26</run_address>
         <size>0x76</size>
         <input_file_ref idref="fl-14"/>
      </object_component>
      <object_component id="oc-544">
         <name>.text:__TI_closefile</name>
         <load_address>0x20007e9c</load_address>
         <run_address>0x20007e9c</run_address>
         <size>0x74</size>
         <input_file_ref idref="fl-107"/>
      </object_component>
      <object_component id="oc-3ac">
         <name>.text:split</name>
         <load_address>0x20007f10</load_address>
         <run_address>0x20007f10</run_address>
         <size>0x70</size>
         <input_file_ref idref="fl-e9"/>
      </object_component>
      <object_component id="oc-41e">
         <name>.text:_mcpy</name>
         <load_address>0x20007f80</load_address>
         <run_address>0x20007f80</run_address>
         <size>0x6e</size>
         <input_file_ref idref="fl-ce"/>
      </object_component>
      <object_component id="oc-574">
         <name>.text:HOSTrename</name>
         <load_address>0x20007ff0</load_address>
         <run_address>0x20007ff0</run_address>
         <size>0x6c</size>
         <input_file_ref idref="fl-100"/>
      </object_component>
      <object_component id="oc-568">
         <name>.text:HOSTlseek</name>
         <load_address>0x2000805c</load_address>
         <run_address>0x2000805c</run_address>
         <size>0x68</size>
         <input_file_ref idref="fl-fd"/>
      </object_component>
      <object_component id="oc-15">
         <name>.text:decompress:lzss:__TI_decompress_lzss</name>
         <load_address>0x200080c4</load_address>
         <run_address>0x200080c4</run_address>
         <size>0x68</size>
         <input_file_ref idref="fl-df"/>
      </object_component>
      <object_component id="oc-de">
         <name>.text:printf</name>
         <load_address>0x2000812c</load_address>
         <run_address>0x2000812c</run_address>
         <size>0x68</size>
         <input_file_ref idref="fl-cd"/>
      </object_component>
      <object_component id="oc-4dc">
         <name>.text:fseek</name>
         <load_address>0x20008194</load_address>
         <run_address>0x20008194</run_address>
         <size>0x64</size>
         <input_file_ref idref="fl-f6"/>
      </object_component>
      <object_component id="oc-462">
         <name>.text:__TI_wrt_ok</name>
         <load_address>0x200081f8</load_address>
         <run_address>0x200081f8</run_address>
         <size>0x62</size>
         <input_file_ref idref="fl-d2"/>
      </object_component>
      <object_component id="oc-550">
         <name>.text:HOSTopen</name>
         <load_address>0x2000825c</load_address>
         <run_address>0x2000825c</run_address>
         <size>0x60</size>
         <input_file_ref idref="fl-fe"/>
      </object_component>
      <object_component id="oc-580">
         <name>.text:close</name>
         <load_address>0x200082bc</load_address>
         <run_address>0x200082bc</run_address>
         <size>0x5c</size>
         <input_file_ref idref="fl-10d"/>
      </object_component>
      <object_component id="oc-433">
         <name>.text:frexp</name>
         <load_address>0x20008318</load_address>
         <run_address>0x20008318</run_address>
         <size>0x5c</size>
         <input_file_ref idref="fl-f2"/>
      </object_component>
      <object_component id="oc-55c">
         <name>.text:HOSTread</name>
         <load_address>0x20008374</load_address>
         <run_address>0x20008374</run_address>
         <size>0x58</size>
         <input_file_ref idref="fl-ff"/>
      </object_component>
      <object_component id="oc-562">
         <name>.text:HOSTwrite</name>
         <load_address>0x200083cc</load_address>
         <run_address>0x200083cc</run_address>
         <size>0x58</size>
         <input_file_ref idref="fl-102"/>
      </object_component>
      <object_component id="oc-1c8">
         <name>.text:PRCMPeripheralReset</name>
         <load_address>0x20008424</load_address>
         <run_address>0x20008424</run_address>
         <size>0x58</size>
         <input_file_ref idref="fl-12"/>
      </object_component>
      <object_component id="oc-310">
         <name>.text:_pconv_f</name>
         <load_address>0x2000847c</load_address>
         <run_address>0x2000847c</run_address>
         <size>0x56</size>
         <input_file_ref idref="fl-ce"/>
      </object_component>
      <object_component id="oc-408">
         <name>.text:__TI_ltoa</name>
         <load_address>0x200084d2</load_address>
         <run_address>0x200084d2</run_address>
         <size>0x54</size>
         <input_file_ref idref="fl-e2"/>
      </object_component>
      <object_component id="oc-418">
         <name>.text:_ecpy</name>
         <load_address>0x20008526</load_address>
         <run_address>0x20008526</run_address>
         <size>0x52</size>
         <input_file_ref idref="fl-ce"/>
      </object_component>
      <object_component id="oc-46e">
         <name>.text:__TI_doflush</name>
         <load_address>0x20008578</load_address>
         <run_address>0x20008578</run_address>
         <size>0x4c</size>
         <input_file_ref idref="fl-f4"/>
      </object_component>
      <object_component id="oc-2f9">
         <name>.text:atoi</name>
         <load_address>0x200085c4</load_address>
         <run_address>0x200085c4</run_address>
         <size>0x4c</size>
         <input_file_ref idref="fl-e3"/>
      </object_component>
      <object_component id="oc-12b">
         <name>.text:exit</name>
         <load_address>0x20008610</load_address>
         <run_address>0x20008610</run_address>
         <size>0x48</size>
         <input_file_ref idref="fl-e0"/>
      </object_component>
      <object_component id="oc-403">
         <name>.text</name>
         <load_address>0x20008658</load_address>
         <run_address>0x20008658</run_address>
         <size>0x48</size>
         <input_file_ref idref="fl-d8"/>
      </object_component>
      <object_component id="oc-556">
         <name>.text:HOSTclose</name>
         <load_address>0x200086a0</load_address>
         <run_address>0x200086a0</run_address>
         <size>0x44</size>
         <input_file_ref idref="fl-fc"/>
      </object_component>
      <object_component id="oc-56e">
         <name>.text:HOSTunlink</name>
         <load_address>0x200086e4</load_address>
         <run_address>0x200086e4</run_address>
         <size>0x44</size>
         <input_file_ref idref="fl-101"/>
      </object_component>
      <object_component id="oc-131">
         <name>.text:__TI_auto_init_nobinit_nopinit:__TI_auto_init_nobinit_nopinit</name>
         <load_address>0x20008728</load_address>
         <run_address>0x20008728</run_address>
         <size>0x44</size>
         <input_file_ref idref="fl-f8"/>
      </object_component>
      <object_component id="oc-5b5">
         <name>.text:getdevice</name>
         <load_address>0x2000876c</load_address>
         <run_address>0x2000876c</run_address>
         <size>0x44</size>
         <input_file_ref idref="fl-108"/>
      </object_component>
      <object_component id="oc-22d">
         <name>.text:PinModeSet</name>
         <load_address>0x200087b0</load_address>
         <run_address>0x200087b0</run_address>
         <size>0x40</size>
         <input_file_ref idref="fl-11"/>
      </object_component>
      <object_component id="oc-25c">
         <name>.text:vsnprintf</name>
         <load_address>0x200087f0</load_address>
         <run_address>0x200087f0</run_address>
         <size>0x40</size>
         <input_file_ref idref="fl-cf"/>
      </object_component>
      <object_component id="oc-42b">
         <name>.text:_fcpy</name>
         <load_address>0x20008830</load_address>
         <run_address>0x20008830</run_address>
         <size>0x3e</size>
         <input_file_ref idref="fl-ce"/>
      </object_component>
      <object_component id="oc-1c2">
         <name>.text:PRCMPeripheralClkEnable</name>
         <load_address>0x20008870</load_address>
         <run_address>0x20008870</run_address>
         <size>0x3c</size>
         <input_file_ref idref="fl-12"/>
      </object_component>
      <object_component id="oc-591">
         <name>.text:__TI_writemsg</name>
         <load_address>0x200088ac</load_address>
         <run_address>0x200088ac</run_address>
         <size>0x38</size>
         <input_file_ref idref="fl-103"/>
      </object_component>
      <object_component id="oc-239">
         <name>.text:GPIODirModeSet</name>
         <load_address>0x200088e4</load_address>
         <run_address>0x200088e4</run_address>
         <size>0x36</size>
         <input_file_ref idref="fl-e"/>
      </object_component>
      <object_component id="oc-5d7">
         <name>.text:strncpy</name>
         <load_address>0x2000891a</load_address>
         <run_address>0x2000891a</run_address>
         <size>0x36</size>
         <input_file_ref idref="fl-10b"/>
      </object_component>
      <object_component id="oc-51b">
         <name>.text:__TI_cleanup</name>
         <load_address>0x20008950</load_address>
         <run_address>0x20008950</run_address>
         <size>0x34</size>
         <input_file_ref idref="fl-f5"/>
      </object_component>
      <object_component id="oc-597">
         <name>.text:__TI_readmsg</name>
         <load_address>0x20008984</load_address>
         <run_address>0x20008984</run_address>
         <size>0x34</size>
         <input_file_ref idref="fl-103"/>
      </object_component>
      <object_component id="oc-cb">
         <name>.text:rand</name>
         <load_address>0x200089b8</load_address>
         <run_address>0x200089b8</run_address>
         <size>0x34</size>
         <input_file_ref idref="fl-ea"/>
      </object_component>
      <object_component id="oc-233">
         <name>.text:PinTypeGPIO</name>
         <load_address>0x200089ec</load_address>
         <run_address>0x200089ec</run_address>
         <size>0x30</size>
         <input_file_ref idref="fl-11"/>
      </object_component>
      <object_component id="oc-373">
         <name>.text:UARTDisable</name>
         <load_address>0x20008a1c</load_address>
         <run_address>0x20008a1c</run_address>
         <size>0x30</size>
         <input_file_ref idref="fl-14"/>
      </object_component>
      <object_component id="oc-381">
         <name>.text:_outs</name>
         <load_address>0x20008a4c</load_address>
         <run_address>0x20008a4c</run_address>
         <size>0x30</size>
         <input_file_ref idref="fl-cf"/>
      </object_component>
      <object_component id="oc-5dd">
         <name>.text:finddevice</name>
         <load_address>0x20008a7c</load_address>
         <run_address>0x20008a7c</run_address>
         <size>0x30</size>
         <input_file_ref idref="fl-108"/>
      </object_component>
      <object_component id="oc-40e">
         <name>.text</name>
         <load_address>0x20008aac</load_address>
         <run_address>0x20008aac</run_address>
         <size>0x2e</size>
         <input_file_ref idref="fl-d9"/>
      </object_component>
      <object_component id="oc-1aa">
         <name>.text:I2CMasterErr</name>
         <load_address>0x20008ada</load_address>
         <run_address>0x20008ada</run_address>
         <size>0x2c</size>
         <input_file_ref idref="fl-f"/>
      </object_component>
      <object_component id="oc-21a">
         <name>.text:PRCMSysResetCauseGet</name>
         <load_address>0x20008b08</load_address>
         <run_address>0x20008b08</run_address>
         <size>0x2c</size>
         <input_file_ref idref="fl-12"/>
      </object_component>
      <object_component id="oc-586">
         <name>.text:unlink</name>
         <load_address>0x20008b34</load_address>
         <run_address>0x20008b34</run_address>
         <size>0x2c</size>
         <input_file_ref idref="fl-10e"/>
      </object_component>
      <object_component id="oc-1e0">
         <name>.text:PRCMPeripheralClkDisable</name>
         <load_address>0x20008b60</load_address>
         <run_address>0x20008b60</run_address>
         <size>0x28</size>
         <input_file_ref idref="fl-12"/>
      </object_component>
      <object_component id="oc-3b3">
         <name>.text:free_list_insert</name>
         <load_address>0x20008b88</load_address>
         <run_address>0x20008b88</run_address>
         <size>0x28</size>
         <input_file_ref idref="fl-e9"/>
      </object_component>
      <object_component id="oc-513">
         <name>.text:lseek</name>
         <load_address>0x20008bb0</load_address>
         <run_address>0x20008bb0</run_address>
         <size>0x28</size>
         <input_file_ref idref="fl-105"/>
      </object_component>
      <object_component id="oc-274">
         <name>.text:memmove</name>
         <load_address>0x20008bd8</load_address>
         <run_address>0x20008bd8</run_address>
         <size>0x28</size>
         <input_file_ref idref="fl-e8"/>
      </object_component>
      <object_component id="oc-474">
         <name>.text:write</name>
         <load_address>0x20008c00</load_address>
         <run_address>0x20008c00</run_address>
         <size>0x28</size>
         <input_file_ref idref="fl-ee"/>
      </object_component>
      <object_component id="oc-379">
         <name>.text:UARTEnable</name>
         <load_address>0x20008c28</load_address>
         <run_address>0x20008c28</run_address>
         <size>0x24</size>
         <input_file_ref idref="fl-14"/>
      </object_component>
      <object_component id="oc-5b">
         <name>.text:_c_int00_noargs:_c_int00_noargs</name>
         <load_address>0x20008c4c</load_address>
         <run_address>0x20008c4c</run_address>
         <size>0x24</size>
         <input_file_ref idref="fl-ed"/>
      </object_component>
      <object_component id="oc-1b0">
         <name>.text:I2CMasterSlaveAddrSet</name>
         <load_address>0x20008c70</load_address>
         <run_address>0x20008c70</run_address>
         <size>0x22</size>
         <input_file_ref idref="fl-f"/>
      </object_component>
      <object_component id="oc-102">
         <name>.text:SPIReset</name>
         <load_address>0x20008c92</load_address>
         <run_address>0x20008c92</run_address>
         <size>0x22</size>
         <input_file_ref idref="fl-13"/>
      </object_component>
      <object_component id="oc-163">
         <name>.text:GPIOPinWrite</name>
         <load_address>0x20008cb4</load_address>
         <run_address>0x20008cb4</run_address>
         <size>0x20</size>
         <input_file_ref idref="fl-e"/>
      </object_component>
      <object_component id="oc-175">
         <name>.text:SPIDataGet</name>
         <load_address>0x20008cd4</load_address>
         <run_address>0x20008cd4</run_address>
         <size>0x20</size>
         <input_file_ref idref="fl-13"/>
      </object_component>
      <object_component id="oc-468">
         <name>.text:memchr</name>
         <load_address>0x20008cf4</load_address>
         <run_address>0x20008cf4</run_address>
         <size>0x20</size>
         <input_file_ref idref="fl-e7"/>
      </object_component>
      <object_component id="oc-1a4">
         <name>.text:I2CMasterIntStatusEx</name>
         <load_address>0x20008d14</load_address>
         <run_address>0x20008d14</run_address>
         <size>0x1e</size>
         <input_file_ref idref="fl-f"/>
      </object_component>
      <object_component id="oc-16f">
         <name>.text:SPIDataPut</name>
         <load_address>0x20008d32</load_address>
         <run_address>0x20008d32</run_address>
         <size>0x1e</size>
         <input_file_ref idref="fl-13"/>
      </object_component>
      <object_component id="oc-256">
         <name>.text:UARTCharPut</name>
         <load_address>0x20008d50</load_address>
         <run_address>0x20008d50</run_address>
         <size>0x1e</size>
         <input_file_ref idref="fl-14"/>
      </object_component>
      <object_component id="oc-23f">
         <name>.text:PinTypeI2C</name>
         <load_address>0x20008d6e</load_address>
         <run_address>0x20008d6e</run_address>
         <size>0x1c</size>
         <input_file_ref idref="fl-11"/>
      </object_component>
      <object_component id="oc-268">
         <name>.text:UARTCharGetNonBlocking</name>
         <load_address>0x20008d8a</load_address>
         <run_address>0x20008d8a</run_address>
         <size>0x1c</size>
         <input_file_ref idref="fl-14"/>
      </object_component>
      <object_component id="oc-49">
         <name>.text:decompress:ZI:__TI_zero_init_nomemset:__TI_zero_init_nomemset</name>
         <load_address>0x20008da6</load_address>
         <run_address>0x20008da6</run_address>
         <size>0x1c</size>
         <input_file_ref idref="fl-dd"/>
      </object_component>
      <object_component id="oc-3a6">
         <name>.text:free_list_remove</name>
         <load_address>0x20008dc4</load_address>
         <run_address>0x20008dc4</run_address>
         <size>0x1c</size>
         <input_file_ref idref="fl-e9"/>
      </object_component>
      <object_component id="oc-322">
         <name>.text:memccpy</name>
         <load_address>0x20008de0</load_address>
         <run_address>0x20008de0</run_address>
         <size>0x1c</size>
         <input_file_ref idref="fl-e6"/>
      </object_component>
      <object_component id="oc-245">
         <name>.text:PinTypeSPI</name>
         <load_address>0x20008dfc</load_address>
         <run_address>0x20008dfc</run_address>
         <size>0x1a</size>
         <input_file_ref idref="fl-11"/>
      </object_component>
      <object_component id="oc-1d4">
         <name>.text:I2CMasterIntEnableEx</name>
         <load_address>0x20008e16</load_address>
         <run_address>0x20008e16</run_address>
         <size>0x18</size>
         <input_file_ref idref="fl-f"/>
      </object_component>
      <object_component id="oc-17b">
         <name>.text:SPICSDisable</name>
         <load_address>0x20008e2e</load_address>
         <run_address>0x20008e2e</run_address>
         <size>0x18</size>
         <input_file_ref idref="fl-13"/>
      </object_component>
      <object_component id="oc-169">
         <name>.text:SPICSEnable</name>
         <load_address>0x20008e46</load_address>
         <run_address>0x20008e46</run_address>
         <size>0x18</size>
         <input_file_ref idref="fl-13"/>
      </object_component>
      <object_component id="oc-114">
         <name>.text:SPIEnable</name>
         <load_address>0x20008e5e</load_address>
         <run_address>0x20008e5e</run_address>
         <size>0x18</size>
         <input_file_ref idref="fl-13"/>
      </object_component>
      <object_component id="oc-262">
         <name>.text:UARTCharsAvail</name>
         <load_address>0x20008e76</load_address>
         <run_address>0x20008e76</run_address>
         <size>0x18</size>
         <input_file_ref idref="fl-14"/>
      </object_component>
      <object_component id="oc-387">
         <name>.text:_outc</name>
         <load_address>0x20008e8e</load_address>
         <run_address>0x20008e8e</run_address>
         <size>0x18</size>
         <input_file_ref idref="fl-cf"/>
      </object_component>
      <object_component id="oc-5f4">
         <name>.text:strcmp</name>
         <load_address>0x20008ea6</load_address>
         <run_address>0x20008ea6</run_address>
         <size>0x18</size>
         <input_file_ref idref="fl-109"/>
      </object_component>
      <object_component id="oc-1b6">
         <name>.text:I2CMasterDataPut</name>
         <load_address>0x20008ebe</load_address>
         <run_address>0x20008ebe</run_address>
         <size>0x16</size>
         <input_file_ref idref="fl-f"/>
      </object_component>
      <object_component id="oc-1ce">
         <name>.text:I2CMasterEnable</name>
         <load_address>0x20008ed4</load_address>
         <run_address>0x20008ed4</run_address>
         <size>0x16</size>
         <input_file_ref idref="fl-f"/>
      </object_component>
      <object_component id="oc-192">
         <name>.text:I2CMasterIntClear</name>
         <load_address>0x20008eea</load_address>
         <run_address>0x20008eea</run_address>
         <size>0x16</size>
         <input_file_ref idref="fl-f"/>
      </object_component>
      <object_component id="oc-220">
         <name>.text:PRCMHIBRegRead</name>
         <load_address>0x20008f00</load_address>
         <run_address>0x20008f00</run_address>
         <size>0x16</size>
         <input_file_ref idref="fl-12"/>
      </object_component>
      <object_component id="oc-226">
         <name>.text:PRCMHIBRegWrite</name>
         <load_address>0x20008f16</load_address>
         <run_address>0x20008f16</run_address>
         <size>0x16</size>
         <input_file_ref idref="fl-12"/>
      </object_component>
      <object_component id="oc-43f">
         <name>.text:strchr</name>
         <load_address>0x20008f2c</load_address>
         <run_address>0x20008f2c</run_address>
         <size>0x16</size>
         <input_file_ref idref="fl-eb"/>
      </object_component>
      <object_component id="oc-20a">
         <name>.text:CPUcpsie</name>
         <load_address>0x20008f42</load_address>
         <run_address>0x20008f42</run_address>
         <size>0x14</size>
         <input_file_ref idref="fl-16"/>
      </object_component>
      <object_component id="oc-e4">
         <name>.text:IntVTableBaseSet</name>
         <load_address>0x20008f58</load_address>
         <run_address>0x20008f58</run_address>
         <size>0x14</size>
         <input_file_ref idref="fl-10"/>
      </object_component>
      <object_component id="oc-5ab">
         <name>.text:strcpy</name>
         <load_address>0x20008f6c</load_address>
         <run_address>0x20008f6c</run_address>
         <size>0x14</size>
         <input_file_ref idref="fl-10a"/>
      </object_component>
      <object_component id="oc-26e">
         <name>.text:strlen</name>
         <load_address>0x20008f80</load_address>
         <run_address>0x20008f80</run_address>
         <size>0x14</size>
         <input_file_ref idref="fl-ec"/>
      </object_component>
      <object_component id="oc-19e">
         <name>.text:I2CMasterControl</name>
         <load_address>0x20008f94</load_address>
         <run_address>0x20008f94</run_address>
         <size>0x12</size>
         <input_file_ref idref="fl-f"/>
      </object_component>
      <object_component id="oc-198">
         <name>.text:I2CMasterTimeoutSet</name>
         <load_address>0x20008fa6</load_address>
         <run_address>0x20008fa6</run_address>
         <size>0x12</size>
         <input_file_ref idref="fl-f"/>
      </object_component>
      <object_component id="oc-328">
         <name>.text:wcslen</name>
         <load_address>0x20008fb8</load_address>
         <run_address>0x20008fb8</run_address>
         <size>0x12</size>
         <input_file_ref idref="fl-f1"/>
      </object_component>
      <object_component id="oc-1bc">
         <name>.text:I2CMasterDataGet</name>
         <load_address>0x20008fca</load_address>
         <run_address>0x20008fca</run_address>
         <size>0xe</size>
         <input_file_ref idref="fl-f"/>
      </object_component>
      <object_component id="oc-1b">
         <name>.text:decompress:none:__TI_decompress_none</name>
         <load_address>0x20008fd8</load_address>
         <run_address>0x20008fd8</run_address>
         <size>0xe</size>
         <input_file_ref idref="fl-de"/>
      </object_component>
      <object_component id="oc-29">
         <name>.text</name>
         <load_address>0x20008fe6</load_address>
         <run_address>0x20008fe6</run_address>
         <size>0xe</size>
         <input_file_ref idref="fl-7"/>
      </object_component>
      <object_component id="oc-4c0">
         <name>.text:copysign</name>
         <load_address>0x20008ff4</load_address>
         <run_address>0x20008ff4</run_address>
         <size>0xc</size>
         <input_file_ref idref="fl-106"/>
      </object_component>
      <object_component id="oc-ea">
         <name>.text:IntMasterEnable</name>
         <load_address>0x20009000</load_address>
         <run_address>0x20009000</run_address>
         <size>0xa</size>
         <input_file_ref idref="fl-10"/>
      </object_component>
      <object_component id="oc-32e">
         <name>.text:__aeabi_errno_addr</name>
         <load_address>0x2000900c</load_address>
         <run_address>0x2000900c</run_address>
         <size>0x8</size>
         <input_file_ref idref="fl-f0"/>
      </object_component>
      <object_component id="oc-27a">
         <name>.text:malloc</name>
         <load_address>0x20009014</load_address>
         <run_address>0x20009014</run_address>
         <size>0x8</size>
         <input_file_ref idref="fl-e9"/>
      </object_component>
      <object_component id="oc-d7">
         <name>.text:UtilsDelay</name>
         <load_address>0x2000901c</load_address>
         <run_address>0x2000901c</run_address>
         <size>0x6</size>
         <input_file_ref idref="fl-15"/>
      </object_component>
      <object_component id="oc-1fc">
         <name>.text:_outc</name>
         <load_address>0x20009022</load_address>
         <run_address>0x20009022</run_address>
         <size>0x4</size>
         <input_file_ref idref="fl-cd"/>
      </object_component>
      <object_component id="oc-1f6">
         <name>.text:_outs</name>
         <load_address>0x20009026</load_address>
         <run_address>0x20009026</run_address>
         <size>0x4</size>
         <input_file_ref idref="fl-cd"/>
      </object_component>
      <object_component id="oc-91">
         <name>.text:_system_pre_init</name>
         <load_address>0x2000902a</load_address>
         <run_address>0x2000902a</run_address>
         <size>0x4</size>
         <input_file_ref idref="fl-f9"/>
      </object_component>
      <object_component id="oc-125">
         <name>.text:abort:abort</name>
         <load_address>0x2000902e</load_address>
         <run_address>0x2000902e</run_address>
         <size>0x4</size>
         <input_file_ref idref="fl-e0"/>
      </object_component>
      <object_component id="oc-18a">
         <name>.const:.string:font</name>
         <load_address>0x20009034</load_address>
         <run_address>0x20009034</run_address>
         <size>0x4fb</size>
         <input_file_ref idref="fl-1"/>
      </object_component>
      <object_component id="oc-3e8">
         <name>.const:.string:_ctypes_</name>
         <load_address>0x2000952f</load_address>
         <run_address>0x2000952f</run_address>
         <size>0x101</size>
         <input_file_ref idref="fl-e4"/>
      </object_component>
      <object_component id="oc-365">
         <name>.const:g_ulPinToPadMap</name>
         <load_address>0x20009630</load_address>
         <run_address>0x20009630</run_address>
         <size>0x100</size>
         <input_file_ref idref="fl-11"/>
      </object_component>
      <object_component id="oc-2e8">
         <name>.const:PRCM_PeriphRegsList</name>
         <load_address>0x20009730</load_address>
         <run_address>0x20009730</run_address>
         <size>0xa8</size>
         <input_file_ref idref="fl-12"/>
      </object_component>
      <object_component id="oc-216">
         <name>.const:g_pulEnRegs</name>
         <load_address>0x200097d8</load_address>
         <run_address>0x200097d8</run_address>
         <size>0x18</size>
         <input_file_ref idref="fl-10"/>
      </object_component>
      <object_component id="oc-62e">
         <name>.cinit..data.load</name>
         <load_address>0x200097f0</load_address>
         <run_address>0x200097f0</run_address>
         <size>0x7d</size>
      </object_component>
      <object_component id="oc-62c">
         <name>__TI_handler_table</name>
         <load_address>0x20009870</load_address>
         <run_address>0x20009870</run_address>
         <size>0xc</size>
      </object_component>
      <object_component id="oc-62f">
         <name>.cinit..bss.load</name>
         <load_address>0x20009880</load_address>
         <run_address>0x20009880</run_address>
         <size>0x8</size>
      </object_component>
      <object_component id="oc-62d">
         <name>__TI_cinit_table</name>
         <load_address>0x20009888</load_address>
         <run_address>0x20009888</run_address>
         <size>0x10</size>
      </object_component>
      <object_component id="oc-18d">
         <name>.data</name>
         <load_address>0x200179b8</load_address>
         <run_address>0x200179b8</run_address>
         <size>0x15</size>
         <input_file_ref idref="fl-1"/>
      </object_component>
      <object_component id="oc-120">
         <name>.data</name>
         <load_address>0x200179fc</load_address>
         <run_address>0x200179fc</run_address>
         <size>0x4</size>
         <input_file_ref idref="fl-4"/>
      </object_component>
      <object_component id="oc-2a5">
         <name>.data:$O1$$</name>
         <load_address>0x200179e0</load_address>
         <run_address>0x200179e0</run_address>
         <size>0xc</size>
         <input_file_ref idref="fl-e0"/>
      </object_component>
      <object_component id="oc-183">
         <name>.data:$O1$$</name>
         <load_address>0x200179ec</load_address>
         <run_address>0x200179ec</run_address>
         <size>0x8</size>
         <input_file_ref idref="fl-e1"/>
      </object_component>
      <object_component id="oc-1f3">
         <name>.data:_ftable</name>
         <load_address>0x20017800</load_address>
         <run_address>0x20017800</run_address>
         <size>0xf0</size>
         <input_file_ref idref="fl-e5"/>
      </object_component>
      <object_component id="oc-54a">
         <name>.data</name>
         <load_address>0x200179d0</load_address>
         <run_address>0x200179d0</run_address>
         <size>0x10</size>
         <input_file_ref idref="fl-e5"/>
      </object_component>
      <object_component id="oc-48e">
         <name>.data:$O1$$</name>
         <load_address>0x200179f4</load_address>
         <run_address>0x200179f4</run_address>
         <size>0x8</size>
         <input_file_ref idref="fl-e9"/>
      </object_component>
      <object_component id="oc-186">
         <name>.data</name>
         <load_address>0x20017a04</load_address>
         <run_address>0x20017a04</run_address>
         <size>0x4</size>
         <input_file_ref idref="fl-ea"/>
      </object_component>
      <object_component id="oc-52e">
         <name>.data:_device</name>
         <load_address>0x200178f0</load_address>
         <run_address>0x200178f0</run_address>
         <size>0x78</size>
         <input_file_ref idref="fl-ef"/>
      </object_component>
      <object_component id="oc-4ee">
         <name>.data:_stream</name>
         <load_address>0x20017968</load_address>
         <run_address>0x20017968</run_address>
         <size>0x50</size>
         <input_file_ref idref="fl-ef"/>
      </object_component>
      <object_component id="oc-44f">
         <name>.data</name>
         <load_address>0x20017a00</load_address>
         <run_address>0x20017a00</run_address>
         <size>0x4</size>
         <input_file_ref idref="fl-f0"/>
      </object_component>
      <object_component id="oc-28c">
         <name>.bss</name>
         <uninitialized>true</uninitialized>
         <run_address>0x20017bd0</run_address>
         <size>0x4</size>
         <input_file_ref idref="fl-8"/>
      </object_component>
      <object_component id="oc-5bf">
         <name>.bss:_CIOBUF_</name>
         <uninitialized>true</uninitialized>
         <run_address>0x20017a08</run_address>
         <size>0x120</size>
         <input_file_ref idref="fl-103"/>
      </object_component>
      <object_component id="oc-58c">
         <name>.common:__TI_tmpnams</name>
         <uninitialized>true</uninitialized>
         <run_address>0x20017b28</run_address>
         <size>0xa0</size>
      </object_component>
      <object_component id="oc-59d">
         <name>.common:parmbuf</name>
         <uninitialized>true</uninitialized>
         <run_address>0x20017bc8</run_address>
         <size>0x8</size>
      </object_component>
      <object_component id="oc-23">
         <name>.sysmem</name>
         <uninitialized>true</uninitialized>
         <run_address>0x20017000</run_address>
         <size>0x10</size>
         <input_file_ref idref="fl-e9"/>
      </object_component>
      <object_component id="oc-632">
         <name>.sysmem</name>
         <uninitialized>true</uninitialized>
         <run_address>0x20017000</run_address>
         <size>0x0</size>
      </object_component>
      <object_component id="oc-26">
         <name>.stack</name>
         <uninitialized>true</uninitialized>
         <run_address>0x2002f800</run_address>
         <size>0x4</size>
         <input_file_ref idref="fl-ed"/>
      </object_component>
      <object_component id="oc-631">
         <name>.stack</name>
         <uninitialized>true</uninitialized>
         <run_address>0x2002f800</run_address>
         <size>0x0</size>
      </object_component>
      <object_component id="oc-191">
         <name>.debug_info</name>
         <load_address>0x0</load_address>
         <run_address>0x0</run_address>
         <size>0x216</size>
         <input_file_ref idref="fl-1"/>
      </object_component>
      <object_component id="oc-18b">
         <name>.debug_info</name>
         <load_address>0x216</load_address>
         <run_address>0x216</run_address>
         <size>0xc8</size>
         <input_file_ref idref="fl-1"/>
      </object_component>
      <object_component id="oc-18e">
         <name>.debug_info</name>
         <load_address>0x2de</load_address>
         <run_address>0x2de</run_address>
         <size>0x176</size>
         <input_file_ref idref="fl-1"/>
      </object_component>
      <object_component id="oc-d2">
         <name>.debug_info</name>
         <load_address>0x454</load_address>
         <run_address>0x454</run_address>
         <size>0x1534</size>
         <input_file_ref idref="fl-1"/>
      </object_component>
      <object_component id="oc-38">
         <name>.debug_info</name>
         <load_address>0x1988</load_address>
         <run_address>0x1988</run_address>
         <size>0x84</size>
         <input_file_ref idref="fl-1"/>
      </object_component>
      <object_component id="oc-182">
         <name>.debug_info</name>
         <load_address>0x1a0c</load_address>
         <run_address>0x1a0c</run_address>
         <size>0x217</size>
         <input_file_ref idref="fl-2"/>
      </object_component>
      <object_component id="oc-c9">
         <name>.debug_info</name>
         <load_address>0x1c23</load_address>
         <run_address>0x1c23</run_address>
         <size>0xe52</size>
         <input_file_ref idref="fl-2"/>
      </object_component>
      <object_component id="oc-3e3">
         <name>.debug_info</name>
         <load_address>0x2a75</load_address>
         <run_address>0x2a75</run_address>
         <size>0x62</size>
         <input_file_ref idref="fl-2"/>
      </object_component>
      <object_component id="oc-211">
         <name>.debug_info</name>
         <load_address>0x2ad7</load_address>
         <run_address>0x2ad7</run_address>
         <size>0x2c</size>
         <input_file_ref idref="fl-2"/>
      </object_component>
      <object_component id="oc-bc">
         <name>.debug_info</name>
         <load_address>0x2b03</load_address>
         <run_address>0x2b03</run_address>
         <size>0x2c</size>
         <input_file_ref idref="fl-2"/>
      </object_component>
      <object_component id="oc-29f">
         <name>.debug_info</name>
         <load_address>0x2b2f</load_address>
         <run_address>0x2b2f</run_address>
         <size>0x35</size>
         <input_file_ref idref="fl-2"/>
      </object_component>
      <object_component id="oc-1ec">
         <name>.debug_info</name>
         <load_address>0x2b64</load_address>
         <run_address>0x2b64</run_address>
         <size>0x4e4</size>
         <input_file_ref idref="fl-3"/>
      </object_component>
      <object_component id="oc-d9">
         <name>.debug_info</name>
         <load_address>0x3048</load_address>
         <run_address>0x3048</run_address>
         <size>0xcb5</size>
         <input_file_ref idref="fl-3"/>
      </object_component>
      <object_component id="oc-29a">
         <name>.debug_info</name>
         <load_address>0x3cfd</load_address>
         <run_address>0x3cfd</run_address>
         <size>0x26b</size>
         <input_file_ref idref="fl-3"/>
      </object_component>
      <object_component id="oc-291">
         <name>.debug_info</name>
         <load_address>0x3f68</load_address>
         <run_address>0x3f68</run_address>
         <size>0x110</size>
         <input_file_ref idref="fl-3"/>
      </object_component>
      <object_component id="oc-1e7">
         <name>.debug_info</name>
         <load_address>0x4078</load_address>
         <run_address>0x4078</run_address>
         <size>0x8b</size>
         <input_file_ref idref="fl-3"/>
      </object_component>
      <object_component id="oc-359">
         <name>.debug_info</name>
         <load_address>0x4103</load_address>
         <run_address>0x4103</run_address>
         <size>0x2a4</size>
         <input_file_ref idref="fl-3"/>
      </object_component>
      <object_component id="oc-2f4">
         <name>.debug_info</name>
         <load_address>0x43a7</load_address>
         <run_address>0x43a7</run_address>
         <size>0xbb</size>
         <input_file_ref idref="fl-3"/>
      </object_component>
      <object_component id="oc-124">
         <name>.debug_info</name>
         <load_address>0x4462</load_address>
         <run_address>0x4462</run_address>
         <size>0x519</size>
         <input_file_ref idref="fl-4"/>
      </object_component>
      <object_component id="oc-121">
         <name>.debug_info</name>
         <load_address>0x497b</load_address>
         <run_address>0x497b</run_address>
         <size>0xc3</size>
         <input_file_ref idref="fl-4"/>
      </object_component>
      <object_component id="oc-98">
         <name>.debug_info</name>
         <load_address>0x4a3e</load_address>
         <run_address>0x4a3e</run_address>
         <size>0x58e</size>
         <input_file_ref idref="fl-4"/>
      </object_component>
      <object_component id="oc-204">
         <name>.debug_info</name>
         <load_address>0x4fcc</load_address>
         <run_address>0x4fcc</run_address>
         <size>0x2c</size>
         <input_file_ref idref="fl-4"/>
      </object_component>
      <object_component id="oc-fe">
         <name>.debug_info</name>
         <load_address>0x4ff8</load_address>
         <run_address>0x4ff8</run_address>
         <size>0x389</size>
         <input_file_ref idref="fl-6"/>
      </object_component>
      <object_component id="oc-31">
         <name>.debug_info</name>
         <load_address>0x5381</load_address>
         <run_address>0x5381</run_address>
         <size>0x195</size>
         <input_file_ref idref="fl-7"/>
      </object_component>
      <object_component id="oc-13">
         <name>.debug_info</name>
         <load_address>0x5516</load_address>
         <run_address>0x5516</run_address>
         <size>0x114</size>
         <input_file_ref idref="fl-7"/>
      </object_component>
      <object_component id="oc-2a">
         <name>.debug_info</name>
         <load_address>0x562a</load_address>
         <run_address>0x562a</run_address>
         <size>0x4cb</size>
         <input_file_ref idref="fl-7"/>
      </object_component>
      <object_component id="oc-290">
         <name>.debug_info</name>
         <load_address>0x5af5</load_address>
         <run_address>0x5af5</run_address>
         <size>0x3a4</size>
         <input_file_ref idref="fl-8"/>
      </object_component>
      <object_component id="oc-28d">
         <name>.debug_info</name>
         <load_address>0x5e99</load_address>
         <run_address>0x5e99</run_address>
         <size>0xcf</size>
         <input_file_ref idref="fl-8"/>
      </object_component>
      <object_component id="oc-11b">
         <name>.debug_info</name>
         <load_address>0x5f68</load_address>
         <run_address>0x5f68</run_address>
         <size>0x635</size>
         <input_file_ref idref="fl-8"/>
      </object_component>
      <object_component id="oc-23d">
         <name>.debug_info</name>
         <load_address>0x659d</load_address>
         <run_address>0x659d</run_address>
         <size>0x1dd</size>
         <input_file_ref idref="fl-e"/>
      </object_component>
      <object_component id="oc-166">
         <name>.debug_info</name>
         <load_address>0x677a</load_address>
         <run_address>0x677a</run_address>
         <size>0x1d4</size>
         <input_file_ref idref="fl-e"/>
      </object_component>
      <object_component id="oc-4a1">
         <name>.debug_info</name>
         <load_address>0x694e</load_address>
         <run_address>0x694e</run_address>
         <size>0x220</size>
         <input_file_ref idref="fl-f"/>
      </object_component>
      <object_component id="oc-1db">
         <name>.debug_info</name>
         <load_address>0x6b6e</load_address>
         <run_address>0x6b6e</run_address>
         <size>0x242</size>
         <input_file_ref idref="fl-f"/>
      </object_component>
      <object_component id="oc-1d0">
         <name>.debug_info</name>
         <load_address>0x6db0</load_address>
         <run_address>0x6db0</run_address>
         <size>0x18d</size>
         <input_file_ref idref="fl-f"/>
      </object_component>
      <object_component id="oc-1d6">
         <name>.debug_info</name>
         <load_address>0x6f3d</load_address>
         <run_address>0x6f3d</run_address>
         <size>0x1da</size>
         <input_file_ref idref="fl-f"/>
      </object_component>
      <object_component id="oc-1a6">
         <name>.debug_info</name>
         <load_address>0x7117</load_address>
         <run_address>0x7117</run_address>
         <size>0x1ca</size>
         <input_file_ref idref="fl-f"/>
      </object_component>
      <object_component id="oc-194">
         <name>.debug_info</name>
         <load_address>0x72e1</load_address>
         <run_address>0x72e1</run_address>
         <size>0x191</size>
         <input_file_ref idref="fl-f"/>
      </object_component>
      <object_component id="oc-1b2">
         <name>.debug_info</name>
         <load_address>0x7472</load_address>
         <run_address>0x7472</run_address>
         <size>0x20f</size>
         <input_file_ref idref="fl-f"/>
      </object_component>
      <object_component id="oc-1a0">
         <name>.debug_info</name>
         <load_address>0x7681</load_address>
         <run_address>0x7681</run_address>
         <size>0x1be</size>
         <input_file_ref idref="fl-f"/>
      </object_component>
      <object_component id="oc-1ac">
         <name>.debug_info</name>
         <load_address>0x783f</load_address>
         <run_address>0x783f</run_address>
         <size>0x1a3</size>
         <input_file_ref idref="fl-f"/>
      </object_component>
      <object_component id="oc-1b8">
         <name>.debug_info</name>
         <load_address>0x79e2</load_address>
         <run_address>0x79e2</run_address>
         <size>0x1be</size>
         <input_file_ref idref="fl-f"/>
      </object_component>
      <object_component id="oc-1be">
         <name>.debug_info</name>
         <load_address>0x7ba0</load_address>
         <run_address>0x7ba0</run_address>
         <size>0x193</size>
         <input_file_ref idref="fl-f"/>
      </object_component>
      <object_component id="oc-19a">
         <name>.debug_info</name>
         <load_address>0x7d33</load_address>
         <run_address>0x7d33</run_address>
         <size>0x1cc</size>
         <input_file_ref idref="fl-f"/>
      </object_component>
      <object_component id="oc-4fd">
         <name>.debug_info</name>
         <load_address>0x7eff</load_address>
         <run_address>0x7eff</run_address>
         <size>0x26b</size>
         <input_file_ref idref="fl-f"/>
      </object_component>
      <object_component id="oc-3da">
         <name>.debug_info</name>
         <load_address>0x816a</load_address>
         <run_address>0x816a</run_address>
         <size>0x297</size>
         <input_file_ref idref="fl-f"/>
      </object_component>
      <object_component id="oc-2dc">
         <name>.debug_info</name>
         <load_address>0x8401</load_address>
         <run_address>0x8401</run_address>
         <size>0xbb</size>
         <input_file_ref idref="fl-f"/>
      </object_component>
      <object_component id="oc-361">
         <name>.debug_info</name>
         <load_address>0x84bc</load_address>
         <run_address>0x84bc</run_address>
         <size>0x201</size>
         <input_file_ref idref="fl-10"/>
      </object_component>
      <object_component id="oc-217">
         <name>.debug_info</name>
         <load_address>0x86bd</load_address>
         <run_address>0x86bd</run_address>
         <size>0xf4</size>
         <input_file_ref idref="fl-10"/>
      </object_component>
      <object_component id="oc-ed">
         <name>.debug_info</name>
         <load_address>0x87b1</load_address>
         <run_address>0x87b1</run_address>
         <size>0x17c</size>
         <input_file_ref idref="fl-10"/>
      </object_component>
      <object_component id="oc-e8">
         <name>.debug_info</name>
         <load_address>0x892d</load_address>
         <run_address>0x892d</run_address>
         <size>0x1ae</size>
         <input_file_ref idref="fl-10"/>
      </object_component>
      <object_component id="oc-f4">
         <name>.debug_info</name>
         <load_address>0x8adb</load_address>
         <run_address>0x8adb</run_address>
         <size>0x19f</size>
         <input_file_ref idref="fl-10"/>
      </object_component>
      <object_component id="oc-482">
         <name>.debug_info</name>
         <load_address>0x8c7a</load_address>
         <run_address>0x8c7a</run_address>
         <size>0x14e</size>
         <input_file_ref idref="fl-11"/>
      </object_component>
      <object_component id="oc-366">
         <name>.debug_info</name>
         <load_address>0x8dc8</load_address>
         <run_address>0x8dc8</run_address>
         <size>0xf6</size>
         <input_file_ref idref="fl-11"/>
      </object_component>
      <object_component id="oc-22f">
         <name>.debug_info</name>
         <load_address>0x8ebe</load_address>
         <run_address>0x8ebe</run_address>
         <size>0x1bf</size>
         <input_file_ref idref="fl-11"/>
      </object_component>
      <object_component id="oc-36b">
         <name>.debug_info</name>
         <load_address>0x907d</load_address>
         <run_address>0x907d</run_address>
         <size>0x20d</size>
         <input_file_ref idref="fl-11"/>
      </object_component>
      <object_component id="oc-241">
         <name>.debug_info</name>
         <load_address>0x928a</load_address>
         <run_address>0x928a</run_address>
         <size>0x1d2</size>
         <input_file_ref idref="fl-11"/>
      </object_component>
      <object_component id="oc-248">
         <name>.debug_info</name>
         <load_address>0x945c</load_address>
         <run_address>0x945c</run_address>
         <size>0x1d2</size>
         <input_file_ref idref="fl-11"/>
      </object_component>
      <object_component id="oc-236">
         <name>.debug_info</name>
         <load_address>0x962e</load_address>
         <run_address>0x962e</run_address>
         <size>0x222</size>
         <input_file_ref idref="fl-11"/>
      </object_component>
      <object_component id="oc-2ed">
         <name>.debug_info</name>
         <load_address>0x9850</load_address>
         <run_address>0x9850</run_address>
         <size>0x25e</size>
         <input_file_ref idref="fl-12"/>
      </object_component>
      <object_component id="oc-2e9">
         <name>.debug_info</name>
         <load_address>0x9aae</load_address>
         <run_address>0x9aae</run_address>
         <size>0xff</size>
         <input_file_ref idref="fl-12"/>
      </object_component>
      <object_component id="oc-21c">
         <name>.debug_info</name>
         <load_address>0x9bad</load_address>
         <run_address>0x9bad</run_address>
         <size>0x1a6</size>
         <input_file_ref idref="fl-12"/>
      </object_component>
      <object_component id="oc-1c4">
         <name>.debug_info</name>
         <load_address>0x9d53</load_address>
         <run_address>0x9d53</run_address>
         <size>0x1eb</size>
         <input_file_ref idref="fl-12"/>
      </object_component>
      <object_component id="oc-1e2">
         <name>.debug_info</name>
         <load_address>0x9f3e</load_address>
         <run_address>0x9f3e</run_address>
         <size>0x1ed</size>
         <input_file_ref idref="fl-12"/>
      </object_component>
      <object_component id="oc-10a">
         <name>.debug_info</name>
         <load_address>0xa12b</load_address>
         <run_address>0xa12b</run_address>
         <size>0x216</size>
         <input_file_ref idref="fl-12"/>
      </object_component>
      <object_component id="oc-1ca">
         <name>.debug_info</name>
         <load_address>0xa341</load_address>
         <run_address>0xa341</run_address>
         <size>0x1c0</size>
         <input_file_ref idref="fl-12"/>
      </object_component>
      <object_component id="oc-f8">
         <name>.debug_info</name>
         <load_address>0xa501</load_address>
         <run_address>0xa501</run_address>
         <size>0x283</size>
         <input_file_ref idref="fl-12"/>
[...]
         <name>PRCMPeripheralClkDisable</name>
         <value>0x20008b61</value>
         <object_component_ref idref="oc-1e0"/>
      </symbol>
      <symbol id="sm-39b">
         <name>PRCMHIBRegRead</name>
         <value>0x20008f01</value>
         <object_component_ref idref="oc-220"/>
      </symbol>
      <symbol id="sm-3e0">
         <name>SPICSEnable</name>
         <value>0x20008e47</value>
         <object_component_ref idref="oc-169"/>
      </symbol>
      <symbol id="sm-3e1">
         <name>SPIDataPut</name>
         <value>0x20008d33</value>
         <object_component_ref idref="oc-16f"/>
      </symbol>
      <symbol id="sm-3e2">
         <name>SPIEnable</name>
         <value>0x20008e5f</value>
         <object_component_ref idref="oc-114"/>
      </symbol>
      <symbol id="sm-3e3">
         <name>SPIDataGet</name>
         <value>0x20008cd5</value>
         <object_component_ref idref="oc-175"/>
      </symbol>
      <symbol id="sm-3e4">
         <name>SPIConfigSetExpClk</name>
         <value>0x200078a1</value>
         <object_component_ref idref="oc-10e"/>
      </symbol>
      <symbol id="sm-3e5">
         <name>SPIReset</name>
         <value>0x20008c93</value>
         <object_component_ref idref="oc-102"/>
      </symbol>
      <symbol id="sm-3e6">
         <name>SPICSDisable</name>
         <value>0x20008e2f</value>
         <object_component_ref idref="oc-17b"/>
      </symbol>
      <symbol id="sm-422">
         <name>UARTConfigSetExpClk</name>
         <value>0x20007e27</value>
         <object_component_ref idref="oc-250"/>
      </symbol>
      <symbol id="sm-423">
         <name>UARTDisable</name>
         <value>0x20008a1d</value>
         <object_component_ref idref="oc-373"/>
      </symbol>
      <symbol id="sm-424">
         <name>UARTCharsAvail</name>
         <value>0x20008e77</value>
         <object_component_ref idref="oc-262"/>
      </symbol>
      <symbol id="sm-425">
         <name>UARTCharGetNonBlocking</name>
         <value>0x20008d8b</value>
         <object_component_ref idref="oc-268"/>
      </symbol>
      <symbol id="sm-426">
         <name>UARTCharPut</name>
         <value>0x20008d51</value>
         <object_component_ref idref="oc-256"/>
      </symbol>
      <symbol id="sm-427">
         <name>UARTEnable</name>
         <value>0x20008c29</value>
         <object_component_ref idref="oc-379"/>
      </symbol>
      <symbol id="sm-42b">
         <name>UtilsDelay</name>
         <value>0x2000901d</value>
         <object_component_ref idref="oc-d7"/>
      </symbol>
      <symbol id="sm-435">
         <name>CPUcpsie</name>
         <value>0x20008f43</value>
         <object_component_ref idref="oc-20a"/>
      </symbol>
      <symbol id="sm-462">
         <name>printf</name>
         <value>0x2000812d</value>
         <object_component_ref idref="oc-de"/>
      </symbol>
      <symbol id="sm-5cc">
         <name>__TI_printfi</name>
         <value>0x20004e81</value>
         <object_component_ref idref="oc-1ed"/>
      </symbol>
      <symbol id="sm-5f6">
         <name>vsnprintf</name>
         <value>0x200087f1</value>
         <object_component_ref idref="oc-25c"/>
      </symbol>
      <symbol id="sm-60b">
         <name>putc</name>
         <value>0x20007b09</value>
         <object_component_ref idref="oc-34b"/>
      </symbol>
      <symbol id="sm-60c">
         <name>fputc</name>
         <value>0x20007b09</value>
         <object_component_ref idref="oc-34b"/>
      </symbol>
      <symbol id="sm-62a">
         <name>fputs</name>
         <value>0x200070c1</value>
         <object_component_ref idref="oc-344"/>
      </symbol>
      <symbol id="sm-642">
         <name>__TI_wrt_ok</name>
         <value>0x200081f9</value>
         <object_component_ref idref="oc-462"/>
      </symbol>
      <symbol id="sm-65e">
         <name>setvbuf</name>
         <value>0x20007599</value>
         <object_component_ref idref="oc-4e2"/>
      </symbol>
      <symbol id="sm-675">
         <name>__aeabi_dsub</name>
         <value>0x200068e1</value>
         <object_component_ref idref="oc-413"/>
      </symbol>
      <symbol id="sm-676">
         <name>__aeabi_dadd</name>
         <value>0x200068eb</value>
         <object_component_ref idref="oc-413"/>
      </symbol>
      <symbol id="sm-698">
         <name>__aeabi_cdcmpeq</name>
         <value>0x20007c1d</value>
         <object_component_ref idref="oc-305"/>
      </symbol>
      <symbol id="sm-699">
         <name>__aeabi_cdcmple</name>
         <value>0x20007c1d</value>
         <object_component_ref idref="oc-305"/>
      </symbol>
      <symbol id="sm-69a">
         <name>__aeabi_cdrcmple</name>
         <value>0x20007ca3</value>
         <object_component_ref idref="oc-3fe"/>
      </symbol>
      <symbol id="sm-6ae">
         <name>__aeabi_ddiv</name>
         <value>0x20006d4d</value>
         <object_component_ref idref="oc-3f9"/>
      </symbol>
      <symbol id="sm-6b9">
         <name>__aeabi_dmul</name>
         <value>0x200072d5</value>
         <object_component_ref idref="oc-3f4"/>
      </symbol>
      <symbol id="sm-6c3">
         <name>__aeabi_d2iz</name>
         <value>0x20008659</value>
         <object_component_ref idref="oc-403"/>
      </symbol>
      <symbol id="sm-6cd">
         <name>__aeabi_i2d</name>
         <value>0x20008aad</value>
         <object_component_ref idref="oc-40e"/>
      </symbol>
      <symbol id="sm-6e8">
         <name>memcpy</name>
         <value>0x20007941</value>
         <object_component_ref idref="oc-3d"/>
      </symbol>
      <symbol id="sm-6e9">
         <name>__aeabi_memcpy</name>
         <value>0x20007941</value>
         <object_component_ref idref="oc-3d"/>
      </symbol>
      <symbol id="sm-6ea">
         <name>__aeabi_memcpy8</name>
         <value>0x20007941</value>
         <object_component_ref idref="oc-3d"/>
      </symbol>
      <symbol id="sm-6eb">
         <name>__aeabi_memcpy4</name>
         <value>0x20007941</value>
         <object_component_ref idref="oc-3d"/>
      </symbol>
      <symbol id="sm-6fa">
         <name>__aeabi_memset</name>
         <value>0x20007daf</value>
         <object_component_ref idref="oc-8b"/>
      </symbol>
      <symbol id="sm-6fb">
         <name>memset</name>
         <value>0x20007db5</value>
         <object_component_ref idref="oc-8b"/>
      </symbol>
      <symbol id="sm-6fc">
         <name>__aeabi_memset8</name>
         <value>0x20007daf</value>
         <object_component_ref idref="oc-8b"/>
      </symbol>
      <symbol id="sm-6fd">
         <name>__aeabi_memset4</name>
         <value>0x20007daf</value>
         <object_component_ref idref="oc-8b"/>
      </symbol>
      <symbol id="sm-6fe">
         <name>__aeabi_memclr8</name>
         <value>0x20007dad</value>
         <object_component_ref idref="oc-8b"/>
      </symbol>
      <symbol id="sm-6ff">
         <name>__aeabi_memclr4</name>
         <value>0x20007dad</value>
         <object_component_ref idref="oc-8b"/>
      </symbol>
      <symbol id="sm-700">
         <name>__aeabi_memclr</name>
         <value>0x20007dad</value>
         <object_component_ref idref="oc-8b"/>
      </symbol>
      <symbol id="sm-70d">
         <name>__aeabi_uldivmod</name>
         <value>0x200079dd</value>
         <object_component_ref idref="oc-3ed"/>
      </symbol>
      <symbol id="sm-721">
         <name>__TI_zero_init_nomemset</name>
         <value>0x20008da7</value>
         <object_component_ref idref="oc-49"/>
      </symbol>
      <symbol id="sm-738">
         <name>__TI_decompress_none</name>
         <value>0x20008fd9</value>
         <object_component_ref idref="oc-1b"/>
      </symbol>
      <symbol id="sm-75b">
         <name>__TI_decompress_lzss</name>
         <value>0x200080c5</value>
         <object_component_ref idref="oc-15"/>
      </symbol>
      <symbol id="sm-781">
         <name>C$$EXIT</name>
         <value>0x2000902f</value>
         <object_component_ref idref="oc-125"/>
      </symbol>
      <symbol id="sm-782">
         <name>abort</name>
         <value>0x2000902f</value>
         <object_component_ref idref="oc-125"/>
      </symbol>
      <symbol id="sm-783">
         <name>__TI_dtors_ptr</name>
         <value>0x200179e4</value>
         <object_component_ref idref="oc-2a5"/>
      </symbol>
      <symbol id="sm-784">
         <name>__TI_cleanup_ptr</name>
         <value>0x200179e0</value>
         <object_component_ref idref="oc-2a5"/>
      </symbol>
      <symbol id="sm-785">
         <name>__TI_enable_exit_profile_output</name>
         <value>0x200179e8</value>
         <object_component_ref idref="oc-2a5"/>
      </symbol>
      <symbol id="sm-786">
         <name>exit</name>
         <value>0x20008611</value>
         <object_component_ref idref="oc-12b"/>
      </symbol>
      <symbol id="sm-79b">
         <name>_nop</name>
         <value>0x200058cf</value>
         <object_component_ref idref="oc-2c9"/>
      </symbol>
      <symbol id="sm-79c">
         <name>_lock</name>
         <value>0x200179ec</value>
         <object_component_ref idref="oc-183"/>
      </symbol>
      <symbol id="sm-79d">
         <name>_unlock</name>
         <value>0x200179f0</value>
         <object_component_ref idref="oc-183"/>
      </symbol>
      <symbol id="sm-7ac">
         <name>__TI_ltoa</name>
         <value>0x200084d3</value>
         <object_component_ref idref="oc-408"/>
      </symbol>
      <symbol id="sm-7c2">
         <name>atoi</name>
         <value>0x200085c5</value>
         <object_component_ref idref="oc-2f9"/>
      </symbol>
      <symbol id="sm-7cd">
         <name>_ctypes_</name>
         <value>0x2000952f</value>
         <object_component_ref idref="oc-3e8"/>
      </symbol>
      <symbol id="sm-7e2">
         <name>__TI_tmpnams</name>
         <value>0x20017b28</value>
      </symbol>
      <symbol id="sm-7e3">
         <name>__aeabi_stdout</name>
         <value>0x200179d8</value>
         <object_component_ref idref="oc-54a"/>
      </symbol>
      <symbol id="sm-7e4">
         <name>__aeabi_stderr</name>
         <value>0x200179dc</value>
         <object_component_ref idref="oc-54a"/>
      </symbol>
      <symbol id="sm-7e5">
         <name>__aeabi_stdin</name>
         <value>0x200179d4</value>
         <object_component_ref idref="oc-54a"/>
      </symbol>
      <symbol id="sm-7e6">
         <name>_ftable</name>
         <value>0x20017800</value>
         <object_component_ref idref="oc-1f3"/>
      </symbol>
      <symbol id="sm-7e7">
         <name>__TI_ft_end</name>
         <value>0x200179d0</value>
         <object_component_ref idref="oc-54a"/>
      </symbol>
      <symbol id="sm-7f7">
         <name>memccpy</name>
         <value>0x20008de1</value>
         <object_component_ref idref="oc-322"/>
      </symbol>
      <symbol id="sm-807">
         <name>memchr</name>
         <value>0x20008cf5</value>
         <object_component_ref idref="oc-468"/>
      </symbol>
      <symbol id="sm-818">
         <name>memmove</name>
         <value>0x20008bd9</value>
         <object_component_ref idref="oc-274"/>
      </symbol>
      <symbol id="sm-8b6">
         <name>_sys_memory</name>
         <value>0x20017000</value>
         <object_component_ref idref="oc-23"/>
      </symbol>
      <symbol id="sm-8b7">
         <name>free</name>
         <value>0x200073d1</value>
         <object_component_ref idref="oc-286"/>
      </symbol>
      <symbol id="sm-8b8">
         <name>realloc</name>
         <value>0x200074b5</value>
         <object_component_ref idref="oc-280"/>
      </symbol>
      <symbol id="sm-8b9">
         <name>memalign</name>
         <value>0x200071d5</value>
         <object_component_ref idref="oc-39f"/>
      </symbol>
      <symbol id="sm-8ba">
         <name>malloc</name>
         <value>0x20009015</value>
         <object_component_ref idref="oc-27a"/>
      </symbol>
      <symbol id="sm-8bb">
         <name>aligned_alloc</name>
         <value>0x200071d5</value>
         <object_component_ref idref="oc-39f"/>
      </symbol>
      <symbol id="sm-8d1">
         <name>rand</name>
         <value>0x200089b9</value>
         <object_component_ref idref="oc-cb"/>
      </symbol>
      <symbol id="sm-8e1">
         <name>strchr</name>
         <value>0x20008f2d</value>
         <object_component_ref idref="oc-43f"/>
      </symbol>
      <symbol id="sm-8ef">
         <name>strlen</name>
         <value>0x20008f81</value>
         <object_component_ref idref="oc-26e"/>
      </symbol>
      <symbol id="sm-901">
         <name>__stack</name>
         <value>0x2002f800</value>
         <object_component_ref idref="oc-26"/>
      </symbol>
      <symbol id="sm-902">
         <name>_c_int00_noargs</name>
         <value>0x20008c4d</value>
         <object_component_ref idref="oc-5b"/>
      </symbol>
      <symbol id="sm-91c">
         <name>write</name>
         <value>0x20008c01</value>
         <object_component_ref idref="oc-474"/>
      </symbol>
      <symbol id="sm-92d">
         <name>_stream</name>
         <value>0x20017968</value>
         <object_component_ref idref="oc-4ee"/>
      </symbol>
      <symbol id="sm-92e">
         <name>_device</name>
         <value>0x200178f0</value>
         <object_component_ref idref="oc-52e"/>
      </symbol>
      <symbol id="sm-944">
         <name>__aeabi_errno_addr</name>
         <value>0x2000900d</value>
         <object_component_ref idref="oc-32e"/>
      </symbol>
      <symbol id="sm-945">
         <name>errno</name>
         <value>0x20017a00</value>
         <object_component_ref idref="oc-44f"/>
      </symbol>
      <symbol id="sm-95e">
         <name>wcslen</name>
         <value>0x20008fb9</value>
         <object_component_ref idref="oc-328"/>
      </symbol>
      <symbol id="sm-97e">
         <name>frexpl</name>
         <value>0x20008319</value>
         <object_component_ref idref="oc-433"/>
      </symbol>
      <symbol id="sm-97f">
         <name>frexp</name>
         <value>0x20008319</value>
         <object_component_ref idref="oc-433"/>
      </symbol>
      <symbol id="sm-99d">
         <name>scalbn</name>
         <value>0x20007675</value>
         <object_component_ref idref="oc-439"/>
      </symbol>
      <symbol id="sm-99e">
         <name>scalbnl</name>
         <value>0x20007675</value>
         <object_component_ref idref="oc-439"/>
      </symbol>
      <symbol id="sm-99f">
         <name>ldexpl</name>
         <value>0x20007675</value>
         <object_component_ref idref="oc-439"/>
      </symbol>
      <symbol id="sm-9a0">
         <name>ldexp</name>
         <value>0x20007675</value>
         <object_component_ref idref="oc-439"/>
      </symbol>
      <symbol id="sm-9b0">
         <name>__TI_doflush</name>
         <value>0x20008579</value>
         <object_component_ref idref="oc-46e"/>
      </symbol>
      <symbol id="sm-9c0">
         <name>__TI_cleanup</name>
         <value>0x20008951</value>
         <object_component_ref idref="oc-51b"/>
      </symbol>
      <symbol id="sm-9d2">
         <name>fseek</name>
         <value>0x20008195</value>
         <object_component_ref idref="oc-4dc"/>
      </symbol>
      <symbol id="sm-9dc">
         <name>__aeabi_idiv0</name>
         <value>0x20005d77</value>
         <object_component_ref idref="oc-4a7"/>
      </symbol>
      <symbol id="sm-9dd">
         <name>__aeabi_ldiv0</name>
         <value>0x20005d77</value>
         <object_component_ref idref="oc-4a7"/>
      </symbol>
      <symbol id="sm-a05">
         <name>__TI_auto_init_nobinit_nopinit</name>
         <value>0x20008729</value>
         <object_component_ref idref="oc-131"/>
      </symbol>
      <symbol id="sm-a0f">
         <name>_system_pre_init</name>
         <value>0x2000902b</value>
         <object_component_ref idref="oc-91"/>
      </symbol>
      <symbol id="sm-a22">
         <name>HOSTclose</name>
         <value>0x200086a1</value>
         <object_component_ref idref="oc-556"/>
      </symbol>
      <symbol id="sm-a33">
         <name>HOSTlseek</name>
         <value>0x2000805d</value>
         <object_component_ref idref="oc-568"/>
      </symbol>
      <symbol id="sm-a45">
         <name>parmbuf</name>
         <value>0x20017bc8</value>
      </symbol>
      <symbol id="sm-a46">
         <name>HOSTopen</name>
         <value>0x2000825d</value>
         <object_component_ref idref="oc-550"/>
      </symbol>
      <symbol id="sm-a57">
         <name>HOSTread</name>
         <value>0x20008375</value>
         <object_component_ref idref="oc-55c"/>
      </symbol>
      <symbol id="sm-a68">
         <name>HOSTrename</name>
         <value>0x20007ff1</value>
         <object_component_ref idref="oc-574"/>
      </symbol>
      <symbol id="sm-a79">
         <name>HOSTunlink</name>
         <value>0x200086e5</value>
         <object_component_ref idref="oc-56e"/>
      </symbol>
      <symbol id="sm-a8a">
         <name>HOSTwrite</name>
         <value>0x200083cd</value>
         <object_component_ref idref="oc-562"/>
      </symbol>
      <symbol id="sm-aae">
         <name>__TI_readmsg</name>
         <value>0x20008985</value>
         <object_component_ref idref="oc-597"/>
      </symbol>
      <symbol id="sm-aaf">
         <name>C$$IO$$</name>
         <value>0x200088db</value>
         <object_component_ref idref="oc-591"/>
      </symbol>
      <symbol id="sm-ab0">
         <name>__CIOBUF_</name>
         <value>0x20017a08</value>
         <object_component_ref idref="oc-5bf"/>
      </symbol>
      <symbol id="sm-ab1">
         <name>__TI_writemsg</name>
         <value>0x200088ad</value>
         <object_component_ref idref="oc-591"/>
      </symbol>
      <symbol id="sm-ac2">
         <name>lseek</name>
         <value>0x20008bb1</value>
         <object_component_ref idref="oc-513"/>
      </symbol>
      <symbol id="sm-acc">
         <name>copysign</name>
         <value>0x20008ff5</value>
         <object_component_ref idref="oc-4c0"/>
      </symbol>
      <symbol id="sm-acd">
         <name>copysignl</name>
         <value>0x20008ff5</value>
         <object_component_ref idref="oc-4c0"/>
      </symbol>
      <symbol id="sm-ae2">
         <name>__TI_closefile</name>
         <value>0x20007e9d</value>
         <object_component_ref idref="oc-544"/>
      </symbol>
      <symbol id="sm-b05">
         <name>finddevice</name>
         <value>0x20008a7d</value>
         <object_component_ref idref="oc-5dd"/>
      </symbol>
      <symbol id="sm-b06">
         <name>getdevice</name>
         <value>0x2000876d</value>
         <object_component_ref idref="oc-5b5"/>
      </symbol>
      <symbol id="sm-b15">
         <name>strcmp</name>
         <value>0x20008ea7</value>
         <object_component_ref idref="oc-5f4"/>
      </symbol>
      <symbol id="sm-b23">
         <name>strcpy</name>
         <value>0x20008f6d</value>
         <object_component_ref idref="oc-5ab"/>
      </symbol>
      <symbol id="sm-b33">
         <name>strncpy</name>
         <value>0x2000891b</value>
         <object_component_ref idref="oc-5d7"/>
      </symbol>
      <symbol id="sm-b48">
         <name>close</name>
         <value>0x200082bd</value>
         <object_component_ref idref="oc-580"/>
      </symbol>
      <symbol id="sm-b58">
         <name>unlink</name>
         <value>0x20008b35</value>
         <object_component_ref idref="oc-586"/>
      </symbol>
      <symbol id="sm-b59">
         <name>__TI_static_base__</name>
         <value>0x200097f0</value>
      </symbol>
      <symbol id="sm-b5c">
         <name>__mpu_init</name>
         <value>0x0</value>
      </symbol>
      <symbol id="sm-b5d">
         <name>_system_post_cinit</name>
         <value>0x0</value>
      </symbol>
      <symbol id="sm-b5e">
         <name>remove</name>
         <value>0x20008b35</value>
      </symbol>
   </symbol_table>
   <title>Link successful</title>
</link_info>
