******************************************************************************
                  TI ARM Linker Unix v20.2.7                   
******************************************************************************
>> Linked Sun Apr 20 18:54:48 2025

OUTPUT FILE NAME:   <lab2.out>
ENTRY POINT SYMBOL: "_c_int00_noargs"  address: 20008c4d


MEMORY CONFIGURATION

         name            origin    length      used     unused   attr    fill
----------------------  --------  ---------  --------  --------  ----  --------
  SRAM_CODE             20004000   00013000  00005896  0000d76a  RW X
  SRAM_DATA             20017000   00019000  000013d4  00017c2c  RW X


SEGMENT ALLOCATION MAP

run origin  load origin   length   init length attrs members
----------  ----------- ---------- ----------- ----- -------
20004000    20004000    00005898   00005898    r-x
  20004000    20004000    00000400   00000400    r-- .intvecs
  20004400    20004400    00004c32   00004c32    r-x .text
  20009034    20009034    000007bc   000007bc    r-- .const
  200097f0    200097f0    000000a8   000000a8    r-- .cinit
20017000    20017000    00000bd4   00000000    rw-
  20017000    20017000    00000800   00000000    rw- .sysmem
  20017800    20017800    00000208   00000000    rw- .data
  20017a08    20017a08    000001cc   00000000    rw- .bss
2002f800    2002f800    00000800   00000000    rw-
  2002f800    2002f800    00000800   00000000    rw- .stack


SECTION ALLOCATION MAP

 output                                  attributes/
section   page    origin      length       input sections
--------  ----  ----------  ----------   ----------------
.intvecs   0    20004000    00000400     
                  20004000    00000400     startup_ccs.obj (.intvecs)

.init_array 
*          0    20004000    00000000     UNINITIALIZED

.text      0    20004400    00004c32     
                  20004400    00000a80     Adafruit_GFX.obj (.text)
                  20004e80    00000a4e     rtsv7M4_T_le_eabi.lib : _printfi.c.obj (.text:__TI_printfi)
                  200058ce    00000002                           : _lock.c.obj (.text:_nop)
                  200058d0    000004a6     Adafruit_OLED.obj (.text)
                  20005d76    00000002     rtsv7M4_T_le_eabi.lib : div0.asm.obj (.text)
                  20005d78    000002a0     i2c_if.obj (.text)
                  20006018    0000027c     uart_if.obj (.text)
                  20006294    00000268     rtsv7M4_T_le_eabi.lib : _printfi.c.obj (.text:_pconv_a)
                  200064fc    00000218     main.obj (.text)
                  20006714    000001cc     rtsv7M4_T_le_eabi.lib : _printfi.c.obj (.text:_pconv_g)
                  200068e0    000001b6                           : fd_add_t2.asm.obj (.text)
                  20006a96    00000002     --HOLE-- [fill = 0]
                  20006a98    00000178     driverlib.a : prcm.obj (.text:PRCMCC3200MCUInit)
                  20006c10    0000013c     rtsv7M4_T_le_eabi.lib : _printfi.c.obj (.text:_pconv_e)
                  20006d4c    00000136                           : fd_div_t2.asm.obj (.text)
                  20006e82    00000002     --HOLE-- [fill = 0]
                  20006e84    00000120                           : _printfi.c.obj (.text:fcvt)
                  20006fa4    0000011c     pin_mux_config.obj (.text)
                  200070c0    00000114     rtsv7M4_T_le_eabi.lib : fputs.c.obj (.text:fputs)
                  200071d4    00000100                           : memory.c.obj (.text:aligned_alloc)
                  200072d4    000000fc                           : fd_mul_t2.asm.obj (.text)
                  200073d0    000000e4                           : memory.c.obj (.text:free)
                  200074b4    000000e4                           : memory.c.obj (.text:realloc)
                  20007598    000000dc                           : setvbuf.c.obj (.text:setvbuf)
                  20007674    000000d0                           : s_scalbn.c.obj (.text:scalbn)
                  20007744    000000b1                           : _printfi.c.obj (.text:_ltostr)
                  200077f5    00000003     --HOLE-- [fill = 0]
                  200077f8    000000a8     driverlib.a : interrupt.obj (.text:IntEnable)
                  200078a0    000000a0                 : spi.obj (.text:SPIConfigSetExpClk)
                  20007940    0000009c     rtsv7M4_T_le_eabi.lib : memcpy_t2.asm.obj (.text)
                  200079dc    00000096                           : ull_div_t2.asm.obj (.text)
                  20007a72    00000002     --HOLE-- [fill = 0]
                  20007a74    00000094     driverlib.a : prcm.obj (.text:PRCMPeripheralClockGet)
                  20007b08    0000008c     rtsv7M4_T_le_eabi.lib : fputc.c.obj (.text:fputc)
                  20007b94    00000088     driverlib.a : pin.obj (.text:PinConfigSet)
                  20007c1c    00000086     rtsv7M4_T_le_eabi.lib : fd_cmp_t2.asm.obj (.text:__aeabi_cdcmple)
                  20007ca2    00000086                           : fd_cmp_t2.asm.obj (.text:__aeabi_cdrcmple)
                  20007d28    00000084     driverlib.a : i2c.obj (.text:I2CMasterInitExpClk)
                  20007dac    0000007a     rtsv7M4_T_le_eabi.lib : memset_t2.asm.obj (.text)
                  20007e26    00000076     driverlib.a : uart.obj (.text:UARTConfigSetExpClk)
                  20007e9c    00000074     rtsv7M4_T_le_eabi.lib : fclose.c.obj (.text:__TI_closefile)
                  20007f10    00000070                           : memory.c.obj (.text:split)
                  20007f80    0000006e                           : _printfi.c.obj (.text:_mcpy)
                  20007fee    00000002     --HOLE-- [fill = 0]
                  20007ff0    0000006c                           : hostrename.c.obj (.text:HOSTrename)
                  2000805c    00000068                           : hostlseek.c.obj (.text:HOSTlseek)
                  200080c4    00000068                           : copy_decompress_lzss.c.obj (.text:decompress:lzss:__TI_decompress_lzss)
                  2000812c    00000068                           : printf.c.obj (.text:printf)
                  20008194    00000064                           : fseek.c.obj (.text:fseek)
                  200081f8    00000062                           : _io_perm.c.obj (.text:__TI_wrt_ok)
                  2000825a    00000002     --HOLE-- [fill = 0]
                  2000825c    00000060                           : hostopen.c.obj (.text:HOSTopen)
                  200082bc    0000005c                           : close.c.obj (.text:close)
                  20008318    0000005c                           : s_frexp.c.obj (.text:frexp)
                  20008374    00000058                           : hostread.c.obj (.text:HOSTread)
                  200083cc    00000058                           : hostwrite.c.obj (.text:HOSTwrite)
                  20008424    00000058     driverlib.a : prcm.obj (.text:PRCMPeripheralReset)
                  2000847c    00000056     rtsv7M4_T_le_eabi.lib : _printfi.c.obj (.text:_pconv_f)
                  200084d2    00000054                           : _ltoa.c.obj (.text:__TI_ltoa)
                  20008526    00000052                           : _printfi.c.obj (.text:_ecpy)
                  20008578    0000004c                           : fflush.c.obj (.text:__TI_doflush)
                  200085c4    0000004c                           : atoi.c.obj (.text:atoi)
                  20008610    00000048                           : exit.c.obj (.text:exit)
                  20008658    00000048                           : fd_toi_t2.asm.obj (.text)
                  200086a0    00000044                           : hostclose.c.obj (.text:HOSTclose)
                  200086e4    00000044                           : hostunlink.c.obj (.text:HOSTunlink)
                  20008728    00000044                           : autoinit.c.obj (.text:__TI_auto_init_nobinit_nopinit:__TI_auto_init_nobinit_nopinit)
                  2000876c    00000044                           : getdevice.c.obj (.text:getdevice)
                  200087b0    00000040     driverlib.a : pin.obj (.text:PinModeSet)
                  200087f0    00000040     rtsv7M4_T_le_eabi.lib : vsnprintf.c.obj (.text:vsnprintf)
                  20008830    0000003e                           : _printfi.c.obj (.text:_fcpy)
                  2000886e    00000002     --HOLE-- [fill = 0]
                  20008870    0000003c     driverlib.a : prcm.obj (.text:PRCMPeripheralClkEnable)
                  200088ac    00000038     rtsv7M4_T_le_eabi.lib : trgmsg.c.obj (.text:__TI_writemsg)
                  200088e4    00000036     driverlib.a : gpio.obj (.text:GPIODirModeSet)
                  2000891a    00000036     rtsv7M4_T_le_eabi.lib : strncpy.c.obj (.text:strncpy)
                  20008950    00000034                           : fopen.c.obj (.text:__TI_cleanup)
                  20008984    00000034                           : trgmsg.c.obj (.text:__TI_readmsg)
                  200089b8    00000034                           : rand.c.obj (.text:rand)
                  200089ec    00000030     driverlib.a : pin.obj (.text:PinTypeGPIO)
                  20008a1c    00000030                 : uart.obj (.text:UARTDisable)
                  20008a4c    00000030     rtsv7M4_T_le_eabi.lib : vsnprintf.c.obj (.text:_outs)
                  20008a7c    00000030                           : getdevice.c.obj (.text:finddevice)
                  20008aac    0000002e                           : i_tofd_t2.asm.obj (.text)
                  20008ada    0000002c     driverlib.a : i2c.obj (.text:I2CMasterErr)
                  20008b06    00000002     --HOLE-- [fill = 0]
                  20008b08    0000002c                 : prcm.obj (.text:PRCMSysResetCauseGet)
                  20008b34    0000002c     rtsv7M4_T_le_eabi.lib : unlink.c.obj (.text:unlink)
                  20008b60    00000028     driverlib.a : prcm.obj (.text:PRCMPeripheralClkDisable)
                  20008b88    00000028     rtsv7M4_T_le_eabi.lib : memory.c.obj (.text:free_list_insert)
                  20008bb0    00000028                           : lseek.c.obj (.text:lseek)
                  20008bd8    00000028                           : memmov.c.obj (.text:memmove)
                  20008c00    00000028                           : write.c.obj (.text:write)
                  20008c28    00000024     driverlib.a : uart.obj (.text:UARTEnable)
                  20008c4c    00000024     rtsv7M4_T_le_eabi.lib : boot_cortex_m.c.obj (.text:_c_int00_noargs:_c_int00_noargs)
                  20008c70    00000022     driverlib.a : i2c.obj (.text:I2CMasterSlaveAddrSet)
                  20008c92    00000022                 : spi.obj (.text:SPIReset)
                  20008cb4    00000020                 : gpio.obj (.text:GPIOPinWrite)
                  20008cd4    00000020                 : spi.obj (.text:SPIDataGet)
                  20008cf4    00000020     rtsv7M4_T_le_eabi.lib : memchr.c.obj (.text:memchr)
                  20008d14    0000001e     driverlib.a : i2c.obj (.text:I2CMasterIntStatusEx)
                  20008d32    0000001e                 : spi.obj (.text:SPIDataPut)
                  20008d50    0000001e                 : uart.obj (.text:UARTCharPut)
                  20008d6e    0000001c                 : pin.obj (.text:PinTypeI2C)
                  20008d8a    0000001c                 : uart.obj (.text:UARTCharGetNonBlocking)
                  20008da6    0000001c     rtsv7M4_T_le_eabi.lib : copy_zero_init.c.obj (.text:decompress:ZI:__TI_zero_init_nomemset:__TI_zero_init_nomemset)
                  20008dc2    00000002     --HOLE-- [fill = 0]
                  20008dc4    0000001c                           : memory.c.obj (.text:free_list_remove)
                  20008de0    0000001c                           : memccpy.c.obj (.text:memccpy)
                  20008dfc    0000001a     driverlib.a : pin.obj (.text:PinTypeSPI)
                  20008e16    00000018                 : i2c.obj (.text:I2CMasterIntEnableEx)
                  20008e2e    00000018                 : spi.obj (.text:SPICSDisable)
                  20008e46    00000018                 : spi.obj (.text:SPICSEnable)
                  20008e5e    00000018                 : spi.obj (.text:SPIEnable)
                  20008e76    00000018                 : uart.obj (.text:UARTCharsAvail)
                  20008e8e    00000018     rtsv7M4_T_le_eabi.lib : vsnprintf.c.obj (.text:_outc)
                  20008ea6    00000018                           : strcmp.c.obj (.text:strcmp)
                  20008ebe    00000016     driverlib.a : i2c.obj (.text:I2CMasterDataPut)
                  20008ed4    00000016                 : i2c.obj (.text:I2CMasterEnable)
                  20008eea    00000016                 : i2c.obj (.text:I2CMasterIntClear)
                  20008f00    00000016                 : prcm.obj (.text:PRCMHIBRegRead)
                  20008f16    00000016                 : prcm.obj (.text:PRCMHIBRegWrite)
                  20008f2c    00000016     rtsv7M4_T_le_eabi.lib : strchr.c.obj (.text:strchr)
                  20008f42    00000014     driverlib.a : cpu.obj (.text:CPUcpsie)
                  20008f56    00000002     --HOLE-- [fill = 0]
                  20008f58    00000014                 : interrupt.obj (.text:IntVTableBaseSet)
                  20008f6c    00000014     rtsv7M4_T_le_eabi.lib : strcpy.c.obj (.text:strcpy)
                  20008f80    00000014                           : strlen.c.obj (.text:strlen)
                  20008f94    00000012     driverlib.a : i2c.obj (.text:I2CMasterControl)
                  20008fa6    00000012                 : i2c.obj (.text:I2CMasterTimeoutSet)
                  20008fb8    00000012     rtsv7M4_T_le_eabi.lib : wcslen.c.obj (.text:wcslen)
                  20008fca    0000000e     driverlib.a : i2c.obj (.text:I2CMasterDataGet)
                  20008fd8    0000000e     rtsv7M4_T_le_eabi.lib : copy_decompress_none.c.obj (.text:decompress:none:__TI_decompress_none)
                  20008fe6    0000000e     startup_ccs.obj (.text)
                  20008ff4    0000000c     rtsv7M4_T_le_eabi.lib : s_copysign.c.obj (.text:copysign)
                  20009000    0000000a     driverlib.a : interrupt.obj (.text:IntMasterEnable)
                  2000900a    00000002     --HOLE-- [fill = 0]
                  2000900c    00000008     rtsv7M4_T_le_eabi.lib : errno.c.obj (.text:__aeabi_errno_addr)
                  20009014    00000008                           : memory.c.obj (.text:malloc)
                  2000901c    00000006     driverlib.a : utils.obj (.text:UtilsDelay)
                  20009022    00000004     rtsv7M4_T_le_eabi.lib : printf.c.obj (.text:_outc)
                  20009026    00000004                           : printf.c.obj (.text:_outs)
                  2000902a    00000004                           : pre_init.c.obj (.text:_system_pre_init)
                  2000902e    00000004                           : exit.c.obj (.text:abort:abort)

.const     0    20009034    000007bc     
                  20009034    000004fb     Adafruit_GFX.obj (.const:.string:font)
                  2000952f    00000101     rtsv7M4_T_le_eabi.lib : ctype.c.obj (.const:.string:_ctypes_)
                  20009630    00000100     driverlib.a : pin.obj (.const:g_ulPinToPadMap)
                  20009730    000000a8                 : prcm.obj (.const:PRCM_PeriphRegsList)
                  200097d8    00000018                 : interrupt.obj (.const:g_pulEnRegs)

.cinit     0    200097f0    000000a8     
                  200097f0    0000007d     (.cinit..data.load) [load image, compression = lzss]
                  2000986d    00000003     --HOLE-- [fill = 0]
                  20009870    0000000c     (__TI_handler_table)
                  2000987c    00000004     --HOLE-- [fill = 0]
                  20009880    00000008     (.cinit..bss.load) [load image, compression = zero_init]
                  20009888    00000010     (__TI_cinit_table)

.sysmem    0    20017000    00000800     UNINITIALIZED
                  20017000    00000010     rtsv7M4_T_le_eabi.lib : memory.c.obj (.sysmem)
                  20017010    000007f0     --HOLE--

.data      0    20017800    00000208     UNINITIALIZED
                  20017800    000000f0     rtsv7M4_T_le_eabi.lib : defs.c.obj (.data:_ftable)
                  200178f0    00000078                           : host_device.c.obj (.data:_device)
                  20017968    00000050                           : host_device.c.obj (.data:_stream)
                  200179b8    00000015     Adafruit_GFX.obj (.data)
                  200179cd    00000003     --HOLE--
                  200179d0    00000010     rtsv7M4_T_le_eabi.lib : defs.c.obj (.data)
                  200179e0    0000000c                           : exit.c.obj (.data:$O1$$)
                  200179ec    00000008                           : _lock.c.obj (.data:$O1$$)
                  200179f4    00000008                           : memory.c.obj (.data:$O1$$)
                  200179fc    00000004     main.obj (.data)
                  20017a00    00000004     rtsv7M4_T_le_eabi.lib : errno.c.obj (.data)
                  20017a04    00000004                           : rand.c.obj (.data)

.bss       0    20017a08    000001cc     UNINITIALIZED
                  20017a08    00000120     rtsv7M4_T_le_eabi.lib : trgmsg.c.obj (.bss:_CIOBUF_)
                  20017b28    000000a0     (.common:__TI_tmpnams)
                  20017bc8    00000008     (.common:parmbuf)
                  20017bd0    00000004     uart_if.obj (.bss)

.stack     0    2002f800    00000800     UNINITIALIZED
                  2002f800    00000004     rtsv7M4_T_le_eabi.lib : boot_cortex_m.c.obj (.stack)
                  2002f804    000007fc     --HOLE--

__llvm_prf_cnts 
*          0    20017000    00000000     UNINITIALIZED

MODULE SUMMARY

       Module                       code    ro data   rw data
       ------                       ----    -------   -------
    ./
       Adafruit_GFX.obj             2688    1275      21     
       Adafruit_OLED.obj            1190    0         0      
       startup_ccs.obj              14      1024      0      
       i2c_if.obj                   672     0         0      
       uart_if.obj                  636     0         4      
       main.obj                     536     0         4      
       pin_mux_config.obj           284     0         0      
    +--+----------------------------+-------+---------+---------+
       Total:                       6020    2299      29     
                                                             
    /Applications/TI/ccs/tools/compiler/ti-cgt-arm_20.2.7.LTS/lib/rtsv7M4_T_le_eabi.lib
       _printfi.c.obj               4835    0         0      
       memory.c.obj                 900     0         8      
       fd_add_t2.asm.obj            438     0         0      
       defs.c.obj                   0       0         416    
       trgmsg.c.obj                 108     0         288    
       fd_div_t2.asm.obj            310     0         0      
       fputs.c.obj                  276     0         0      
       fd_cmp_t2.asm.obj            268     0         0      
       ctype.c.obj                  0       257       0      
       fd_mul_t2.asm.obj            252     0         0      
       setvbuf.c.obj                220     0         0      
       s_scalbn.c.obj               208     0         0      
       host_device.c.obj            0       0         200    
       memcpy_t2.asm.obj            156     0         0      
       ull_div_t2.asm.obj           150     0         0      
       fputc.c.obj                  140     0         0      
       vsnprintf.c.obj              136     0         0      
       memset_t2.asm.obj            122     0         0      
       fclose.c.obj                 116     0         0      
       getdevice.c.obj              116     0         0      
       printf.c.obj                 112     0         0      
       hostrename.c.obj             108     0         0      
       copy_decompress_lzss.c.obj   104     0         0      
       hostlseek.c.obj              104     0         0      
       hostopen.c.obj               96      0         8      
       fseek.c.obj                  100     0         0      
       _io_perm.c.obj               98      0         0      
       close.c.obj                  92      0         0      
       s_frexp.c.obj                92      0         0      
       exit.c.obj                   76      0         12     
       hostread.c.obj               88      0         0      
       hostwrite.c.obj              88      0         0      
       _ltoa.c.obj                  84      0         0      
       atoi.c.obj                   76      0         0      
       fflush.c.obj                 76      0         0      
       fd_toi_t2.asm.obj            72      0         0      
       autoinit.c.obj               68      0         0      
       hostclose.c.obj              68      0         0      
       hostunlink.c.obj             68      0         0      
       rand.c.obj                   52      0         4      
       strncpy.c.obj                54      0         0      
       fopen.c.obj                  52      0         0      
       i_tofd_t2.asm.obj            46      0         0      
       unlink.c.obj                 44      0         0      
       lseek.c.obj                  40      0         0      
       memmov.c.obj                 40      0         0      
       write.c.obj                  40      0         0      
       boot_cortex_m.c.obj          36      0         0      
       memchr.c.obj                 32      0         0      
       copy_zero_init.c.obj         28      0         0      
       memccpy.c.obj                28      0         0      
       strcmp.c.obj                 24      0         0      
       strchr.c.obj                 22      0         0      
       strcpy.c.obj                 20      0         0      
       strlen.c.obj                 20      0         0      
       wcslen.c.obj                 18      0         0      
       copy_decompress_none.c.obj   14      0         0      
       errno.c.obj                  8       0         4      
       s_copysign.c.obj             12      0         0      
       _lock.c.obj                  2       0         8      
       pre_init.c.obj               4       0         0      
       div0.asm.obj                 2       0         0      
    +--+----------------------------+-------+---------+---------+
       Total:                       11059   257       948    
                                                             
    /Applications/TI/lib/cc3200sdk_1.5.0/cc3200-sdk/driverlib/ccs/Release/driverlib.a
       prcm.obj                     800     168       0      
       pin.obj                      302     256       0      
       i2c.obj                      380     0         0      
       spi.obj                      328     0         0      
       uart.obj                     284     0         0      
       interrupt.obj                198     24        0      
       gpio.obj                     86      0         0      
       cpu.obj                      20      0         0      
       utils.obj                    6       0         0      
    +--+----------------------------+-------+---------+---------+
       Total:                       2404    448       0      
                                                             
       Heap:                        0       0         2048   
       Stack:                       0       0         2048   
       Linker Generated:            0       161       0      
    +--+----------------------------+-------+---------+---------+
       Grand Total:                 19483   3165      5073   


LINKER GENERATED COPY TABLES

__TI_cinit_table @ 20009888 records: 2, size/record: 8, table size: 16
	.data: load addr=200097f0, load size=0000007d bytes, run addr=20017800, run size=00000208 bytes, compression=lzss
	.bss: load addr=20009880, load size=00000008 bytes, run addr=20017a08, run size=000001cc bytes, compression=zero_init


LINKER GENERATED HANDLER TABLE

__TI_handler_table @ 20009870 records: 3, size/record: 4, table size: 12
	index: 0, handler: __TI_decompress_lzss
	index: 1, handler: __TI_decompress_none
	index: 2, handler: __TI_zero_init


GLOBAL SYMBOLS: SORTED ALPHABETICALLY BY Name 

address   name                           
-------   ----                           
2000595d  Adafruit_Init                  
2000902f  C$$EXIT                        
200088db  C$$IO$$                        
20008f43  CPUcpsie                       
20006059  ClearTerm                      
20005ad3  Color565                       
200179fc  DELAY                          
20006063  Error                          
200088e5  GPIODirModeSet                 
20008cb5  GPIOPinWrite                   
2000609b  GetCmd                         
200086a1  HOSTclose                      
2000805d  HOSTlseek                      
2000825d  HOSTopen                       
20008375  HOSTread                       
20007ff1  HOSTrename                     
200086e5  HOSTunlink                     
200083cd  HOSTwrite                      
20008f95  I2CMasterControl               
20008fcb  I2CMasterDataGet               
20008ebf  I2CMasterDataPut               
20008ed5  I2CMasterEnable                
20008adb  I2CMasterErr                   
20007d29  I2CMasterInitExpClk            
20008eeb  I2CMasterIntClear              
20008e17  I2CMasterIntEnableEx           
20008d15  I2CMasterIntStatusEx           
20008c71  I2CMasterSlaveAddrSet          
20008fa7  I2CMasterTimeoutSet            
20006003  I2C_IF_Close                   
20005fa7  I2C_IF_Open                    
20005ea5  I2C_IF_Read                    
20005f61  I2C_IF_ReadFrom                
20005df5  I2C_IF_Write                   
20006019  InitTerm                       
200077f9  IntEnable                      
20009001  IntMasterEnable                
20008f59  IntVTableBaseSet               
20006037  Message                        
20004dab  Outstr                         
20006a99  PRCMCC3200MCUInit              
20008f01  PRCMHIBRegRead                 
20008f17  PRCMHIBRegWrite                
20008b61  PRCMPeripheralClkDisable       
20008871  PRCMPeripheralClkEnable        
20007a75  PRCMPeripheralClockGet         
20008425  PRCMPeripheralReset            
20008b09  PRCMSysResetCauseGet           
20007b95  PinConfigSet                   
200087b1  PinModeSet                     
20006fa5  PinMuxConfig                   
200089ed  PinTypeGPIO                    
20008d6f  PinTypeI2C                     
20008dfd  PinTypeSPI                     
200061d9  Report                         
20008fe7  ResetISR                       
20008e2f  SPICSDisable                   
20008e47  SPICSEnable                    
200078a1  SPIConfigSetExpClk             
20008cd5  SPIDataGet                     
20008d33  SPIDataPut                     
20008e5f  SPIEnable                      
20008c93  SPIReset                       
20006141  TrimSpace                      
20008d8b  UARTCharGetNonBlocking         
20008d51  UARTCharPut                    
20008e77  UARTCharsAvail                 
20007e27  UARTConfigSetExpClk            
20008a1d  UARTDisable                    
20008c29  UARTEnable                     
2000901d  UtilsDelay                     
20017a08  __CIOBUF_                      
20030000  __STACK_END                    
00000800  __STACK_SIZE                   
00000800  __SYSMEM_SIZE                  
20009888  __TI_CINIT_Base                
20009898  __TI_CINIT_Limit               
20009870  __TI_Handler_Table_Base        
2000987c  __TI_Handler_Table_Limit       
20008729  __TI_auto_init_nobinit_nopinit 
20008951  __TI_cleanup                   
200179e0  __TI_cleanup_ptr               
20007e9d  __TI_closefile                 
200080c5  __TI_decompress_lzss           
20008fd9  __TI_decompress_none           
20008579  __TI_doflush                   
200179e4  __TI_dtors_ptr                 
200179e8  __TI_enable_exit_profile_output
200179d0  __TI_ft_end                    
200084d3  __TI_ltoa                      
ffffffff  __TI_pprof_out_hndl            
20004e81  __TI_printfi                   
ffffffff  __TI_prof_data_size            
ffffffff  __TI_prof_data_start           
20008985  __TI_readmsg                   
200097f0  __TI_static_base__             
20017b28  __TI_tmpnams                   
200088ad  __TI_writemsg                  
200081f9  __TI_wrt_ok                    
20008da7  __TI_zero_init_nomemset        
20007c1d  __aeabi_cdcmpeq                
20007c1d  __aeabi_cdcmple                
20007ca3  __aeabi_cdrcmple               
20008659  __aeabi_d2iz                   
200068eb  __aeabi_dadd                   
20006d4d  __aeabi_ddiv                   
200072d5  __aeabi_dmul                   
200068e1  __aeabi_dsub                   
2000900d  __aeabi_errno_addr             
20008aad  __aeabi_i2d                    
20005d77  __aeabi_idiv0                  
20005d77  __aeabi_ldiv0                  
20007dad  __aeabi_memclr                 
20007dad  __aeabi_memclr4                
20007dad  __aeabi_memclr8                
20007941  __aeabi_memcpy                 
20007941  __aeabi_memcpy4                
20007941  __aeabi_memcpy8                
20007daf  __aeabi_memset                 
20007daf  __aeabi_memset4                
20007daf  __aeabi_memset8                
200179dc  __aeabi_stderr                 
200179d4  __aeabi_stdin                  
200179d8  __aeabi_stdout                 
200079dd  __aeabi_uldivmod               
ffffffff  __binit__                      
ffffffff  __c_args__                     
UNDEFED   __mpu_init                     
2002f800  __stack                        
20017000  __start___llvm_prf_cnts        
20017000  __stop___llvm_prf_cnts         
20008c4d  _c_int00_noargs                
2000952f  _ctypes_                       
200178f0  _device                        
20017800  _ftable                        
200179ec  _lock                          
200058cf  _nop                           
20017968  _stream                        
20017000  _sys_memory                    
UNDEFED   _system_post_cinit             
2000902b  _system_pre_init               
200179f0  _unlock                        
2000902f  abort                          
200071d5  aligned_alloc                  
200085c5  atoi                           
ffffffff  binit                          
200082bd  close                          
20008ff5  copysign                       
20008ff5  copysignl                      
200179b8  cursor_x                       
200179bc  cursor_y                       
20004c5f  drawChar                       
20004401  drawCircle                     
20004535  drawCircleHelper               
20005c81  drawFastHLine                  
20005be5  drawFastVLine                  
2000477b  drawLine                       
20005d1d  drawPixel                      
20004867  drawRect                       
200048b5  drawRoundRect                  
20004a1d  drawTriangle                   
20017a00  errno                          
20008611  exit                           
20004653  fillCircle                     
2000468d  fillCircleHelper               
20005b2b  fillRect                       
200049a3  fillRoundRect                  
20005b15  fillScreen                     
20004a5f  fillTriangle                   
20008a7d  finddevice                     
20007b09  fputc                          
200070c1  fputs                          
200073d1  free                           
20008319  frexp                          
20008319  frexpl                         
20008195  fseek                          
20004000  g_pfnVectors                   
2000876d  getdevice                      
20005a8f  goTo                           
20004e5f  height                         
20005d5b  invert                         
20007675  ldexp                          
20007675  ldexpl                         
20008bb1  lseek                          
200065e1  main                           
20009015  malloc                         
200071d5  memalign                       
20008de1  memccpy                        
20008cf5  memchr                         
20007941  memcpy                         
20008bd9  memmove                        
20007db5  memset                         
20017bc8  parmbuf                        
2000812d  printf                         
20007b09  putc                           
200089b9  rand                           
20006561  readReg                        
200074b5  realloc                        
20008b35  remove                         
20007675  scalbn                         
20007675  scalbnl                        
20004df7  setCursor                      
20004e2f  setTextColor                   
20004e0f  setTextSize                    
20004e47  setTextWrap                    
20007599  setvbuf                        
20008f2d  strchr                         
20008ea7  strcmp                         
20008f6d  strcpy                         
20008f81  strlen                         
2000891b  strncpy                        
200064fd  testChar                       
200179c8  textbgcolor                    
200179c4  textcolor                      
200179c0  textsize                       
20008b35  unlink                         
200087f1  vsnprintf                      
20008fb9  wcslen                         
20004e5b  width                          
200179cc  wrap                           
20008c01  write                          
200058d1  writeCommand                   
20005917  writeData                      


GLOBAL SYMBOLS: SORTED BY Symbol Address 

address   name                           
-------   ----                           
00000800  __STACK_SIZE                   
00000800  __SYSMEM_SIZE                  
20004000  g_pfnVectors                   
20004401  drawCircle                     
20004535  drawCircleHelper               
20004653  fillCircle                     
2000468d  fillCircleHelper               
2000477b  drawLine                       
20004867  drawRect                       
200048b5  drawRoundRect                  
200049a3  fillRoundRect                  
20004a1d  drawTriangle                   
20004a5f  fillTriangle                   
20004c5f  drawChar                       
20004dab  Outstr                         
20004df7  setCursor                      
20004e0f  setTextSize                    
20004e2f  setTextColor                   
20004e47  setTextWrap                    
20004e5b  width                          
20004e5f  height                         
20004e81  __TI_printfi                   
200058cf  _nop                           
200058d1  writeCommand                   
20005917  writeData                      
2000595d  Adafruit_Init                  
20005a8f  goTo                           
20005ad3  Color565                       
20005b15  fillScreen                     
20005b2b  fillRect                       
20005be5  drawFastVLine                  
20005c81  drawFastHLine                  
20005d1d  drawPixel                      
20005d5b  invert                         
20005d77  __aeabi_idiv0                  
20005d77  __aeabi_ldiv0                  
20005df5  I2C_IF_Write                   
20005ea5  I2C_IF_Read                    
20005f61  I2C_IF_ReadFrom                
20005fa7  I2C_IF_Open                    
20006003  I2C_IF_Close                   
20006019  InitTerm                       
20006037  Message                        
20006059  ClearTerm                      
20006063  Error                          
2000609b  GetCmd                         
20006141  TrimSpace                      
200061d9  Report                         
200064fd  testChar                       
20006561  readReg                        
200065e1  main                           
200068e1  __aeabi_dsub                   
200068eb  __aeabi_dadd                   
20006a99  PRCMCC3200MCUInit              
20006d4d  __aeabi_ddiv                   
20006fa5  PinMuxConfig                   
200070c1  fputs                          
200071d5  aligned_alloc                  
200071d5  memalign                       
200072d5  __aeabi_dmul                   
200073d1  free                           
200074b5  realloc                        
20007599  setvbuf                        
20007675  ldexp                          
20007675  ldexpl                         
20007675  scalbn                         
20007675  scalbnl                        
200077f9  IntEnable                      
200078a1  SPIConfigSetExpClk             
20007941  __aeabi_memcpy                 
20007941  __aeabi_memcpy4                
20007941  __aeabi_memcpy8                
20007941  memcpy                         
200079dd  __aeabi_uldivmod               
20007a75  PRCMPeripheralClockGet         
20007b09  fputc                          
20007b09  putc                           
20007b95  PinConfigSet                   
20007c1d  __aeabi_cdcmpeq                
20007c1d  __aeabi_cdcmple                
20007ca3  __aeabi_cdrcmple               
20007d29  I2CMasterInitExpClk            
20007dad  __aeabi_memclr                 
20007dad  __aeabi_memclr4                
20007dad  __aeabi_memclr8                
20007daf  __aeabi_memset                 
20007daf  __aeabi_memset4                
20007daf  __aeabi_memset8                
20007db5  memset                         
20007e27  UARTConfigSetExpClk            
20007e9d  __TI_closefile                 
20007ff1  HOSTrename                     
2000805d  HOSTlseek                      
200080c5  __TI_decompress_lzss           
2000812d  printf                         
20008195  fseek                          
200081f9  __TI_wrt_ok                    
2000825d  HOSTopen                       
200082bd  close                          
20008319  frexp                          
20008319  frexpl                         
20008375  HOSTread                       
200083cd  HOSTwrite                      
20008425  PRCMPeripheralReset            
200084d3  __TI_ltoa                      
20008579  __TI_doflush                   
200085c5  atoi                           
20008611  exit                           
20008659  __aeabi_d2iz                   
200086a1  HOSTclose                      
200086e5  HOSTunlink                     
20008729  __TI_auto_init_nobinit_nopinit 
2000876d  getdevice                      
200087b1  PinModeSet                     
200087f1  vsnprintf                      
20008871  PRCMPeripheralClkEnable        
200088ad  __TI_writemsg                  
200088db  C$$IO$$                        
200088e5  GPIODirModeSet                 
2000891b  strncpy                        
20008951  __TI_cleanup                   
20008985  __TI_readmsg                   
200089b9  rand                           
200089ed  PinTypeGPIO                    
20008a1d  UARTDisable                    
20008a7d  finddevice                     
20008aad  __aeabi_i2d                    
20008adb  I2CMasterErr                   
20008b09  PRCMSysResetCauseGet           
20008b35  remove                         
20008b35  unlink                         
20008b61  PRCMPeripheralClkDisable       
20008bb1  lseek                          
20008bd9  memmove                        
20008c01  write                          
20008c29  UARTEnable                     
20008c4d  _c_int00_noargs                
20008c71  I2CMasterSlaveAddrSet          
20008c93  SPIReset                       
20008cb5  GPIOPinWrite                   
20008cd5  SPIDataGet                     
20008cf5  memchr                         
20008d15  I2CMasterIntStatusEx           
20008d33  SPIDataPut                     
20008d51  UARTCharPut                    
20008d6f  PinTypeI2C                     
20008d8b  UARTCharGetNonBlocking         
20008da7  __TI_zero_init_nomemset        
20008de1  memccpy                        
20008dfd  PinTypeSPI                     
20008e17  I2CMasterIntEnableEx           
20008e2f  SPICSDisable                   
20008e47  SPICSEnable                    
20008e5f  SPIEnable                      
20008e77  UARTCharsAvail                 
20008ea7  strcmp                         
20008ebf  I2CMasterDataPut               
20008ed5  I2CMasterEnable                
20008eeb  I2CMasterIntClear              
20008f01  PRCMHIBRegRead                 
20008f17  PRCMHIBRegWrite                
20008f2d  strchr                         
20008f43  CPUcpsie                       
20008f59  IntVTableBaseSet               
20008f6d  strcpy                         
20008f81  strlen                         
20008f95  I2CMasterControl               
20008fa7  I2CMasterTimeoutSet            
20008fb9  wcslen                         
20008fcb  I2CMasterDataGet               
20008fd9  __TI_decompress_none           
20008fe7  ResetISR                       
20008ff5  copysign                       
20008ff5  copysignl                      
20009001  IntMasterEnable                
2000900d  __aeabi_errno_addr             
20009015  malloc                         
2000901d  UtilsDelay                     
2000902b  _system_pre_init               
2000902f  C$$EXIT                        
2000902f  abort                          
2000952f  _ctypes_                       
200097f0  __TI_static_base__             
20009870  __TI_Handler_Table_Base        
2000987c  __TI_Handler_Table_Limit       
20009888  __TI_CINIT_Base                
20009898  __TI_CINIT_Limit               
20017000  __start___llvm_prf_cnts        
20017000  __stop___llvm_prf_cnts         
20017000  _sys_memory                    
20017800  _ftable                        
200178f0  _device                        
20017968  _stream                        
200179b8  cursor_x                       
200179bc  cursor_y                       
200179c0  textsize                       
200179c4  textcolor                      
200179c8  textbgcolor                    
200179cc  wrap                           
200179d0  __TI_ft_end                    
200179d4  __aeabi_stdin                  
200179d8  __aeabi_stdout                 
200179dc  __aeabi_stderr                 
200179e0  __TI_cleanup_ptr               
200179e4  __TI_dtors_ptr                 
200179e8  __TI_enable_exit_profile_output
200179ec  _lock                          
200179f0  _unlock                        
200179fc  DELAY                          
20017a00  errno                          
20017a08  __CIOBUF_                      
20017b28  __TI_tmpnams                   
20017bc8  parmbuf                        
2002f800  __stack                        
20030000  __STACK_END                    
ffffffff  __TI_pprof_out_hndl            
ffffffff  __TI_prof_data_size            
ffffffff  __TI_prof_data_start           
ffffffff  __binit__                      
ffffffff  __c_args__                     
ffffffff  binit                          
UNDEFED   __mpu_init                     
UNDEFED   _system_post_cinit             

[223 symbols]
